Component: ARM Compiler 5.06 update 5 (build 528) Tool: armlink [4d35e2]

==============================================================================

Section Cross References

    startup_stm32f103xb.o(STACK) refers (Special) to heapauxi.o(.text) for __use_two_region_memory
    startup_stm32f103xb.o(HEAP) refers (Special) to heapauxi.o(.text) for __use_two_region_memory
    startup_stm32f103xb.o(RESET) refers (Special) to heapauxi.o(.text) for __use_two_region_memory
    startup_stm32f103xb.o(RESET) refers to startup_stm32f103xb.o(STACK) for __initial_sp
    startup_stm32f103xb.o(RESET) refers to startup_stm32f103xb.o(.text) for Reset_Handler
    startup_stm32f103xb.o(RESET) refers to stm32f1xx_it.o(i.NMI_Handler) for NMI_Handler
    startup_stm32f103xb.o(RESET) refers to stm32f1xx_it.o(i.HardFault_Handler) for HardFault_Handler
    startup_stm32f103xb.o(RESET) refers to stm32f1xx_it.o(i.MemManage_Handler) for MemManage_Handler
    startup_stm32f103xb.o(RESET) refers to stm32f1xx_it.o(i.BusFault_Handler) for BusFault_Handler
    startup_stm32f103xb.o(RESET) refers to stm32f1xx_it.o(i.UsageFault_Handler) for UsageFault_Handler
    startup_stm32f103xb.o(RESET) refers to stm32f1xx_it.o(i.SVC_Handler) for SVC_Handler
    startup_stm32f103xb.o(RESET) refers to stm32f1xx_it.o(i.DebugMon_Handler) for DebugMon_Handler
    startup_stm32f103xb.o(RESET) refers to stm32f1xx_it.o(i.PendSV_Handler) for PendSV_Handler
    startup_stm32f103xb.o(RESET) refers to stm32f1xx_it.o(i.SysTick_Handler) for SysTick_Handler
    startup_stm32f103xb.o(.text) refers (Special) to heapauxi.o(.text) for __use_two_region_memory
    startup_stm32f103xb.o(.text) refers to system_stm32f1xx.o(i.SystemInit) for SystemInit
    startup_stm32f103xb.o(.text) refers to __main.o(!!!main) for __main
    startup_stm32f103xb.o(.text) refers to startup_stm32f103xb.o(HEAP) for Heap_Mem
    startup_stm32f103xb.o(.text) refers to startup_stm32f103xb.o(STACK) for Stack_Mem
    main.o(i.SystemClock_Config) refers to rt_memclr_w.o(.text) for __aeabi_memclr4
    main.o(i.SystemClock_Config) refers to stm32f1xx_hal_rcc.o(i.HAL_RCC_OscConfig) for HAL_RCC_OscConfig
    main.o(i.SystemClock_Config) refers to stm32f1xx_hal_rcc.o(i.HAL_RCC_ClockConfig) for HAL_RCC_ClockConfig
    main.o(i.main) refers to stm32f1xx_hal.o(i.HAL_Init) for HAL_Init
    main.o(i.main) refers to oled.o(i.OLED_Init) for OLED_Init
    main.o(i.main) refers to mpu6050.o(i.MPU6050_Init) for MPU6050_Init
    main.o(i.main) refers to qmc5883p.o(i.QMC5883P_Init) for QMC5883P_Init
    main.o(i.main) refers to bmp280.o(i.BMP280_Init) for BMP280_Init
    main.o(i.main) refers to main.o(i.SystemClock_Config) for SystemClock_Config
    main.o(i.main) refers to gpio.o(i.MX_GPIO_Init) for MX_GPIO_Init
    main.o(i.main) refers to mpu6050.o(i.MPU6050_GetID) for MPU6050_GetID
    main.o(i.main) refers to oled.o(i.OLED_Printf) for OLED_Printf
    main.o(i.main) refers to qmc5883p.o(i.QMC5883P_GetID) for QMC5883P_GetID
    main.o(i.main) refers to bmp280.o(i.BMP280_GetID) for BMP280_GetID
    main.o(i.main) refers to oled.o(i.OLED_Update) for OLED_Update
    main.o(i.main) refers to delay.o(i.Delay_ms) for Delay_ms
    main.o(i.main) refers to mpu6050.o(i.MPU6050_GetData) for MPU6050_GetData
    main.o(i.main) refers to qmc5883p.o(i.QMC5883P_GetData) for QMC5883P_GetData
    main.o(i.main) refers to bmp280.o(i.BMP280_Get_Temperature) for BMP280_Get_Temperature
    main.o(i.main) refers to bmp280.o(i.BMP280_Get_Pressure) for BMP280_Get_Pressure
    main.o(i.main) refers to mpu6050.o(i.MPU6050_ReturnAY) for MPU6050_ReturnAY
    main.o(i.main) refers to f2d.o(x$fpl$f2d) for __aeabi_f2d
    main.o(i.main) refers to mpu6050.o(i.MPU6050_ReturnAX) for MPU6050_ReturnAX
    main.o(i.main) refers to mpu6050.o(i.MPU6050_ReturnGX) for MPU6050_ReturnGX
    main.o(i.main) refers to mpu6050.o(i.MPU6050_ReturnAZ) for MPU6050_ReturnAZ
    main.o(i.main) refers to mpu6050.o(i.MPU6050_ReturnGZ) for MPU6050_ReturnGZ
    main.o(i.main) refers to mpu6050.o(i.MPU6050_ReturnGY) for MPU6050_ReturnGY
    main.o(i.main) refers to qmc5883p.o(i.QMC5883P_ReturnMY) for QMC5883P_ReturnMY
    main.o(i.main) refers to qmc5883p.o(i.QMC5883P_ReturnMX) for QMC5883P_ReturnMX
    main.o(i.main) refers to qmc5883p.o(i.QMC5883P_ReturnMZ) for QMC5883P_ReturnMZ
    gpio.o(i.MX_GPIO_Init) refers to stm32f1xx_hal_gpio.o(i.HAL_GPIO_WritePin) for HAL_GPIO_WritePin
    gpio.o(i.MX_GPIO_Init) refers to stm32f1xx_hal_gpio.o(i.HAL_GPIO_Init) for HAL_GPIO_Init
    stm32f1xx_it.o(i.SysTick_Handler) refers to stm32f1xx_hal.o(i.HAL_IncTick) for HAL_IncTick
    stm32f1xx_hal.o(i.HAL_DeInit) refers to stm32f1xx_hal.o(i.HAL_MspDeInit) for HAL_MspDeInit
    stm32f1xx_hal.o(i.HAL_Delay) refers to stm32f1xx_hal.o(i.HAL_GetTick) for HAL_GetTick
    stm32f1xx_hal.o(i.HAL_Delay) refers to stm32f1xx_hal.o(.data) for .data
    stm32f1xx_hal.o(i.HAL_GetTick) refers to stm32f1xx_hal.o(.data) for .data
[...]
    i.HAL_NVIC_SetPriorityGrouping           0x080020d4   Section        0  stm32f1xx_hal_cortex.o(i.HAL_NVIC_SetPriorityGrouping)
    i.HAL_RCC_ClockConfig                    0x080020f8   Section        0  stm32f1xx_hal_rcc.o(i.HAL_RCC_ClockConfig)
    i.HAL_RCC_GetSysClockFreq                0x08002224   Section        0  stm32f1xx_hal_rcc.o(i.HAL_RCC_GetSysClockFreq)
    i.HAL_RCC_OscConfig                      0x08002270   Section        0  stm32f1xx_hal_rcc.o(i.HAL_RCC_OscConfig)
    i.HAL_SYSTICK_Config                     0x08002590   Section        0  stm32f1xx_hal_cortex.o(i.HAL_SYSTICK_Config)
    i.HardFault_Handler                      0x080025b8   Section        0  stm32f1xx_it.o(i.HardFault_Handler)
    i.MPU6050_GetData                        0x080025bc   Section        0  mpu6050.o(i.MPU6050_GetData)
    i.MPU6050_GetID                          0x080026e8   Section        0  mpu6050.o(i.MPU6050_GetID)
    i.MPU6050_Init                           0x080026ee   Section        0  mpu6050.o(i.MPU6050_Init)
    i.MPU6050_ReadReg                        0x08002728   Section        0  mpu6050.o(i.MPU6050_ReadReg)
    i.MPU6050_ReturnAX                       0x08002768   Section        0  mpu6050.o(i.MPU6050_ReturnAX)
    i.MPU6050_ReturnAY                       0x08002774   Section        0  mpu6050.o(i.MPU6050_ReturnAY)
    i.MPU6050_ReturnAZ                       0x08002780   Section        0  mpu6050.o(i.MPU6050_ReturnAZ)
    i.MPU6050_ReturnGX                       0x0800278c   Section        0  mpu6050.o(i.MPU6050_ReturnGX)
    i.MPU6050_ReturnGY                       0x08002798   Section        0  mpu6050.o(i.MPU6050_ReturnGY)
    i.MPU6050_ReturnGZ                       0x080027a4   Section        0  mpu6050.o(i.MPU6050_ReturnGZ)
    i.MPU6050_WriteReg                       0x080027b0   Section        0  mpu6050.o(i.MPU6050_WriteReg)
    i.MX_GPIO_Init                           0x080027e0   Section        0  gpio.o(i.MX_GPIO_Init)
    i.MemManage_Handler                      0x08002854   Section        0  stm32f1xx_it.o(i.MemManage_Handler)
    i.MyI2C_End                              0x08002856   Section        0  myi2c.o(i.MyI2C_End)
    i.MyI2C_Init                             0x0800286e   Section        0  myi2c.o(i.MyI2C_Init)
    i.MyI2C_R_SDA                            0x08002880   Section        0  myi2c.o(i.MyI2C_R_SDA)
    i.MyI2C_RecieveACK                       0x0800289c   Section        0  myi2c.o(i.MyI2C_RecieveACK)
    i.MyI2C_RecieveByte                      0x080028c0   Section        0  myi2c.o(i.MyI2C_RecieveByte)
    i.MyI2C_SendACK                          0x080028f4   Section        0  myi2c.o(i.MyI2C_SendACK)
    i.MyI2C_SendByte                         0x0800290a   Section        0  myi2c.o(i.MyI2C_SendByte)
    i.MyI2C_Start                            0x08002936   Section        0  myi2c.o(i.MyI2C_Start)
    i.MyI2C_W_SCL                            0x08002954   Section        0  myi2c.o(i.MyI2C_W_SCL)
    i.MyI2C_W_SDA                            0x08002970   Section        0  myi2c.o(i.MyI2C_W_SDA)
    i.NMI_Handler                            0x0800298c   Section        0  stm32f1xx_it.o(i.NMI_Handler)
    i.OLED_Clear                             0x08002990   Section        0  oled.o(i.OLED_Clear)
    i.OLED_ClearArea                         0x080029b8   Section        0  oled.o(i.OLED_ClearArea)
    i.OLED_GPIO_Init                         0x08002a14   Section        0  oled.o(i.OLED_GPIO_Init)
    i.OLED_I2C_SendByte                      0x08002a3e   Section        0  oled.o(i.OLED_I2C_SendByte)
    i.OLED_I2C_Start                         0x08002a78   Section        0  oled.o(i.OLED_I2C_Start)
    i.OLED_I2C_Stop                          0x08002a96   Section        0  oled.o(i.OLED_I2C_Stop)
    i.OLED_Init                              0x08002aae   Section        0  oled.o(i.OLED_Init)
    i.OLED_Printf                            0x08002b4a   Section        0  oled.o(i.OLED_Printf)
    i.OLED_SetCursor                         0x08002b74   Section        0  oled.o(i.OLED_SetCursor)
    i.OLED_ShowChar                          0x08002b98   Section        0  oled.o(i.OLED_ShowChar)
    i.OLED_ShowImage                         0x08002bd4   Section        0  oled.o(i.OLED_ShowImage)
    i.OLED_ShowString                        0x08002c90   Section        0  oled.o(i.OLED_ShowString)
    i.OLED_Update                            0x08002dfc   Section        0  oled.o(i.OLED_Update)
    i.OLED_W_SCL                             0x08002e24   Section        0  oled.o(i.OLED_W_SCL)
    i.OLED_W_SDA                             0x08002e34   Section        0  oled.o(i.OLED_W_SDA)
    i.OLED_WriteCommand                      0x08002e44   Section        0  oled.o(i.OLED_WriteCommand)
    i.OLED_WriteData                         0x08002e66   Section        0  oled.o(i.OLED_WriteData)
    i.PendSV_Handler                         0x08002e96   Section        0  stm32f1xx_it.o(i.PendSV_Handler)
    i.QMC5883P_GetData                       0x08002e98   Section        0  qmc5883p.o(i.QMC5883P_GetData)
    i.QMC5883P_GetID                         0x08002ef8   Section        0  qmc5883p.o(i.QMC5883P_GetID)
    i.QMC5883P_Init                          0x08002efe   Section        0  qmc5883p.o(i.QMC5883P_Init)
    i.QMC5883P_ReadReg                       0x08002f18   Section        0  qmc5883p.o(i.QMC5883P_ReadReg)
    i.QMC5883P_ReturnMX                      0x08002f58   Section        0  qmc5883p.o(i.QMC5883P_ReturnMX)
    i.QMC5883P_ReturnMY                      0x08002f6c   Section        0  qmc5883p.o(i.QMC5883P_ReturnMY)
    i.QMC5883P_ReturnMZ                      0x08002f80   Section        0  qmc5883p.o(i.QMC5883P_ReturnMZ)
    i.QMC5883P_WriteReg                      0x08002f94   Section        0  qmc5883p.o(i.QMC5883P_WriteReg)
    i.SVC_Handler                            0x08002fc4   Section        0  stm32f1xx_it.o(i.SVC_Handler)
    i.SysTick_Handler                        0x08002fc6   Section        0  stm32f1xx_it.o(i.SysTick_Handler)
    i.SystemClock_Config                     0x08002fca   Section        0  main.o(i.SystemClock_Config)
    i.SystemInit                             0x08003028   Section        0  system_stm32f1xx.o(i.SystemInit)
    i.UsageFault_Handler                     0x0800302a   Section        0  stm32f1xx_it.o(i.UsageFault_Handler)
    i.__ARM_fpclassify                       0x0800302c   Section        0  fpclassify.o(i.__ARM_fpclassify)
    i.__NVIC_SetPriority                     0x08003054   Section        0  stm32f1xx_hal_cortex.o(i.__NVIC_SetPriority)
    __NVIC_SetPriority                       0x08003055   Thumb Code    32  stm32f1xx_hal_cortex.o(i.__NVIC_SetPriority)
    i._is_digit                              0x08003074   Section        0  __printf_wp.o(i._is_digit)
    i.bmp280_compensate_P_double             0x08003084   Section        0  bmp280.o(i.bmp280_compensate_P_double)
    i.bmp280_compensate_T_double             0x0800326c   Section        0  bmp280.o(i.bmp280_compensate_T_double)
    i.main                                   0x08003338   Section        0  main.o(i.main)
    locale$$code                             0x080034d8   Section       44  lc_numeric_c.o(locale$$code)
    locale$$code                             0x08003504   Section       44  lc_ctype_c.o(locale$$code)
    x$fpl$d2f                                0x08003530   Section       98  d2f.o(x$fpl$d2f)
    x$fpl$dadd                               0x08003594   Section      336  daddsub_clz.o(x$fpl$dadd)
    _dadd1                                   0x080035a5   Thumb Code     0  daddsub_clz.o(x$fpl$dadd)
    x$fpl$dcheck1                            0x080036e4   Section       16  dcheck1.o(x$fpl$dcheck1)
    x$fpl$dcmpinf                            0x080036f4   Section       24  dcmpi.o(x$fpl$dcmpinf)
    x$fpl$ddiv                               0x0800370c   Section      688  ddiv.o(x$fpl$ddiv)
    ddiv_entry                               0x08003713   Thumb Code     0  ddiv.o(x$fpl$ddiv)
    x$fpl$deqf                               0x080039bc   Section      120  deqf.o(x$fpl$deqf)
    x$fpl$dfix                               0x08003a34   Section       94  dfix.o(x$fpl$dfix)
    x$fpl$dflt                               0x08003a92   Section       46  dflt_clz.o(x$fpl$dflt)
    x$fpl$dfltu                              0x08003ac0   Section       38  dflt_clz.o(x$fpl$dfltu)
    x$fpl$dmul                               0x08003ae8   Section      340  dmul.o(x$fpl$dmul)
    x$fpl$dnaninf                            0x08003c3c   Section      156  dnaninf.o(x$fpl$dnaninf)
    x$fpl$dretinf                            0x08003cd8   Section       12  dretinf.o(x$fpl$dretinf)
    x$fpl$drsb                               0x08003ce4   Section       22  daddsub_clz.o(x$fpl$drsb)
    x$fpl$dsub                               0x08003cfc   Section      468  daddsub_clz.o(x$fpl$dsub)
    _dsub1                                   0x08003d0d   Thumb Code     0  daddsub_clz.o(x$fpl$dsub)
    x$fpl$f2d                                0x08003ed0   Section       86  f2d.o(x$fpl$f2d)
    x$fpl$ffix                               0x08003f28   Section       54  ffix.o(x$fpl$ffix)
    x$fpl$fflt                               0x08003f60   Section       48  fflt_clz.o(x$fpl$fflt)
    x$fpl$fnaninf                            0x08003f90   Section      140  fnaninf.o(x$fpl$fnaninf)
    x$fpl$fretinf                            0x0800401c   Section       10  fretinf.o(x$fpl$fretinf)
    x$fpl$printf1                            0x08004026   Section        4  printf1.o(x$fpl$printf1)
    x$fpl$printf2                            0x0800402a   Section        4  printf2.o(x$fpl$printf2)
    x$fpl$retnan                             0x0800402e   Section      100  retnan.o(x$fpl$retnan)
    x$fpl$scalbn                             0x08004092   Section       92  scalbn.o(x$fpl$scalbn)
    x$fpl$trapveneer                         0x080040ee   Section       48  trapv.o(x$fpl$trapveneer)
    .constdata                               0x0800411e   Section       18  stm32f1xx_hal_rcc.o(.constdata)
    x$fpl$usenofp                            0x0800411e   Section        0  usenofp.o(x$fpl$usenofp)
    aPredivFactorTable                       0x0800411e   Data           2  stm32f1xx_hal_rcc.o(.constdata)
    aPLLMULFactorTable                       0x08004120   Data          16  stm32f1xx_hal_rcc.o(.constdata)
    .constdata                               0x08004130   Section       16  system_stm32f1xx.o(.constdata)
    .constdata                               0x08004140   Section     1520  oled_data.o(.constdata)
    .constdata                               0x08004730   Section      570  oled_data.o(.constdata)
    .constdata                               0x0800496a   Section      259  oled_data.o(.constdata)
    .constdata                               0x08004a70   Section        8  _printf_wctomb.o(.constdata)
    initial_mbstate                          0x08004a70   Data           8  _printf_wctomb.o(.constdata)
    .constdata                               0x08004a78   Section       40  _printf_hex_int_ll_ptr.o(.constdata)
    uc_hextab                                0x08004a78   Data          20  _printf_hex_int_ll_ptr.o(.constdata)
    lc_hextab                                0x08004a8c   Data          20  _printf_hex_int_ll_ptr.o(.constdata)
    .constdata                               0x08004aa0   Section       17  __printf_flags_ss_wp.o(.constdata)
    maptable                                 0x08004aa0   Data          17  __printf_flags_ss_wp.o(.constdata)
    .constdata                               0x08004ab1   Section       38  _printf_fp_hex.o(.constdata)
    lc_hextab                                0x08004ab1   Data          19  _printf_fp_hex.o(.constdata)
    uc_hextab                                0x08004ac4   Data          19  _printf_fp_hex.o(.constdata)
    .constdata                               0x08004ad8   Section      148  bigflt0.o(.constdata)
    tenpwrs_x                                0x08004ad8   Data          60  bigflt0.o(.constdata)
    tenpwrs_i                                0x08004b14   Data          64  bigflt0.o(.constdata)
    locale$$data                             0x08004b8c   Section       28  lc_numeric_c.o(locale$$data)
    __lcnum_c_name                           0x08004b90   Data           2  lc_numeric_c.o(locale$$data)
    __lcnum_c_start                          0x08004b98   Data           0  lc_numeric_c.o(locale$$data)
    __lcnum_c_point                          0x08004ba4   Data           0  lc_numeric_c.o(locale$$data)
    __lcnum_c_thousands                      0x08004ba6   Data           0  lc_numeric_c.o(locale$$data)
    __lcnum_c_grouping                       0x08004ba7   Data           0  lc_numeric_c.o(locale$$data)
    locale$$data                             0x08004ba8   Section      272  lc_ctype_c.o(locale$$data)
    __lcnum_c_end                            0x08004ba8   Data           0  lc_numeric_c.o(locale$$data)
    __lcctype_c_name                         0x08004bac   Data           2  lc_ctype_c.o(locale$$data)
    __lcctype_c_start                        0x08004bb4   Data           0  lc_ctype_c.o(locale$$data)
    __lcctype_c_end                          0x08004cb8   Data           0  lc_ctype_c.o(locale$$data)
    .data                                    0x20000000   Section       12  stm32f1xx_hal.o(.data)
    .data                                    0x2000000c   Section        4  system_stm32f1xx.o(.data)
    .data                                    0x20000010   Section       36  mpu6050.o(.data)
    .data                                    0x20000034   Section        8  bmp280.o(.data)
    .data                                    0x2000003c   Section       12  qmc5883p.o(.data)
    .bss                                     0x20000048   Section     1024  oled.o(.bss)
    .bss                                     0x20000448   Section       24  bmp280.o(.bss)
    .bss                                     0x20000460   Section       96  libspace.o(.bss)
    HEAP                                     0x200004c0   Section      512  startup_stm32f103xb.o(HEAP)
    Heap_Mem                                 0x200004c0   Data         512  startup_stm32f103xb.o(HEAP)
    STACK                                    0x200006c0   Section     1024  startup_stm32f103xb.o(STACK)
    Stack_Mem                                0x200006c0   Data        1024  startup_stm32f103xb.o(STACK)
    __initial_sp                             0x20000ac0   Data           0  startup_stm32f103xb.o(STACK)

    Global Symbols

    Symbol Name                              Value     Ov Type        Size  Object(Section)

    BuildAttributes$$THM_ISAv4$P$D$K$B$S$PE$A:L22UL41UL21$X:L11$S22US41US21$IEEE1$IW$USESV6$~STKCKD$USESV7$~SHL$OTIME$ROPI$IEEEX$EBA8$UX$STANDARDLIB$REQ8$PRES8$EABIv2 0x00000000   Number         0  anon$$obj.o ABSOLUTE
    __ARM_use_no_argv                        0x00000000   Number         0  main.o ABSOLUTE
    _printf_flags                            0x00000000   Number         0  printf_stubs.o ABSOLUTE
    _printf_return_value                     0x00000000   Number         0  printf_stubs.o ABSOLUTE
    _printf_sizespec                         0x00000000   Number         0  printf_stubs.o ABSOLUTE
    _printf_widthprec                        0x00000000   Number         0  printf_stubs.o ABSOLUTE
    __ARM_exceptions_init                     - Undefined Weak Reference
    __alloca_initialize                       - Undefined Weak Reference
    __arm_preinit_                            - Undefined Weak Reference
    __cpp_initialize__aeabi_                  - Undefined Weak Reference
    __cxa_finalize                            - Undefined Weak Reference
    __sigvec_lookup                           - Undefined Weak Reference
    _atexit_init                              - Undefined Weak Reference
    _call_atexit_fns                          - Undefined Weak Reference
    _clock_init                               - Undefined Weak Reference
    _fp_trap_init                             - Undefined Weak Reference
    _fp_trap_shutdown                         - Undefined Weak Reference
    _get_lc_collate                           - Undefined Weak Reference
    _get_lc_monetary                          - Undefined Weak Reference
    _get_lc_time                              - Undefined Weak Reference
    _getenv_init                              - Undefined Weak Reference
    _handle_redirection                       - Undefined Weak Reference
    _init_alloc                               - Undefined Weak Reference
    _init_user_alloc                          - Undefined Weak Reference
    _initio                                   - Undefined Weak Reference
    _printf_mbtowc                            - Undefined Weak Reference
    _printf_wc                                - Undefined Weak Reference
    _rand_init                                - Undefined Weak Reference
    _signal_finish                            - Undefined Weak Reference
    _signal_init                              - Undefined Weak Reference
    _terminate_alloc                          - Undefined Weak Reference
    _terminate_user_alloc                     - Undefined Weak Reference
    _terminateio                              - Undefined Weak Reference
    __Vectors_Size                           0x000000ec   Number         0  startup_stm32f103xb.o ABSOLUTE
    __Vectors                                0x08000000   Data           4  startup_stm32f103xb.o(RESET)
    __Vectors_End                            0x080000ec   Data           0  startup_stm32f103xb.o(RESET)
    __main                                   0x080000ed   Thumb Code     8  __main.o(!!!main)
    __scatterload                            0x080000f5   Thumb Code     0  __scatter.o(!!!scatter)
    __scatterload_rt2                        0x080000f5   Thumb Code    44  __scatter.o(!!!scatter)
    __scatterload_rt2_thumb_only             0x080000f5   Thumb Code     0  __scatter.o(!!!scatter)
    __scatterload_null                       0x08000103   Thumb Code     0  __scatter.o(!!!scatter)
    __scatterload_copy                       0x08000129   Thumb Code    26  __scatter_copy.o(!!handler_copy)
    __scatterload_zeroinit                   0x08000145   Thumb Code    28  __scatter_zi.o(!!handler_zi)
    _printf_n                                0x08000161   Thumb Code     0  _printf_n.o(.ARM.Collect$$_printf_percent$$00000001)
    _printf_percent                          0x08000161   Thumb Code     0  _printf_percent.o(.ARM.Collect$$_printf_percent$$00000000)
    _printf_p                                0x08000167   Thumb Code     0  _printf_p.o(.ARM.Collect$$_printf_percent$$00000002)
    _printf_f                                0x0800016d   Thumb Code     0  _printf_f.o(.ARM.Collect$$_printf_percent$$00000003)
    _printf_e                                0x08000173   Thumb Code     0  _printf_e.o(.ARM.Collect$$_printf_percent$$00000004)
    _printf_g                                0x08000179   Thumb Code     0  _printf_g.o(.ARM.Collect$$_printf_percent$$00000005)
    _printf_a                                0x0800017f   Thumb Code     0  _printf_a.o(.ARM.Collect$$_printf_percent$$00000006)
    _printf_ll                               0x08000185   Thumb Code     0  _printf_ll.o(.ARM.Collect$$_printf_percent$$00000007)
    _printf_i                                0x0800018f   Thumb Code     0  _printf_i.o(.ARM.Collect$$_printf_percent$$00000008)
    _printf_d                                0x08000195   Thumb Code     0  _printf_d.o(.ARM.Collect$$_printf_percent$$00000009)
    _printf_u                                0x0800019b   Thumb Code     0  _printf_u.o(.ARM.Collect$$_printf_percent$$0000000A)
    _printf_o                                0x080001a1   Thumb Code     0  _printf_o.o(.ARM.Collect$$_printf_percent$$0000000B)
    _printf_x                                0x080001a7   Thumb Code     0  _printf_x.o(.ARM.Collect$$_printf_percent$$0000000C)
    _printf_lli                              0x080001ad   Thumb Code     0  _printf_lli.o(.ARM.Collect$$_printf_percent$$0000000D)
    _printf_lld                              0x080001b3   Thumb Code     0  _printf_lld.o(.ARM.Collect$$_printf_percent$$0000000E)
    _printf_llu                              0x080001b9   Thumb Code     0  _printf_llu.o(.ARM.Collect$$_printf_percent$$0000000F)
    _printf_llo                              0x080001bf   Thumb Code     0  _printf_llo.o(.ARM.Collect$$_printf_percent$$00000010)
    _printf_llx                              0x080001c5   Thumb Code     0  _printf_llx.o(.ARM.Collect$$_printf_percent$$00000011)
    _printf_l                                0x080001cb   Thumb Code     0  _printf_l.o(.ARM.Collect$$_printf_percent$$00000012)
    _printf_c                                0x080001d5   Thumb Code     0  _printf_c.o(.ARM.Collect$$_printf_percent$$00000013)
    _printf_s                                0x080001db   Thumb Code     0  _printf_s.o(.ARM.Collect$$_printf_percent$$00000014)
    _printf_lc                               0x080001e1   Thumb Code     0  _printf_lc.o(.ARM.Collect$$_printf_percent$$00000015)
    _printf_ls                               0x080001e7   Thumb Code     0  _printf_ls.o(.ARM.Collect$$_printf_percent$$00000016)
    _printf_percent_end                      0x080001ed   Thumb Code     0  _printf_percent_end.o(.ARM.Collect$$_printf_percent$$00000017)
    __rt_lib_init                            0x080001f1   Thumb Code     0  libinit.o(.ARM.Collect$$libinit$$00000000)
    __rt_lib_init_fp_1                       0x080001f3   Thumb Code     0  libinit2.o(.ARM.Collect$$libinit$$00000002)
    __rt_lib_init_heap_1                     0x080001f3   Thumb Code     0  libinit2.o(.ARM.Collect$$libinit$$0000000A)
    __rt_lib_init_lc_common                  0x080001f3   Thumb Code     0  libinit2.o(.ARM.Collect$$libinit$$0000000F)
    __rt_lib_init_preinit_1                  0x080001f3   Thumb Code     0  libinit2.o(.ARM.Collect$$libinit$$00000004)
    __rt_lib_init_rand_1                     0x080001f3   Thumb Code     0  libinit2.o(.ARM.Collect$$libinit$$0000000E)
    __rt_lib_init_user_alloc_1               0x080001f3   Thumb Code     0  libinit2.o(.ARM.Collect$$libinit$$0000000C)
    __rt_lib_init_lc_collate_1               0x080001f9   Thumb Code     0  libinit2.o(.ARM.Collect$$libinit$$00000011)
    __rt_lib_init_lc_ctype_2                 0x080001f9   Thumb Code     0  libinit2.o(.ARM.Collect$$libinit$$00000012)
    __rt_lib_init_lc_ctype_1                 0x08000205   Thumb Code     0  libinit2.o(.ARM.Collect$$libinit$$00000013)
    __rt_lib_init_lc_monetary_1              0x08000205   Thumb Code     0  libinit2.o(.ARM.Collect$$libinit$$00000015)
    __rt_lib_init_lc_numeric_2               0x08000205   Thumb Code     0  libinit2.o(.ARM.Collect$$libinit$$00000016)
    __rt_lib_init_alloca_1                   0x0800020f   Thumb Code     0  libinit2.o(.ARM.Collect$$libinit$$0000002E)
    __rt_lib_init_argv_1                     0x0800020f   Thumb Code     0  libinit2.o(.ARM.Collect$$libinit$$0000002C)
    __rt_lib_init_atexit_1                   0x0800020f   Thumb Code     0  libinit2.o(.ARM.Collect$$libinit$$0000001B)
    __rt_lib_init_clock_1                    0x0800020f   Thumb Code     0  libinit2.o(.ARM.Collect$$libinit$$00000021)
    __rt_lib_init_cpp_1                      0x0800020f   Thumb Code     0  libinit2.o(.ARM.Collect$$libinit$$00000032)
    __rt_lib_init_exceptions_1               0x0800020f   Thumb Code     0  libinit2.o(.ARM.Collect$$libinit$$00000030)
    __rt_lib_init_fp_trap_1                  0x0800020f   Thumb Code     0  libinit2.o(.ARM.Collect$$libinit$$0000001F)
    __rt_lib_init_getenv_1                   0x0800020f   Thumb Code     0  libinit2.o(.ARM.Collect$$libinit$$00000023)
    __rt_lib_init_lc_numeric_1               0x0800020f   Thumb Code     0  libinit2.o(.ARM.Collect$$libinit$$00000017)
    __rt_lib_init_lc_time_1                  0x0800020f   Thumb Code     0  libinit2.o(.ARM.Collect$$libinit$$00000019)
    __rt_lib_init_return                     0x0800020f   Thumb Code     0  libinit2.o(.ARM.Collect$$libinit$$00000033)
    __rt_lib_init_signal_1                   0x0800020f   Thumb Code     0  libinit2.o(.ARM.Collect$$libinit$$0000001D)
    __rt_lib_init_stdio_1                    0x0800020f   Thumb Code     0  libinit2.o(.ARM.Collect$$libinit$$00000025)
    __rt_lib_shutdown                        0x08000211   Thumb Code     0  libshutdown.o(.ARM.Collect$$libshutdown$$00000000)
    __rt_lib_shutdown_cpp_1                  0x08000213   Thumb Code     0  libshutdown2.o(.ARM.Collect$$libshutdown$$00000002)
    __rt_lib_shutdown_fp_trap_1              0x08000213   Thumb Code     0  libshutdown2.o(.ARM.Collect$$libshutdown$$00000007)
    __rt_lib_shutdown_heap_1                 0x08000213   Thumb Code     0  libshutdown2.o(.ARM.Collect$$libshutdown$$0000000F)
    __rt_lib_shutdown_return                 0x08000213   Thumb Code     0  libshutdown2.o(.ARM.Collect$$libshutdown$$00000010)
    __rt_lib_shutdown_signal_1               0x08000213   Thumb Code     0  libshutdown2.o(.ARM.Collect$$libshutdown$$0000000A)
    __rt_lib_shutdown_stdio_1                0x08000213   Thumb Code     0  libshutdown2.o(.ARM.Collect$$libshutdown$$00000004)
    __rt_lib_shutdown_user_alloc_1           0x08000213   Thumb Code     0  libshutdown2.o(.ARM.Collect$$libshutdown$$0000000C)
    __rt_entry                               0x08000215   Thumb Code     0  __rtentry.o(.ARM.Collect$$rtentry$$00000000)
    __rt_entry_presh_1                       0x08000215   Thumb Code     0  __rtentry2.o(.ARM.Collect$$rtentry$$00000002)
    __rt_entry_sh                            0x08000215   Thumb Code     0  __rtentry4.o(.ARM.Collect$$rtentry$$00000004)
    __rt_entry_li                            0x0800021b   Thumb Code     0  __rtentry2.o(.ARM.Collect$$rtentry$$0000000A)
    __rt_entry_postsh_1                      0x0800021b   Thumb Code     0  __rtentry2.o(.ARM.Collect$$rtentry$$00000009)
    __rt_entry_main                          0x0800021f   Thumb Code     0  __rtentry2.o(.ARM.Collect$$rtentry$$0000000D)
    __rt_entry_postli_1                      0x0800021f   Thumb Code     0  __rtentry2.o(.ARM.Collect$$rtentry$$0000000C)
    __rt_exit                                0x08000227   Thumb Code     0  rtexit.o(.ARM.Collect$$rtexit$$00000000)
    __rt_exit_ls                             0x08000229   Thumb Code     0  rtexit2.o(.ARM.Collect$$rtexit$$00000003)
    __rt_exit_prels_1                        0x08000229   Thumb Code     0  rtexit2.o(.ARM.Collect$$rtexit$$00000002)
    __rt_exit_exit                           0x0800022d   Thumb Code     0  rtexit2.o(.ARM.Collect$$rtexit$$00000004)
    Reset_Handler                            0x08000235   Thumb Code     8  startup_stm32f103xb.o(.text)
    ADC1_2_IRQHandler                        0x0800024f   Thumb Code     0  startup_stm32f103xb.o(.text)
    CAN1_RX1_IRQHandler                      0x0800024f   Thumb Code     0  startup_stm32f103xb.o(.text)
    CAN1_SCE_IRQHandler                      0x0800024f   Thumb Code     0  startup_stm32f103xb.o(.text)
    DMA1_Channel1_IRQHandler                 0x0800024f   Thumb Code     0  startup_stm32f103xb.o(.text)
    DMA1_Channel2_IRQHandler                 0x0800024f   Thumb Code     0  startup_stm32f103xb.o(.text)
    DMA1_Channel3_IRQHandler                 0x0800024f   Thumb Code     0  startup_stm32f103xb.o(.text)
    DMA1_Channel4_IRQHandler                 0x0800024f   Thumb Code     0  startup_stm32f103xb.o(.text)
    DMA1_Channel5_IRQHandler                 0x0800024f   Thumb Code     0  startup_stm32f103xb.o(.text)
    DMA1_Channel6_IRQHandler                 0x0800024f   Thumb Code     0  startup_stm32f103xb.o(.text)
    DMA1_Channel7_IRQHandler                 0x0800024f   Thumb Code     0  startup_stm32f103xb.o(.text)
    EXTI0_IRQHandler                         0x0800024f   Thumb Code     0  startup_stm32f103xb.o(.text)
    EXTI15_10_IRQHandler                     0x0800024f   Thumb Code     0  startup_stm32f103xb.o(.text)
    EXTI1_IRQHandler                         0x0800024f   Thumb Code     0  startup_stm32f103xb.o(.text)
    EXTI2_IRQHandler                         0x0800024f   Thumb Code     0  startup_stm32f103xb.o(.text)
    EXTI3_IRQHandler                         0x0800024f   Thumb Code     0  startup_stm32f103xb.o(.text)
    EXTI4_IRQHandler                         0x0800024f   Thumb Code     0  startup_stm32f103xb.o(.text)
    EXTI9_5_IRQHandler                       0x0800024f   Thumb Code     0  startup_stm32f103xb.o(.text)
    FLASH_IRQHandler                         0x0800024f   Thumb Code     0  startup_stm32f103xb.o(.text)
    I2C1_ER_IRQHandler                       0x0800024f   Thumb Code     0  startup_stm32f103xb.o(.text)
    I2C1_EV_IRQHandler                       0x0800024f   Thumb Code     0  startup_stm32f103xb.o(.text)
    I2C2_ER_IRQHandler                       0x0800024f   Thumb Code     0  startup_stm32f103xb.o(.text)
    I2C2_EV_IRQHandler                       0x0800024f   Thumb Code     0  startup_stm32f103xb.o(.text)
    PVD_IRQHandler                           0x0800024f   Thumb Code     0  startup_stm32f103xb.o(.text)
    RCC_IRQHandler                           0x0800024f   Thumb Code     0  startup_stm32f103xb.o(.text)
    RTC_Alarm_IRQHandler                     0x0800024f   Thumb Code     0  startup_stm32f103xb.o(.text)
    RTC_IRQHandler                           0x0800024f   Thumb Code     0  startup_stm32f103xb.o(.text)
    SPI1_IRQHandler                          0x0800024f   Thumb Code     0  startup_stm32f103xb.o(.text)
    SPI2_IRQHandler                          0x0800024f   Thumb Code     0  startup_stm32f103xb.o(.text)
    TAMPER_IRQHandler                        0x0800024f   Thumb Code     0  startup_stm32f103xb.o(.text)
    TIM1_BRK_IRQHandler                      0x0800024f   Thumb Code     0  startup_stm32f103xb.o(.text)
    TIM1_CC_IRQHandler                       0x0800024f   Thumb Code     0  startup_stm32f103xb.o(.text)
    TIM1_TRG_COM_IRQHandler                  0x0800024f   Thumb Code     0  startup_stm32f103xb.o(.text)
    TIM1_UP_IRQHandler                       0x0800024f   Thumb Code     0  startup_stm32f103xb.o(.text)
    TIM2_IRQHandler                          0x0800024f   Thumb Code     0  startup_stm32f103xb.o(.text)
    TIM3_IRQHandler                          0x0800024f   Thumb Code     0  startup_stm32f103xb.o(.text)
    TIM4_IRQHandler                          0x0800024f   Thumb Code     0  startup_stm32f103xb.o(.text)
    USART1_IRQHandler                        0x0800024f   Thumb Code     0  startup_stm32f103xb.o(.text)
    USART2_IRQHandler                        0x0800024f   Thumb Code     0  startup_stm32f103xb.o(.text)
    USART3_IRQHandler                        0x0800024f   Thumb Code     0  startup_stm32f103xb.o(.text)
    USBWakeUp_IRQHandler                     0x0800024f   Thumb Code     0  startup_stm32f103xb.o(.text)
    USB_HP_CAN1_TX_IRQHandler                0x0800024f   Thumb Code     0  startup_stm32f103xb.o(.text)
    USB_LP_CAN1_RX0_IRQHandler               0x0800024f   Thumb Code     0  startup_stm32f103xb.o(.text)
    WWDG_IRQHandler                          0x0800024f   Thumb Code     0  startup_stm32f103xb.o(.text)
    __user_initial_stackheap                 0x08000251   Thumb Code     0  startup_stm32f103xb.o(.text)
    vsprintf                                 0x08000275   Thumb Code    32  vsprintf.o(.text)
    __aeabi_memclr4                          0x08000299   Thumb Code     0  rt_memclr_w.o(.text)
    __aeabi_memclr8                          0x08000299   Thumb Code     0  rt_memclr_w.o(.text)
    __rt_memclr_w                            0x08000299   Thumb Code    78  rt_memclr_w.o(.text)
    _memset_w                                0x0800029d   Thumb Code     0  rt_memclr_w.o(.text)
    strcmp                                   0x080002e9   Thumb Code   128  strcmpv7m.o(.text)
    __use_two_region_memory                  0x08000369   Thumb Code     2  heapauxi.o(.text)
    __rt_heap_escrow$2region                 0x0800036b   Thumb Code     2  heapauxi.o(.text)
    __rt_heap_expand$2region                 0x0800036d   Thumb Code     2  heapauxi.o(.text)
    _printf_pre_padding                      0x0800036f   Thumb Code    44  _printf_pad.o(.text)
    _printf_post_padding                     0x0800039b   Thumb Code    34  _printf_pad.o(.text)
    _printf_truncate_signed                  0x080003bd   Thumb Code    18  _printf_truncate.o(.text)
    _printf_truncate_unsigned                0x080003cf   Thumb Code    18  _printf_truncate.o(.text)
    _printf_str                              0x080003e1   Thumb Code    82  _printf_str.o(.text)
    _printf_int_dec                          0x08000435   Thumb Code   104  _printf_dec.o(.text)
    _printf_charcount                        0x080004ad   Thumb Code    40  _printf_charcount.o(.text)
    _printf_char_common                      0x080004df   Thumb Code    32  _printf_char_common.o(.text)
    _sputc                                   0x08000505   Thumb Code    10  _sputc.o(.text)
    _printf_wctomb                           0x08000511   Thumb Code   182  _printf_wctomb.o(.text)
    _printf_longlong_dec                     0x080005cd   Thumb Code   108  _printf_longlong_dec.o(.text)
    _printf_longlong_oct                     0x08000649   Thumb Code    66  _printf_oct_int_ll.o(.text)
    _printf_int_oct                          0x0800068b   Thumb Code    24  _printf_oct_int_ll.o(.text)
    _printf_ll_oct                           0x080006a3   Thumb Code    12  _printf_oct_int_ll.o(.text)
    _printf_longlong_hex                     0x080006b9   Thumb Code    86  _printf_hex_int_ll_ptr.o(.text)
    _printf_int_hex                          0x0800070f   Thumb Code    28  _printf_hex_int_ll_ptr.o(.text)
    _printf_ll_hex                           0x0800072b   Thumb Code    12  _printf_hex_int_ll_ptr.o(.text)
    _printf_hex_ptr                          0x08000737   Thumb Code    18  _printf_hex_int_ll_ptr.o(.text)
    __printf                                 0x0800074d   Thumb Code   388  __printf_flags_ss_wp.o(.text)
    _ll_udiv10                               0x080008d5   Thumb Code   138  lludiv10.o(.text)
    _printf_int_common                       0x0800095f   Thumb Code   178  _printf_intcommon.o(.text)
    __lib_sel_fp_printf                      0x08000a11   Thumb Code     2  _printf_fp_dec.o(.text)
    _printf_fp_dec_real                      0x08000bc3   Thumb Code   620  _printf_fp_dec.o(.text)
    _printf_fp_hex_real                      0x08000e31   Thumb Code   756  _printf_fp_hex.o(.text)
    _printf_cs_common                        0x0800112d   Thumb Code    20  _printf_char.o(.text)
    _printf_char                             0x08001141   Thumb Code    16  _printf_char.o(.text)
    _printf_string                           0x08001151   Thumb Code     8  _printf_char.o(.text)
    _printf_lcs_common                       0x08001159   Thumb Code    20  _printf_wchar.o(.text)
    _printf_wchar                            0x0800116d   Thumb Code    16  _printf_wchar.o(.text)
    _printf_wstring                          0x0800117d   Thumb Code     8  _printf_wchar.o(.text)
    _wcrtomb                                 0x08001185   Thumb Code    64  _wcrtomb.o(.text)
    __user_libspace                          0x080011c5   Thumb Code     8  libspace.o(.text)
    __user_perproc_libspace                  0x080011c5   Thumb Code     0  libspace.o(.text)
    __user_perthread_libspace                0x080011c5   Thumb Code     0  libspace.o(.text)
    __user_setup_stackheap                   0x080011cd   Thumb Code    74  sys_stackheap_outer.o(.text)
    __rt_ctype_table                         0x08001219   Thumb Code    16  rt_ctype_table.o(.text)
    __rt_locale                              0x08001229   Thumb Code     8  rt_locale_intlibspace.o(.text)
    _printf_fp_infnan                        0x08001231   Thumb Code   112  _printf_fp_infnan.o(.text)
    _btod_etento                             0x080012b1   Thumb Code   224  bigflt0.o(.text)
    exit                                     0x08001395   Thumb Code    18  exit.o(.text)
    _sys_exit                                0x080013a9   Thumb Code     8  sys_exit.o(.text)
    __I$use$semihosting                      0x080013b5   Thumb Code     0  use_no_semi.o(.text)
    __use_no_semihosting_swi                 0x080013b5   Thumb Code     2  use_no_semi.o(.text)
    __semihosting_library_function           0x080013b7   Thumb Code     0  indicate_semi.o(.text)
    _btod_d2e                                0x080013b7   Thumb Code    62  btod.o(CL$$btod_d2e)
    _d2e_denorm_low                          0x080013f5   Thumb Code    70  btod.o(CL$$btod_d2e_denorm_low)
    _d2e_norm_op1                            0x0800143b   Thumb Code    96  btod.o(CL$$btod_d2e_norm_op1)
    __btod_div_common                        0x0800149b   Thumb Code   696  btod.o(CL$$btod_div_common)
    _e2e                                     0x080017d3   Thumb Code   220  btod.o(CL$$btod_e2e)
    _btod_ediv                               0x080018af   Thumb Code    42  btod.o(CL$$btod_ediv)
    _btod_emul                               0x080018d9   Thumb Code    42  btod.o(CL$$btod_emul)
    __btod_mult_common                       0x08001903   Thumb Code   580  btod.o(CL$$btod_mult_common)
    BMP280_GetID                             0x08001b47   Thumb Code     6  bmp280.o(i.BMP280_GetID)
    BMP280_Get_Pressure                      0x08001b4d   Thumb Code    42  bmp280.o(i.BMP280_Get_Pressure)
    BMP280_Get_Temperature                   0x08001b77   Thumb Code    42  bmp280.o(i.BMP280_Get_Temperature)
    BMP280_Init                              0x08001ba1   Thumb Code   326  bmp280.o(i.BMP280_Init)
    BMP280_ReadReg                           0x08001ced   Thumb Code    80  bmp280.o(i.BMP280_ReadReg)
    BMP280_Set_Standby_FILTER                0x08001d3d   Thumb Code    22  bmp280.o(i.BMP280_Set_Standby_FILTER)
    BMP280_Set_TemOversamp                   0x08001d53   Thumb Code    22  bmp280.o(i.BMP280_Set_TemOversamp)
    BMP280_WriteReg                          0x08001d69   Thumb Code    64  bmp280.o(i.BMP280_WriteReg)
    BusFault_Handler                         0x08001da9   Thumb Code     2  stm32f1xx_it.o(i.BusFault_Handler)
    DebugMon_Handler                         0x08001dab   Thumb Code     2  stm32f1xx_it.o(i.DebugMon_Handler)
    Delay_ms                                 0x08001dad   Thumb Code    22  delay.o(i.Delay_ms)
    Delay_us                                 0x08001dc3   Thumb Code    32  delay.o(i.Delay_us)
    HAL_GPIO_Init                            0x08001de5   Thumb Code   446  stm32f1xx_hal_gpio.o(i.HAL_GPIO_Init)
    HAL_GPIO_ReadPin                         0x08001fc5   Thumb Code    10  stm32f1xx_hal_gpio.o(i.HAL_GPIO_ReadPin)
    HAL_GPIO_WritePin                        0x08001fcf   Thumb Code    10  stm32f1xx_hal_gpio.o(i.HAL_GPIO_WritePin)
    HAL_GetTick                              0x08001fd9   Thumb Code     6  stm32f1xx_hal.o(i.HAL_GetTick)
    HAL_IncTick                              0x08001fe5   Thumb Code    12  stm32f1xx_hal.o(i.HAL_IncTick)
    HAL_Init                                 0x08001ff5   Thumb Code    32  stm32f1xx_hal.o(i.HAL_Init)
    HAL_InitTick                             0x08002019   Thumb Code    54  stm32f1xx_hal.o(i.HAL_InitTick)
    HAL_MspInit                              0x08002059   Thumb Code    52  stm32f1xx_hal_msp.o(i.HAL_MspInit)
    HAL_NVIC_SetPriority                     0x08002095   Thumb Code    60  stm32f1xx_hal_cortex.o(i.HAL_NVIC_SetPriority)
    HAL_NVIC_SetPriorityGrouping             0x080020d5   Thumb Code    26  stm32f1xx_hal_cortex.o(i.HAL_NVIC_SetPriorityGrouping)
    HAL_RCC_ClockConfig                      0x080020f9   Thumb Code   280  stm32f1xx_hal_rcc.o(i.HAL_RCC_ClockConfig)
    HAL_RCC_GetSysClockFreq                  0x08002225   Thumb Code    58  stm32f1xx_hal_rcc.o(i.HAL_RCC_GetSysClockFreq)
    HAL_RCC_OscConfig                        0x08002271   Thumb Code   778  stm32f1xx_hal_rcc.o(i.HAL_RCC_OscConfig)
    HAL_SYSTICK_Config                       0x08002591   Thumb Code    40  stm32f1xx_hal_cortex.o(i.HAL_SYSTICK_Config)
    HardFault_Handler                        0x080025b9   Thumb Code     2  stm32f1xx_it.o(i.HardFault_Handler)
    MPU6050_GetData                          0x080025bd   Thumb Code   290  mpu6050.o(i.MPU6050_GetData)
    MPU6050_GetID                            0x080026e9   Thumb Code     6  mpu6050.o(i.MPU6050_GetID)
    MPU6050_Init                             0x080026ef   Thumb Code    58  mpu6050.o(i.MPU6050_Init)
    MPU6050_ReadReg                          0x08002729   Thumb Code    62  mpu6050.o(i.MPU6050_ReadReg)
    MPU6050_ReturnAX                         0x08002769   Thumb Code     6  mpu6050.o(i.MPU6050_ReturnAX)
    MPU6050_ReturnAY                         0x08002775   Thumb Code     6  mpu6050.o(i.MPU6050_ReturnAY)
    MPU6050_ReturnAZ                         0x08002781   Thumb Code     6  mpu6050.o(i.MPU6050_ReturnAZ)
    MPU6050_ReturnGX                         0x0800278d   Thumb Code     6  mpu6050.o(i.MPU6050_ReturnGX)
    MPU6050_ReturnGY                         0x08002799   Thumb Code     6  mpu6050.o(i.MPU6050_ReturnGY)
    MPU6050_ReturnGZ                         0x080027a5   Thumb Code     6  mpu6050.o(i.MPU6050_ReturnGZ)
    MPU6050_WriteReg                         0x080027b1   Thumb Code    48  mpu6050.o(i.MPU6050_WriteReg)
    MX_GPIO_Init                             0x080027e1   Thumb Code   106  gpio.o(i.MX_GPIO_Init)
    MemManage_Handler                        0x08002855   Thumb Code     2  stm32f1xx_it.o(i.MemManage_Handler)
    MyI2C_End                                0x08002857   Thumb Code    24  myi2c.o(i.MyI2C_End)
    MyI2C_Init                               0x0800286f   Thumb Code    18  myi2c.o(i.MyI2C_Init)
    MyI2C_R_SDA                              0x08002881   Thumb Code    22  myi2c.o(i.MyI2C_R_SDA)
    MyI2C_RecieveACK                         0x0800289d   Thumb Code    36  myi2c.o(i.MyI2C_RecieveACK)
    MyI2C_RecieveByte                        0x080028c1   Thumb Code    52  myi2c.o(i.MyI2C_RecieveByte)
    MyI2C_SendACK                            0x080028f5   Thumb Code    22  myi2c.o(i.MyI2C_SendACK)
    MyI2C_SendByte                           0x0800290b   Thumb Code    44  myi2c.o(i.MyI2C_SendByte)
    MyI2C_Start                              0x08002937   Thumb Code    30  myi2c.o(i.MyI2C_Start)
    MyI2C_W_SCL                              0x08002955   Thumb Code    24  myi2c.o(i.MyI2C_W_SCL)
    MyI2C_W_SDA                              0x08002971   Thumb Code    24  myi2c.o(i.MyI2C_W_SDA)
    NMI_Handler                              0x0800298d   Thumb Code     2  stm32f1xx_it.o(i.NMI_Handler)
    OLED_Clear                               0x08002991   Thumb Code    34  oled.o(i.OLED_Clear)
    OLED_ClearArea                           0x080029b9   Thumb Code    86  oled.o(i.OLED_ClearArea)
    OLED_GPIO_Init                           0x08002a15   Thumb Code    42  oled.o(i.OLED_GPIO_Init)
    OLED_I2C_SendByte                        0x08002a3f   Thumb Code    58  oled.o(i.OLED_I2C_SendByte)
    OLED_I2C_Start                           0x08002a79   Thumb Code    30  oled.o(i.OLED_I2C_Start)
    OLED_I2C_Stop                            0x08002a97   Thumb Code    24  oled.o(i.OLED_I2C_Stop)
    OLED_Init                                0x08002aaf   Thumb Code   156  oled.o(i.OLED_Init)
    OLED_Printf                              0x08002b4b   Thumb Code    42  oled.o(i.OLED_Printf)
    OLED_SetCursor                           0x08002b75   Thumb Code    34  oled.o(i.OLED_SetCursor)
    OLED_ShowChar                            0x08002b99   Thumb Code    52  oled.o(i.OLED_ShowChar)
    OLED_ShowImage                           0x08002bd5   Thumb Code   182  oled.o(i.OLED_ShowImage)
    OLED_ShowString                          0x08002c91   Thumb Code   356  oled.o(i.OLED_ShowString)
    OLED_Update                              0x08002dfd   Thumb Code    34  oled.o(i.OLED_Update)
    OLED_W_SCL                               0x08002e25   Thumb Code    12  oled.o(i.OLED_W_SCL)
    OLED_W_SDA                               0x08002e35   Thumb Code    12  oled.o(i.OLED_W_SDA)
    OLED_WriteCommand                        0x08002e45   Thumb Code    34  oled.o(i.OLED_WriteCommand)
    OLED_WriteData                           0x08002e67   Thumb Code    48  oled.o(i.OLED_WriteData)
    PendSV_Handler                           0x08002e97   Thumb Code     2  stm32f1xx_it.o(i.PendSV_Handler)
    QMC5883P_GetData                         0x08002e99   Thumb Code    90  qmc5883p.o(i.QMC5883P_GetData)
    QMC5883P_GetID                           0x08002ef9   Thumb Code     6  qmc5883p.o(i.QMC5883P_GetID)
    QMC5883P_Init                            0x08002eff   Thumb Code    26  qmc5883p.o(i.QMC5883P_Init)
    QMC5883P_ReadReg                         0x08002f19   Thumb Code    62  qmc5883p.o(i.QMC5883P_ReadReg)
    QMC5883P_ReturnMX                        0x08002f59   Thumb Code    14  qmc5883p.o(i.QMC5883P_ReturnMX)
    QMC5883P_ReturnMY                        0x08002f6d   Thumb Code    14  qmc5883p.o(i.QMC5883P_ReturnMY)
    QMC5883P_ReturnMZ                        0x08002f81   Thumb Code    14  qmc5883p.o(i.QMC5883P_ReturnMZ)
    QMC5883P_WriteReg                        0x08002f95   Thumb Code    48  qmc5883p.o(i.QMC5883P_WriteReg)
    SVC_Handler                              0x08002fc5   Thumb Code     2  stm32f1xx_it.o(i.SVC_Handler)
    SysTick_Handler                          0x08002fc7   Thumb Code     4  stm32f1xx_it.o(i.SysTick_Handler)
    SystemClock_Config                       0x08002fcb   Thumb Code    94  main.o(i.SystemClock_Config)
    SystemInit                               0x08003029   Thumb Code     2  system_stm32f1xx.o(i.SystemInit)
    UsageFault_Handler                       0x0800302b   Thumb Code     2  stm32f1xx_it.o(i.UsageFault_Handler)
    __ARM_fpclassify                         0x0800302d   Thumb Code    40  fpclassify.o(i.__ARM_fpclassify)
    _is_digit                                0x08003075   Thumb Code    14  __printf_wp.o(i._is_digit)
    bmp280_compensate_P_double               0x08003085   Thumb Code   466  bmp280.o(i.bmp280_compensate_P_double)
    bmp280_compensate_T_double               0x0800326d   Thumb Code   196  bmp280.o(i.bmp280_compensate_T_double)
    main                                     0x08003339   Thumb Code   312  main.o(i.main)
    _get_lc_numeric                          0x080034d9   Thumb Code    44  lc_numeric_c.o(locale$$code)
    _get_lc_ctype                            0x08003505   Thumb Code    44  lc_ctype_c.o(locale$$code)
    __aeabi_d2f                              0x08003531   Thumb Code     0  d2f.o(x$fpl$d2f)
    _d2f                                     0x08003531   Thumb Code    98  d2f.o(x$fpl$d2f)
    __aeabi_dadd                             0x08003595   Thumb Code     0  daddsub_clz.o(x$fpl$dadd)
    _dadd                                    0x08003595   Thumb Code   332  daddsub_clz.o(x$fpl$dadd)
    __fpl_dcheck_NaN1                        0x080036e5   Thumb Code    10  dcheck1.o(x$fpl$dcheck1)
    __fpl_dcmp_Inf                           0x080036f5   Thumb Code    24  dcmpi.o(x$fpl$dcmpinf)
    __aeabi_ddiv                             0x0800370d   Thumb Code     0  ddiv.o(x$fpl$ddiv)
    _ddiv                                    0x0800370d   Thumb Code   552  ddiv.o(x$fpl$ddiv)
    __aeabi_cdcmpeq                          0x080039bd   Thumb Code     0  deqf.o(x$fpl$deqf)
    _dcmpeq                                  0x080039bd   Thumb Code   120  deqf.o(x$fpl$deqf)
    __aeabi_d2iz                             0x08003a35   Thumb Code     0  dfix.o(x$fpl$dfix)
    _dfix                                    0x08003a35   Thumb Code    94  dfix.o(x$fpl$dfix)
    __aeabi_i2d                              0x08003a93   Thumb Code     0  dflt_clz.o(x$fpl$dflt)
    _dflt                                    0x08003a93   Thumb Code    46  dflt_clz.o(x$fpl$dflt)
    __aeabi_ui2d                             0x08003ac1   Thumb Code     0  dflt_clz.o(x$fpl$dfltu)
    _dfltu                                   0x08003ac1   Thumb Code    38  dflt_clz.o(x$fpl$dfltu)
    __aeabi_dmul                             0x08003ae9   Thumb Code     0  dmul.o(x$fpl$dmul)
    _dmul                                    0x08003ae9   Thumb Code   332  dmul.o(x$fpl$dmul)
    __fpl_dnaninf                            0x08003c3d   Thumb Code   156  dnaninf.o(x$fpl$dnaninf)
    __fpl_dretinf                            0x08003cd9   Thumb Code    12  dretinf.o(x$fpl$dretinf)
    __aeabi_drsub                            0x08003ce5   Thumb Code     0  daddsub_clz.o(x$fpl$drsb)
    _drsb                                    0x08003ce5   Thumb Code    22  daddsub_clz.o(x$fpl$drsb)
    __aeabi_dsub                             0x08003cfd   Thumb Code     0  daddsub_clz.o(x$fpl$dsub)
    _dsub                                    0x08003cfd   Thumb Code   464  daddsub_clz.o(x$fpl$dsub)
    __aeabi_f2d                              0x08003ed1   Thumb Code     0  f2d.o(x$fpl$f2d)
    _f2d                                     0x08003ed1   Thumb Code    86  f2d.o(x$fpl$f2d)
    __aeabi_f2iz                             0x08003f29   Thumb Code     0  ffix.o(x$fpl$ffix)
    _ffix                                    0x08003f29   Thumb Code    54  ffix.o(x$fpl$ffix)
    __aeabi_i2f                              0x08003f61   Thumb Code     0  fflt_clz.o(x$fpl$fflt)
    _fflt                                    0x08003f61   Thumb Code    48  fflt_clz.o(x$fpl$fflt)
    __fpl_fnaninf                            0x08003f91   Thumb Code   140  fnaninf.o(x$fpl$fnaninf)
    __fpl_fretinf                            0x0800401d   Thumb Code    10  fretinf.o(x$fpl$fretinf)
    _printf_fp_dec                           0x08004027   Thumb Code     4  printf1.o(x$fpl$printf1)
    _printf_fp_hex                           0x0800402b   Thumb Code     4  printf2.o(x$fpl$printf2)
    __fpl_return_NaN                         0x0800402f   Thumb Code   100  retnan.o(x$fpl$retnan)
    __ARM_scalbn                             0x08004093   Thumb Code    92  scalbn.o(x$fpl$scalbn)
    __fpl_cmpreturn                          0x080040ef   Thumb Code    48  trapv.o(x$fpl$trapveneer)
    __I$use$fp                               0x0800411e   Number         0  usenofp.o(x$fpl$usenofp)
    AHBPrescTable                            0x08004130   Data          16  system_stm32f1xx.o(.constdata)
    OLED_F8x16                               0x08004140   Data        1520  oled_data.o(.constdata)
    OLED_F6x8                                0x08004730   Data         570  oled_data.o(.constdata)
    OLED_CF16x16                             0x0800496a   Data         259  oled_data.o(.constdata)
    Region$$Table$$Base                      0x08004b6c   Number         0  anon$$obj.o(Region$$Table)
    Region$$Table$$Limit                     0x08004b8c   Number         0  anon$$obj.o(Region$$Table)
    __ctype                                  0x08004bb5   Data           0  lc_ctype_c.o(locale$$data)
    uwTickFreq                               0x20000000   Data           1  stm32f1xx_hal.o(.data)
    uwTickPrio                               0x20000004   Data           4  stm32f1xx_hal.o(.data)
    uwTick                                   0x20000008   Data           4  stm32f1xx_hal.o(.data)
    SystemCoreClock                          0x2000000c   Data           4  system_stm32f1xx.o(.data)
    AX                                       0x20000010   Data           4  mpu6050.o(.data)
    AY                                       0x20000014   Data           4  mpu6050.o(.data)
    AZ                                       0x20000018   Data           4  mpu6050.o(.data)
    GX                                       0x2000001c   Data           4  mpu6050.o(.data)
    GY                                       0x20000020   Data           4  mpu6050.o(.data)
    GZ                                       0x20000024   Data           4  mpu6050.o(.data)
    Yaw                                      0x20000028   Data           4  mpu6050.o(.data)
    Pitch                                    0x2000002c   Data           4  mpu6050.o(.data)
    Roll                                     0x20000030   Data           4  mpu6050.o(.data)
    bmp280                                   0x20000034   Data           4  bmp280.o(.data)
    t_fine                                   0x20000038   Data           4  bmp280.o(.data)
    MX                                       0x2000003c   Data           4  qmc5883p.o(.data)
    MY                                       0x20000040   Data           4  qmc5883p.o(.data)
    MZ                                       0x20000044   Data           4  qmc5883p.o(.data)
    OLED_DisplayBuf                          0x20000048   Data        1024  oled.o(.bss)
    bmp280_inst                              0x20000448   Data          24  bmp280.o(.bss)
    __libspace_start                         0x20000460   Data          96  libspace.o(.bss)
    __temporary_stack_top$libspace           0x200004c0   Data           0  libspace.o(.bss)



==============================================================================

Memory Map of the image

  Image Entry point : 0x080000ed

  Load Region LR_IROM1 (Base: 0x08000000, Size: 0x00004d00, Max: 0x00010000, ABSOLUTE)

    Execution Region ER_IROM1 (Exec base: 0x08000000, Load base: 0x08000000, Size: 0x00004cb8, Max: 0x00010000, ABSOLUTE)

    Exec Addr    Load Addr    Size         Type   Attr      Idx    E Section Name        Object

    0x08000000   0x08000000   0x000000ec   Data   RO            3    RESET               startup_stm32f103xb.o
    0x080000ec   0x080000ec   0x00000008   Code   RO         2157  * !!!main             c_w.l(__main.o)
    0x080000f4   0x080000f4   0x00000034   Code   RO         2592    !!!scatter          c_w.l(__scatter.o)
    0x08000128   0x08000128   0x0000001a   Code   RO         2594    !!handler_copy      c_w.l(__scatter_copy.o)
    0x08000142   0x08000142   0x00000002   PAD
    0x08000144   0x08000144   0x0000001c   Code   RO         2596    !!handler_zi        c_w.l(__scatter_zi.o)
    0x08000160   0x08000160   0x00000000   Code   RO         2307    .ARM.Collect$$_printf_percent$$00000000  c_w.l(_printf_percent.o)
    0x08000160   0x08000160   0x00000006   Code   RO         2296    .ARM.Collect$$_printf_percent$$00000001  c_w.l(_printf_n.o)
    0x08000166   0x08000166   0x00000006   Code   RO         2298    .ARM.Collect$$_printf_percent$$00000002  c_w.l(_printf_p.o)
    0x0800016c   0x0800016c   0x00000006   Code   RO         2303    .ARM.Collect$$_printf_percent$$00000003  c_w.l(_printf_f.o)
    0x08000172   0x08000172   0x00000006   Code   RO         2304    .ARM.Collect$$_printf_percent$$00000004  c_w.l(_printf_e.o)
    0x08000178   0x08000178   0x00000006   Code   RO         2305    .ARM.Collect$$_printf_percent$$00000005  c_w.l(_printf_g.o)
    0x0800017e   0x0800017e   0x00000006   Code   RO         2306    .ARM.Collect$$_printf_percent$$00000006  c_w.l(_printf_a.o)
    0x08000184   0x08000184   0x0000000a   Code   RO         2311    .ARM.Collect$$_printf_percent$$00000007  c_w.l(_printf_ll.o)
    0x0800018e   0x0800018e   0x00000006   Code   RO         2300    .ARM.Collect$$_printf_percent$$00000008  c_w.l(_printf_i.o)
    0x08000194   0x08000194   0x00000006   Code   RO         2301    .ARM.Collect$$_printf_percent$$00000009  c_w.l(_printf_d.o)
    0x0800019a   0x0800019a   0x00000006   Code   RO         2302    .ARM.Collect$$_printf_percent$$0000000A  c_w.l(_printf_u.o)
    0x080001a0   0x080001a0   0x00000006   Code   RO         2299    .ARM.Collect$$_printf_percent$$0000000B  c_w.l(_printf_o.o)
    0x080001a6   0x080001a6   0x00000006   Code   RO         2297    .ARM.Collect$$_printf_percent$$0000000C  c_w.l(_printf_x.o)
    0x080001ac   0x080001ac   0x00000006   Code   RO         2308    .ARM.Collect$$_printf_percent$$0000000D  c_w.l(_printf_lli.o)
    0x080001b2   0x080001b2   0x00000006   Code   RO         2309    .ARM.Collect$$_printf_percent$$0000000E  c_w.l(_printf_lld.o)
    0x080001b8   0x080001b8   0x00000006   Code   RO         2310    .ARM.Collect$$_printf_percent$$0000000F  c_w.l(_printf_llu.o)
    0x080001be   0x080001be   0x00000006   Code   RO         2315    .ARM.Collect$$_printf_percent$$00000010  c_w.l(_printf_llo.o)
    0x080001c4   0x080001c4   0x00000006   Code   RO         2316    .ARM.Collect$$_printf_percent$$00000011  c_w.l(_printf_llx.o)
    0x080001ca   0x080001ca   0x0000000a   Code   RO         2312    .ARM.Collect$$_printf_percent$$00000012  c_w.l(_printf_l.o)
    0x080001d4   0x080001d4   0x00000006   Code   RO         2294    .ARM.Collect$$_printf_percent$$00000013  c_w.l(_printf_c.o)
    0x080001da   0x080001da   0x00000006   Code   RO         2295    .ARM.Collect$$_printf_percent$$00000014  c_w.l(_printf_s.o)
    0x080001e0   0x080001e0   0x00000006   Code   RO         2313    .ARM.Collect$$_printf_percent$$00000015  c_w.l(_printf_lc.o)
    0x080001e6   0x080001e6   0x00000006   Code   RO         2314    .ARM.Collect$$_printf_percent$$00000016  c_w.l(_printf_ls.o)
    0x080001ec   0x080001ec   0x00000004   Code   RO         2400    .ARM.Collect$$_printf_percent$$00000017  c_w.l(_printf_percent_end.o)
    0x080001f0   0x080001f0   0x00000002   Code   RO         2458    .ARM.Collect$$libinit$$00000000  c_w.l(libinit.o)
    0x080001f2   0x080001f2   0x00000000   Code   RO         2469    .ARM.Collect$$libinit$$00000002  c_w.l(libinit2.o)
    0x080001f2   0x080001f2   0x00000000   Code   RO         2471    .ARM.Collect$$libinit$$00000004  c_w.l(libinit2.o)
    0x080001f2   0x080001f2   0x00000000   Code   RO         2474    .ARM.Collect$$libinit$$0000000A  c_w.l(libinit2.o)
    0x080001f2   0x080001f2   0x00000000   Code   RO         2476    .ARM.Collect$$libinit$$0000000C  c_w.l(libinit2.o)
    0x080001f2   0x080001f2   0x00000000   Code   RO         2478    .ARM.Collect$$libinit$$0000000E  c_w.l(libinit2.o)
    0x080001f2   0x080001f2   0x00000006   Code   RO         2479    .ARM.Collect$$libinit$$0000000F  c_w.l(libinit2.o)
    0x080001f8   0x080001f8   0x00000000   Code   RO         2481    .ARM.Collect$$libinit$$00000011  c_w.l(libinit2.o)
    0x080001f8   0x080001f8   0x0000000c   Code   RO         2482    .ARM.Collect$$libinit$$00000012  c_w.l(libinit2.o)
    0x08000204   0x08000204   0x00000000   Code   RO         2483    .ARM.Collect$$libinit$$00000013  c_w.l(libinit2.o)
    0x08000204   0x08000204   0x00000000   Code   RO         2485    .ARM.Collect$$libinit$$00000015  c_w.l(libinit2.o)
    0x08000204   0x08000204   0x0000000a   Code   RO         2486    .ARM.Collect$$libinit$$00000016  c_w.l(libinit2.o)
    0x0800020e   0x0800020e   0x00000000   Code   RO         2487    .ARM.Collect$$libinit$$00000017  c_w.l(libinit2.o)
    0x0800020e   0x0800020e   0x00000000   Code   RO         2489    .ARM.Collect$$libinit$$00000019  c_w.l(libinit2.o)
    0x0800020e   0x0800020e   0x00000000   Code   RO         2491    .ARM.Collect$$libinit$$0000001B  c_w.l(libinit2.o)
    0x0800020e   0x0800020e   0x00000000   Code   RO         2493    .ARM.Collect$$libinit$$0000001D  c_w.l(libinit2.o)
    0x0800020e   0x0800020e   0x00000000   Code   RO         2495    .ARM.Collect$$libinit$$0000001F  c_w.l(libinit2.o)
    0x0800020e   0x0800020e   0x00000000   Code   RO         2497    .ARM.Collect$$libinit$$00000021  c_w.l(libinit2.o)
    0x0800020e   0x0800020e   0x00000000   Code   RO         2499    .ARM.Collect$$libinit$$00000023  c_w.l(libinit2.o)
    0x0800020e   0x0800020e   0x00000000   Code   RO         2501    .ARM.Collect$$libinit$$00000025  c_w.l(libinit2.o)
    0x0800020e   0x0800020e   0x00000000   Code   RO         2505    .ARM.Collect$$libinit$$0000002C  c_w.l(libinit2.o)
    0x0800020e   0x0800020e   0x00000000   Code   RO         2507    .ARM.Collect$$libinit$$0000002E  c_w.l(libinit2.o)
    0x0800020e   0x0800020e   0x00000000   Code   RO         2509    .ARM.Collect$$libinit$$00000030  c_w.l(libinit2.o)
    0x0800020e   0x0800020e   0x00000000   Code   RO         2511    .ARM.Collect$$libinit$$00000032  c_w.l(libinit2.o)
    0x0800020e   0x0800020e   0x00000002   Code   RO         2512    .ARM.Collect$$libinit$$00000033  c_w.l(libinit2.o)
    0x08000210   0x08000210   0x00000002   Code   RO         2532    .ARM.Collect$$libshutdown$$00000000  c_w.l(libshutdown.o)
    0x08000212   0x08000212   0x00000000   Code   RO         2545    .ARM.Collect$$libshutdown$$00000002  c_w.l(libshutdown2.o)
    0x08000212   0x08000212   0x00000000   Code   RO         2547    .ARM.Collect$$libshutdown$$00000004  c_w.l(libshutdown2.o)
    0x08000212   0x08000212   0x00000000   Code   RO         2550    .ARM.Collect$$libshutdown$$00000007  c_w.l(libshutdown2.o)
    0x08000212   0x08000212   0x00000000   Code   RO         2553    .ARM.Collect$$libshutdown$$0000000A  c_w.l(libshutdown2.o)
    0x08000212   0x08000212   0x00000000   Code   RO         2555    .ARM.Collect$$libshutdown$$0000000C  c_w.l(libshutdown2.o)
    0x08000212   0x08000212   0x00000000   Code   RO         2558    .ARM.Collect$$libshutdown$$0000000F  c_w.l(libshutdown2.o)
    0x08000212   0x08000212   0x00000002   Code   RO         2559    .ARM.Collect$$libshutdown$$00000010  c_w.l(libshutdown2.o)
    0x08000214   0x08000214   0x00000000   Code   RO         2223    .ARM.Collect$$rtentry$$00000000  c_w.l(__rtentry.o)
    0x08000214   0x08000214   0x00000000   Code   RO         2366    .ARM.Collect$$rtentry$$00000002  c_w.l(__rtentry2.o)
    0x08000214   0x08000214   0x00000006   Code   RO         2378    .ARM.Collect$$rtentry$$00000004  c_w.l(__rtentry4.o)
    0x0800021a   0x0800021a   0x00000000   Code   RO         2368    .ARM.Collect$$rtentry$$00000009  c_w.l(__rtentry2.o)
    0x0800021a   0x0800021a   0x00000004   Code   RO         2369    .ARM.Collect$$rtentry$$0000000A  c_w.l(__rtentry2.o)
    0x0800021e   0x0800021e   0x00000000   Code   RO         2371    .ARM.Collect$$rtentry$$0000000C  c_w.l(__rtentry2.o)
    0x0800021e   0x0800021e   0x00000008   Code   RO         2372    .ARM.Collect$$rtentry$$0000000D  c_w.l(__rtentry2.o)
    0x08000226   0x08000226   0x00000002   Code   RO         2463    .ARM.Collect$$rtexit$$00000000  c_w.l(rtexit.o)
    0x08000228   0x08000228   0x00000000   Code   RO         2514    .ARM.Collect$$rtexit$$00000002  c_w.l(rtexit2.o)
    0x08000228   0x08000228   0x00000004   Code   RO         2515    .ARM.Collect$$rtexit$$00000003  c_w.l(rtexit2.o)
    0x0800022c   0x0800022c   0x00000006   Code   RO         2516    .ARM.Collect$$rtexit$$00000004  c_w.l(rtexit2.o)
    0x08000232   0x08000232   0x00000002   PAD
    0x08000234   0x08000234   0x00000040   Code   RO            4    .text               startup_stm32f103xb.o
    0x08000274   0x08000274   0x00000024   Code   RO         2149    .text               c_w.l(vsprintf.o)
    0x08000298   0x08000298   0x0000004e   Code   RO         2151    .text               c_w.l(rt_memclr_w.o)
    0x080002e6   0x080002e6   0x00000002   PAD
    0x080002e8   0x080002e8   0x00000080   Code   RO         2153    .text               c_w.l(strcmpv7m.o)
    0x08000368   0x08000368   0x00000006   Code   RO         2155    .text               c_w.l(heapauxi.o)
    0x0800036e   0x0800036e   0x0000004e   Code   RO         2228    .text               c_w.l(_printf_pad.o)
    0x080003bc   0x080003bc   0x00000024   Code   RO         2230    .text               c_w.l(_printf_truncate.o)
    0x080003e0   0x080003e0   0x00000052   Code   RO         2232    .text               c_w.l(_printf_str.o)
    0x08000432   0x08000432   0x00000002   PAD
    0x08000434   0x08000434   0x00000078   Code   RO         2234    .text               c_w.l(_printf_dec.o)
    0x080004ac   0x080004ac   0x00000028   Code   RO         2236    .text               c_w.l(_printf_charcount.o)
    0x080004d4   0x080004d4   0x00000030   Code   RO         2238    .text               c_w.l(_printf_char_common.o)
    0x08000504   0x08000504   0x0000000a   Code   RO         2240    .text               c_w.l(_sputc.o)
    0x0800050e   0x0800050e   0x00000002   PAD
    0x08000510   0x08000510   0x000000bc   Code   RO         2242    .text               c_w.l(_printf_wctomb.o)
    0x080005cc   0x080005cc   0x0000007c   Code   RO         2245    .text               c_w.l(_printf_longlong_dec.o)
    0x08000648   0x08000648   0x00000070   Code   RO         2251    .text               c_w.l(_printf_oct_int_ll.o)
    0x080006b8   0x080006b8   0x00000094   Code   RO         2271    .text               c_w.l(_printf_hex_int_ll_ptr.o)
    0x0800074c   0x0800074c   0x00000188   Code   RO         2291    .text               c_w.l(__printf_flags_ss_wp.o)
    0x080008d4   0x080008d4   0x0000008a   Code   RO         2385    .text               c_w.l(lludiv10.o)
    0x0800095e   0x0800095e   0x000000b2   Code   RO         2387    .text               c_w.l(_printf_intcommon.o)
    0x08000a10   0x08000a10   0x0000041e   Code   RO         2389    .text               c_w.l(_printf_fp_dec.o)
    0x08000e2e   0x08000e2e   0x00000002   PAD
    0x08000e30   0x08000e30   0x000002fc   Code   RO         2391    .text               c_w.l(_printf_fp_hex.o)
    0x0800112c   0x0800112c   0x0000002c   Code   RO         2396    .text               c_w.l(_printf_char.o)
    0x08001158   0x08001158   0x0000002c   Code   RO         2398    .text               c_w.l(_printf_wchar.o)
    0x08001184   0x08001184   0x00000040   Code   RO         2401    .text               c_w.l(_wcrtomb.o)
    0x080011c4   0x080011c4   0x00000008   Code   RO         2409    .text               c_w.l(libspace.o)
    0x080011cc   0x080011cc   0x0000004a   Code   RO         2412    .text               c_w.l(sys_stackheap_outer.o)
    0x08001216   0x08001216   0x00000002   PAD
    0x08001218   0x08001218   0x00000010   Code   RO         2414    .text               c_w.l(rt_ctype_table.o)
    0x08001228   0x08001228   0x00000008   Code   RO         2419    .text               c_w.l(rt_locale_intlibspace.o)
    0x08001230   0x08001230   0x00000080   Code   RO         2421    .text               c_w.l(_printf_fp_infnan.o)
    0x080012b0   0x080012b0   0x000000e4   Code   RO         2423    .text               c_w.l(bigflt0.o)
    0x08001394   0x08001394   0x00000012   Code   RO         2451    .text               c_w.l(exit.o)
    0x080013a6   0x080013a6   0x00000002   PAD
    0x080013a8   0x080013a8   0x0000000c   Code   RO         2524    .text               c_w.l(sys_exit.o)
    0x080013b4   0x080013b4   0x00000002   Code   RO         2535    .text               c_w.l(use_no_semi.o)
    0x080013b6   0x080013b6   0x00000000   Code   RO         2537    .text               c_w.l(indicate_semi.o)
    0x080013b6   0x080013b6   0x0000003e   Code   RO         2426    CL$$btod_d2e        c_w.l(btod.o)
    0x080013f4   0x080013f4   0x00000046   Code   RO         2428    CL$$btod_d2e_denorm_low  c_w.l(btod.o)
    0x0800143a   0x0800143a   0x00000060   Code   RO         2427    CL$$btod_d2e_norm_op1  c_w.l(btod.o)
    0x0800149a   0x0800149a   0x00000338   Code   RO         2436    CL$$btod_div_common  c_w.l(btod.o)
    0x080017d2   0x080017d2   0x000000dc   Code   RO         2433    CL$$btod_e2e        c_w.l(btod.o)
    0x080018ae   0x080018ae   0x0000002a   Code   RO         2430    CL$$btod_ediv       c_w.l(btod.o)
    0x080018d8   0x080018d8   0x0000002a   Code   RO         2429    CL$$btod_emul       c_w.l(btod.o)
    0x08001902   0x08001902   0x00000244   Code   RO         2435    CL$$btod_mult_common  c_w.l(btod.o)
    0x08001b46   0x08001b46   0x00000006   Code   RO         1980    i.BMP280_GetID      bmp280.o
    0x08001b4c   0x08001b4c   0x0000002a   Code   RO         1982    i.BMP280_Get_Pressure  bmp280.o
    0x08001b76   0x08001b76   0x0000002a   Code   RO         1983    i.BMP280_Get_Temperature  bmp280.o
    0x08001ba0   0x08001ba0   0x0000014c   Code   RO         1984    i.BMP280_Init       bmp280.o
    0x08001cec   0x08001cec   0x00000050   Code   RO         1985    i.BMP280_ReadReg    bmp280.o
    0x08001d3c   0x08001d3c   0x00000016   Code   RO         1986    i.BMP280_Set_Standby_FILTER  bmp280.o
    0x08001d52   0x08001d52   0x00000016   Code   RO         1987    i.BMP280_Set_TemOversamp  bmp280.o
    0x08001d68   0x08001d68   0x00000040   Code   RO         1988    i.BMP280_WriteReg   bmp280.o
    0x08001da8   0x08001da8   0x00000002   Code   RO          178    i.BusFault_Handler  stm32f1xx_it.o
    0x08001daa   0x08001daa   0x00000002   Code   RO          179    i.DebugMon_Handler  stm32f1xx_it.o
    0x08001dac   0x08001dac   0x00000016   Code   RO         1945    i.Delay_ms          delay.o
    0x08001dc2   0x08001dc2   0x00000020   Code   RO         1947    i.Delay_us          delay.o
    0x08001de2   0x08001de2   0x00000002   PAD
    0x08001de4   0x08001de4   0x000001e0   Code   RO          630    i.HAL_GPIO_Init     stm32f1xx_hal_gpio.o
    0x08001fc4   0x08001fc4   0x0000000a   Code   RO          632    i.HAL_GPIO_ReadPin  stm32f1xx_hal_gpio.o
    0x08001fce   0x08001fce   0x0000000a   Code   RO          634    i.HAL_GPIO_WritePin  stm32f1xx_hal_gpio.o
    0x08001fd8   0x08001fd8   0x0000000c   Code   RO          324    i.HAL_GetTick       stm32f1xx_hal.o
    0x08001fe4   0x08001fe4   0x00000010   Code   RO          330    i.HAL_IncTick       stm32f1xx_hal.o
    0x08001ff4   0x08001ff4   0x00000024   Code   RO          331    i.HAL_Init          stm32f1xx_hal.o
    0x08002018   0x08002018   0x00000040   Code   RO          332    i.HAL_InitTick      stm32f1xx_hal.o
    0x08002058   0x08002058   0x0000003c   Code   RO          253    i.HAL_MspInit       stm32f1xx_hal_msp.o
    0x08002094   0x08002094   0x00000040   Code   RO          796    i.HAL_NVIC_SetPriority  stm32f1xx_hal_cortex.o
    0x080020d4   0x080020d4   0x00000024   Code   RO          797    i.HAL_NVIC_SetPriorityGrouping  stm32f1xx_hal_cortex.o
    0x080020f8   0x080020f8   0x0000012c   Code   RO          488    i.HAL_RCC_ClockConfig  stm32f1xx_hal_rcc.o
    0x08002224   0x08002224   0x0000004c   Code   RO          497    i.HAL_RCC_GetSysClockFreq  stm32f1xx_hal_rcc.o
    0x08002270   0x08002270   0x00000320   Code   RO          500    i.HAL_RCC_OscConfig  stm32f1xx_hal_rcc.o
    0x08002590   0x08002590   0x00000028   Code   RO          801    i.HAL_SYSTICK_Config  stm32f1xx_hal_cortex.o
    0x080025b8   0x080025b8   0x00000002   Code   RO          180    i.HardFault_Handler  stm32f1xx_it.o
    0x080025ba   0x080025ba   0x00000002   PAD
    0x080025bc   0x080025bc   0x0000012c   Code   RO         1750    i.MPU6050_GetData   mpu6050.o
    0x080026e8   0x080026e8   0x00000006   Code   RO         1751    i.MPU6050_GetID     mpu6050.o
    0x080026ee   0x080026ee   0x0000003a   Code   RO         1752    i.MPU6050_Init      mpu6050.o
    0x08002728   0x08002728   0x0000003e   Code   RO         1753    i.MPU6050_ReadReg   mpu6050.o
    0x08002766   0x08002766   0x00000002   PAD
    0x08002768   0x08002768   0x0000000c   Code   RO         1754    i.MPU6050_ReturnAX  mpu6050.o
    0x08002774   0x08002774   0x0000000c   Code   RO         1755    i.MPU6050_ReturnAY  mpu6050.o
    0x08002780   0x08002780   0x0000000c   Code   RO         1756    i.MPU6050_ReturnAZ  mpu6050.o
    0x0800278c   0x0800278c   0x0000000c   Code   RO         1757    i.MPU6050_ReturnGX  mpu6050.o
    0x08002798   0x08002798   0x0000000c   Code   RO         1758    i.MPU6050_ReturnGY  mpu6050.o
    0x080027a4   0x080027a4   0x0000000c   Code   RO         1759    i.MPU6050_ReturnGZ  mpu6050.o
    0x080027b0   0x080027b0   0x00000030   Code   RO         1763    i.MPU6050_WriteReg  mpu6050.o
    0x080027e0   0x080027e0   0x00000074   Code   RO          154    i.MX_GPIO_Init      gpio.o
    0x08002854   0x08002854   0x00000002   Code   RO          181    i.MemManage_Handler  stm32f1xx_it.o
    0x08002856   0x08002856   0x00000018   Code   RO         1866    i.MyI2C_End         myi2c.o
    0x0800286e   0x0800286e   0x00000012   Code   RO         1867    i.MyI2C_Init        myi2c.o
    0x08002880   0x08002880   0x0000001c   Code   RO         1868    i.MyI2C_R_SDA       myi2c.o
    0x0800289c   0x0800289c   0x00000024   Code   RO         1869    i.MyI2C_RecieveACK  myi2c.o
    0x080028c0   0x080028c0   0x00000034   Code   RO         1870    i.MyI2C_RecieveByte  myi2c.o
    0x080028f4   0x080028f4   0x00000016   Code   RO         1871    i.MyI2C_SendACK     myi2c.o
    0x0800290a   0x0800290a   0x0000002c   Code   RO         1872    i.MyI2C_SendByte    myi2c.o
    0x08002936   0x08002936   0x0000001e   Code   RO         1873    i.MyI2C_Start       myi2c.o
    0x08002954   0x08002954   0x0000001c   Code   RO         1874    i.MyI2C_W_SCL       myi2c.o
    0x08002970   0x08002970   0x0000001c   Code   RO         1875    i.MyI2C_W_SDA       myi2c.o
    0x0800298c   0x0800298c   0x00000002   Code   RO          182    i.NMI_Handler       stm32f1xx_it.o
    0x0800298e   0x0800298e   0x00000002   PAD
    0x08002990   0x08002990   0x00000028   Code   RO         1485    i.OLED_Clear        oled.o
    0x080029b8   0x080029b8   0x0000005c   Code   RO         1486    i.OLED_ClearArea    oled.o
    0x08002a14   0x08002a14   0x0000002a   Code   RO         1494    i.OLED_GPIO_Init    oled.o
    0x08002a3e   0x08002a3e   0x0000003a   Code   RO         1496    i.OLED_I2C_SendByte  oled.o
    0x08002a78   0x08002a78   0x0000001e   Code   RO         1497    i.OLED_I2C_Start    oled.o
    0x08002a96   0x08002a96   0x00000018   Code   RO         1498    i.OLED_I2C_Stop     oled.o
    0x08002aae   0x08002aae   0x0000009c   Code   RO         1499    i.OLED_Init         oled.o
    0x08002b4a   0x08002b4a   0x0000002a   Code   RO         1502    i.OLED_Printf       oled.o
    0x08002b74   0x08002b74   0x00000022   Code   RO         1505    i.OLED_SetCursor    oled.o
    0x08002b96   0x08002b96   0x00000002   PAD
    0x08002b98   0x08002b98   0x0000003c   Code   RO         1507    i.OLED_ShowChar     oled.o
    0x08002bd4   0x08002bd4   0x000000bc   Code   RO         1510    i.OLED_ShowImage    oled.o
    0x08002c90   0x08002c90   0x0000016c   Code   RO         1513    i.OLED_ShowString   oled.o
    0x08002dfc   0x08002dfc   0x00000028   Code   RO         1514    i.OLED_Update       oled.o
    0x08002e24   0x08002e24   0x00000010   Code   RO         1516    i.OLED_W_SCL        oled.o
    0x08002e34   0x08002e34   0x00000010   Code   RO         1517    i.OLED_W_SDA        oled.o
    0x08002e44   0x08002e44   0x00000022   Code   RO         1518    i.OLED_WriteCommand  oled.o
    0x08002e66   0x08002e66   0x00000030   Code   RO         1519    i.OLED_WriteData    oled.o
    0x08002e96   0x08002e96   0x00000002   Code   RO          183    i.PendSV_Handler    stm32f1xx_it.o
    0x08002e98   0x08002e98   0x00000060   Code   RO         2073    i.QMC5883P_GetData  qmc5883p.o
    0x08002ef8   0x08002ef8   0x00000006   Code   RO         2074    i.QMC5883P_GetID    qmc5883p.o
    0x08002efe   0x08002efe   0x0000001a   Code   RO         2075    i.QMC5883P_Init     qmc5883p.o
    0x08002f18   0x08002f18   0x0000003e   Code   RO         2076    i.QMC5883P_ReadReg  qmc5883p.o
    0x08002f56   0x08002f56   0x00000002   PAD
    0x08002f58   0x08002f58   0x00000014   Code   RO         2077    i.QMC5883P_ReturnMX  qmc5883p.o
    0x08002f6c   0x08002f6c   0x00000014   Code   RO         2078    i.QMC5883P_ReturnMY  qmc5883p.o
    0x08002f80   0x08002f80   0x00000014   Code   RO         2079    i.QMC5883P_ReturnMZ  qmc5883p.o
    0x08002f94   0x08002f94   0x00000030   Code   RO         2080    i.QMC5883P_WriteReg  qmc5883p.o
    0x08002fc4   0x08002fc4   0x00000002   Code   RO          184    i.SVC_Handler       stm32f1xx_it.o
    0x08002fc6   0x08002fc6   0x00000004   Code   RO          185    i.SysTick_Handler   stm32f1xx_it.o
    0x08002fca   0x08002fca   0x0000005e   Code   RO           14    i.SystemClock_Config  main.o
    0x08003028   0x08003028   0x00000002   Code   RO         1291    i.SystemInit        system_stm32f1xx.o
    0x0800302a   0x0800302a   0x00000002   Code   RO          186    i.UsageFault_Handler  stm32f1xx_it.o
    0x0800302c   0x0800302c   0x00000028   Code   RO         2405    i.__ARM_fpclassify  m_ws.l(fpclassify.o)
    0x08003054   0x08003054   0x00000020   Code   RO          803    i.__NVIC_SetPriority  stm32f1xx_hal_cortex.o
    0x08003074   0x08003074   0x0000000e   Code   RO         2284    i._is_digit         c_w.l(__printf_wp.o)
    0x08003082   0x08003082   0x00000002   PAD
    0x08003084   0x08003084   0x000001e8   Code   RO         1989    i.bmp280_compensate_P_double  bmp280.o
    0x0800326c   0x0800326c   0x000000cc   Code   RO         1990    i.bmp280_compensate_T_double  bmp280.o
    0x08003338   0x08003338   0x000001a0   Code   RO           15    i.main              main.o
    0x080034d8   0x080034d8   0x0000002c   Code   RO         2449    locale$$code        c_w.l(lc_numeric_c.o)
    0x08003504   0x08003504   0x0000002c   Code   RO         2466    locale$$code        c_w.l(lc_ctype_c.o)
    0x08003530   0x08003530   0x00000062   Code   RO         2159    x$fpl$d2f           fz_ws.l(d2f.o)
    0x08003592   0x08003592   0x00000002   PAD
    0x08003594   0x08003594   0x00000150   Code   RO         2161    x$fpl$dadd          fz_ws.l(daddsub_clz.o)
    0x080036e4   0x080036e4   0x00000010   Code   RO         2317    x$fpl$dcheck1       fz_ws.l(dcheck1.o)
    0x080036f4   0x080036f4   0x00000018   Code   RO         2319    x$fpl$dcmpinf       fz_ws.l(dcmpi.o)
    0x0800370c   0x0800370c   0x000002b0   Code   RO         2168    x$fpl$ddiv          fz_ws.l(ddiv.o)
    0x080039bc   0x080039bc   0x00000078   Code   RO         2171    x$fpl$deqf          fz_ws.l(deqf.o)
    0x08003a34   0x08003a34   0x0000005e   Code   RO         2173    x$fpl$dfix          fz_ws.l(dfix.o)
    0x08003a92   0x08003a92   0x0000002e   Code   RO         2182    x$fpl$dflt          fz_ws.l(dflt_clz.o)
    0x08003ac0   0x08003ac0   0x00000026   Code   RO         2181    x$fpl$dfltu         fz_ws.l(dflt_clz.o)
    0x08003ae6   0x08003ae6   0x00000002   PAD
    0x08003ae8   0x08003ae8   0x00000154   Code   RO         2189    x$fpl$dmul          fz_ws.l(dmul.o)
    0x08003c3c   0x08003c3c   0x0000009c   Code   RO         2321    x$fpl$dnaninf       fz_ws.l(dnaninf.o)
    0x08003cd8   0x08003cd8   0x0000000c   Code   RO         2323    x$fpl$dretinf       fz_ws.l(dretinf.o)
    0x08003ce4   0x08003ce4   0x00000016   Code   RO         2162    x$fpl$drsb          fz_ws.l(daddsub_clz.o)
    0x08003cfa   0x08003cfa   0x00000002   PAD
    0x08003cfc   0x08003cfc   0x000001d4   Code   RO         2163    x$fpl$dsub          fz_ws.l(daddsub_clz.o)
    0x08003ed0   0x08003ed0   0x00000056   Code   RO         2193    x$fpl$f2d           fz_ws.l(f2d.o)
    0x08003f26   0x08003f26   0x00000002   PAD
    0x08003f28   0x08003f28   0x00000036   Code   RO         2201    x$fpl$ffix          fz_ws.l(ffix.o)
    0x08003f5e   0x08003f5e   0x00000002   PAD
    0x08003f60   0x08003f60   0x00000030   Code   RO         2206    x$fpl$fflt          fz_ws.l(fflt_clz.o)
    0x08003f90   0x08003f90   0x0000008c   Code   RO         2327    x$fpl$fnaninf       fz_ws.l(fnaninf.o)
    0x0800401c   0x0800401c   0x0000000a   Code   RO         2329    x$fpl$fretinf       fz_ws.l(fretinf.o)
    0x08004026   0x08004026   0x00000004   Code   RO         2331    x$fpl$printf1       fz_ws.l(printf1.o)
    0x0800402a   0x0800402a   0x00000004   Code   RO         2333    x$fpl$printf2       fz_ws.l(printf2.o)
    0x0800402e   0x0800402e   0x00000064   Code   RO         2403    x$fpl$retnan        fz_ws.l(retnan.o)
    0x08004092   0x08004092   0x0000005c   Code   RO         2211    x$fpl$scalbn        fz_ws.l(scalbn.o)
    0x080040ee   0x080040ee   0x00000030   Code   RO         2461    x$fpl$trapveneer    fz_ws.l(trapv.o)
    0x0800411e   0x0800411e   0x00000000   Code   RO         2339    x$fpl$usenofp       fz_ws.l(usenofp.o)
    0x0800411e   0x0800411e   0x00000012   Data   RO          501    .constdata          stm32f1xx_hal_rcc.o
    0x08004130   0x08004130   0x00000010   Data   RO         1292    .constdata          system_stm32f1xx.o
    0x08004140   0x08004140   0x000005f0   Data   RO         1731    .constdata          oled_data.o
    0x08004730   0x08004730   0x0000023a   Data   RO         1732    .constdata          oled_data.o
    0x0800496a   0x0800496a   0x00000103   Data   RO         1733    .constdata          oled_data.o
    0x08004a6d   0x08004a6d   0x00000003   PAD
    0x08004a70   0x08004a70   0x00000008   Data   RO         2243    .constdata          c_w.l(_printf_wctomb.o)
    0x08004a78   0x08004a78   0x00000028   Data   RO         2272    .constdata          c_w.l(_printf_hex_int_ll_ptr.o)
    0x08004aa0   0x08004aa0   0x00000011   Data   RO         2292    .constdata          c_w.l(__printf_flags_ss_wp.o)
    0x08004ab1   0x08004ab1   0x00000026   Data   RO         2392    .constdata          c_w.l(_printf_fp_hex.o)
    0x08004ad7   0x08004ad7   0x00000001   PAD
    0x08004ad8   0x08004ad8   0x00000094   Data   RO         2424    .constdata          c_w.l(bigflt0.o)
    0x08004b6c   0x08004b6c   0x00000020   Data   RO         2590    Region$$Table       anon$$obj.o
    0x08004b8c   0x08004b8c   0x0000001c   Data   RO         2448    locale$$data        c_w.l(lc_numeric_c.o)
    0x08004ba8   0x08004ba8   0x00000110   Data   RO         2465    locale$$data        c_w.l(lc_ctype_c.o)


    Execution Region RW_IRAM1 (Exec base: 0x20000000, Load base: 0x08004cb8, Size: 0x00000ac0, Max: 0x00005000, ABSOLUTE)

    Exec Addr    Load Addr    Size         Type   Attr      Idx    E Section Name        Object

    0x20000000   0x08004cb8   0x0000000c   Data   RW          338    .data               stm32f1xx_hal.o
    0x2000000c   0x08004cc4   0x00000004   Data   RW         1294    .data               system_stm32f1xx.o
    0x20000010   0x08004cc8   0x00000024   Data   RW         1764    .data               mpu6050.o
    0x20000034   0x08004cec   0x00000008   Data   RW         1992    .data               bmp280.o
    0x2000003c   0x08004cf4   0x0000000c   Data   RW         2081    .data               qmc5883p.o
    0x20000048        -       0x00000400   Zero   RW         1521    .bss                oled.o
    0x20000448        -       0x00000018   Zero   RW         1991    .bss                bmp280.o
    0x20000460        -       0x00000060   Zero   RW         2410    .bss                c_w.l(libspace.o)
    0x200004c0        -       0x00000200   Zero   RW            2    HEAP                startup_stm32f103xb.o
    0x200006c0        -       0x00000400   Zero   RW            1    STACK               startup_stm32f103xb.o


==============================================================================

Image component sizes


      Code (inc. data)   RO Data    RW Data    ZI Data      Debug   Object Name

      1302         36          0          8         24       8208   bmp280.o
        54          0          0          0          0       1192   delay.o
       116         10          0          0          0        887   gpio.o
       510        104          0          0          0     381476   main.o
       546         46          0         36          0       5771   mpu6050.o
       310         14          0          0          0       5181   myi2c.o
      1284         48          0          0       1024      11342   oled.o
         0          0       2349          0          0       1074   oled_data.o
       298         24          0         12          0       4266   qmc5883p.o
        64         26        236          0       1536        800   startup_stm32f103xb.o
       128         24          0         12          0       5221   stm32f1xx_hal.o
       172         14          0          0          0      28238   stm32f1xx_hal_cortex.o
       500         34          0          0          0       3471   stm32f1xx_hal_gpio.o
        60          8          0          0          0        854   stm32f1xx_hal_msp.o
      1176         60         18          0          0       3942   stm32f1xx_hal_rcc.o
        20          0          0          0          0       3770   stm32f1xx_it.o
         2          0         16          4          0       1083   system_stm32f1xx.o

    ----------------------------------------------------------------------
      6554        448       2654         72       2584     466776   Object Totals
         0          0         32          0          0          0   (incl. Generated)
        12          0          3          0          0          0   (incl. Padding)

    ----------------------------------------------------------------------

      Code (inc. data)   RO Data    RW Data    ZI Data      Debug   Library Member Name

         8          0          0          0          0         68   __main.o
       392          4         17          0          0         92   __printf_flags_ss_wp.o
        14          0          0          0          0         68   __printf_wp.o
         0          0          0          0          0          0   __rtentry.o
        12          0          0          0          0          0   __rtentry2.o
         6          0          0          0          0          0   __rtentry4.o
        52          8          0          0          0          0   __scatter.o
        26          0          0          0          0          0   __scatter_copy.o
        28          0          0          0          0          0   __scatter_zi.o
         6          0          0          0          0          0   _printf_a.o
         6          0          0          0          0          0   _printf_c.o
        44          0          0          0          0        108   _printf_char.o
        48          6          0          0          0         96   _printf_char_common.o
        40          0          0          0          0         68   _printf_charcount.o
         6          0          0          0          0          0   _printf_d.o
       120         16          0          0          0         92   _printf_dec.o
         6          0          0          0          0          0   _printf_e.o
         6          0          0          0          0          0   _printf_f.o
      1054          0          0          0          0        216   _printf_fp_dec.o
       764          8         38          0          0        100   _printf_fp_hex.o
       128         16          0          0          0         84   _printf_fp_infnan.o
         6          0          0          0          0          0   _printf_g.o
       148          4         40          0          0        160   _printf_hex_int_ll_ptr.o
         6          0          0          0          0          0   _printf_i.o
       178          0          0          0          0         88   _printf_intcommon.o
        10          0          0          0          0          0   _printf_l.o
         6          0          0          0          0          0   _printf_lc.o
        10          0          0          0          0          0   _printf_ll.o
         6          0          0          0          0          0   _printf_lld.o
         6          0          0          0          0          0   _printf_lli.o
         6          0          0          0          0          0   _printf_llo.o
         6          0          0          0          0          0   _printf_llu.o
         6          0          0          0          0          0   _printf_llx.o
       124         16          0          0          0         92   _printf_longlong_dec.o
         6          0          0          0          0          0   _printf_ls.o
         6          0          0          0          0          0   _printf_n.o
         6          0          0          0          0          0   _printf_o.o
       112         10          0          0          0        124   _printf_oct_int_ll.o
         6          0          0          0          0          0   _printf_p.o
        78          0          0          0          0        108   _printf_pad.o
         0          0          0          0          0          0   _printf_percent.o
         4          0          0          0          0          0   _printf_percent_end.o
         6          0          0          0          0          0   _printf_s.o
        82          0          0          0          0         80   _printf_str.o
        36          0          0          0          0         84   _printf_truncate.o
         6          0          0          0          0          0   _printf_u.o
        44          0          0          0          0        108   _printf_wchar.o
       188          6          8          0          0         92   _printf_wctomb.o
         6          0          0          0          0          0   _printf_x.o
        10          0          0          0          0         68   _sputc.o
        64          0          0          0          0         92   _wcrtomb.o
       228          4        148          0          0         96   bigflt0.o
      1936        128          0          0          0        672   btod.o
        18          0          0          0          0         80   exit.o
         6          0          0          0          0        152   heapauxi.o
         0          0          0          0          0          0   indicate_semi.o
        44         10        272          0          0         76   lc_ctype_c.o
        44         10         28          0          0         76   lc_numeric_c.o
         2          0          0          0          0          0   libinit.o
        30          0          0          0          0          0   libinit2.o
         2          0          0          0          0          0   libshutdown.o
         2          0          0          0          0          0   libshutdown2.o
         8          4          0          0         96         68   libspace.o
       138          0          0          0          0         80   lludiv10.o
        16          4          0          0          0         76   rt_ctype_table.o
         8          4          0          0          0         68   rt_locale_intlibspace.o
        78          0          0          0          0         80   rt_memclr_w.o
         2          0          0          0          0          0   rtexit.o
        10          0          0          0          0          0   rtexit2.o
       128          0          0          0          0         68   strcmpv7m.o
        12          4          0          0          0         68   sys_exit.o
        74          0          0          0          0         80   sys_stackheap_outer.o
         2          0          0          0          0         68   use_no_semi.o
        36          4          0          0          0         76   vsprintf.o
        98          4          0          0          0         92   d2f.o
       826         16          0          0          0        348   daddsub_clz.o
        16          4          0          0          0         68   dcheck1.o
        24          0          0          0          0         68   dcmpi.o
       688        140          0          0          0        208   ddiv.o
       120          4          0          0          0         92   deqf.o
        94          4          0          0          0         92   dfix.o
        84          0          0          0          0        136   dflt_clz.o
       340         12          0          0          0        104   dmul.o
       156          4          0          0          0         92   dnaninf.o
        12          0          0          0          0         68   dretinf.o
        86          4          0          0          0         84   f2d.o
        54          4          0          0          0         84   ffix.o
        48          0          0          0          0         68   fflt_clz.o
       140          4          0          0          0         84   fnaninf.o
        10          0          0          0          0         68   fretinf.o
         4          0          0          0          0         68   printf1.o
         4          0          0          0          0         68   printf2.o
       100          0          0          0          0         68   retnan.o
        92          0          0          0          0         68   scalbn.o
        48          0          0          0          0         68   trapv.o
         0          0          0          0          0          0   usenofp.o
        40          0          0          0          0         68   fpclassify.o

    ----------------------------------------------------------------------
      9880        466        552          0         96       6136   Library Totals
        28          0          1          0          0          0   (incl. Padding)

    ----------------------------------------------------------------------

      Code (inc. data)   RO Data    RW Data    ZI Data      Debug   Library Name

      6768        266        551          0         96       3972   c_w.l
      3044        200          0          0          0       2096   fz_ws.l
        40          0          0          0          0         68   m_ws.l

    ----------------------------------------------------------------------
      9880        466        552          0         96       6136   Library Totals

    ----------------------------------------------------------------------

==============================================================================


      Code (inc. data)   RO Data    RW Data    ZI Data      Debug   

     16434        914       3206         72       2680     465316   Grand Totals
     16434        914       3206         72       2680     465316   ELF Image Totals
     16434        914       3206         72          0          0   ROM Totals

==============================================================================

    Total RO  Size (Code + RO Data)                19640 (  19.18kB)
    Total RW  Size (RW Data + ZI Data)              2752 (   2.69kB)
    Total ROM Size (Code + RO Data + RW Data)      19712 (  19.25kB)

==============================================================================

