Component: ARM Compiler 5.06 update 5 (build 528) Tool: armlink [4d35e2]

==============================================================================

Section Cross References

    startup_stm32f103xb.o(STACK) refers (Special) to heapauxi.o(.text) for __use_two_region_memory
    startup_stm32f103xb.o(HEAP) refers (Special) to heapauxi.o(.text) for __use_two_region_memory
    startup_stm32f103xb.o(RESET) refers (Special) to heapauxi.o(.text) for __use_two_region_memory
    startup_stm32f103xb.o(RESET) refers to startup_stm32f103xb.o(STACK) for __initial_sp
    startup_stm32f103xb.o(RESET) refers to startup_stm32f103xb.o(.text) for Reset_Handler
    startup_stm32f103xb.o(RESET) refers to stm32f1xx_it.o(i.NMI_Handler) for NMI_Handler
    startup_stm32f103xb.o(RESET) refers to stm32f1xx_it.o(i.HardFault_Handler) for HardFault_Handler
    startup_stm32f103xb.o(RESET) refers to stm32f1xx_it.o(i.MemManage_Handler) for MemManage_Handler
    startup_stm32f103xb.o(RESET) refers to stm32f1xx_it.o(i.BusFault_Handler) for BusFault_Handler
    startup_stm32f103xb.o(RESET) refers to stm32f1xx_it.o(i.UsageFault_Handler) for UsageFault_Handler
    startup_stm32f103xb.o(RESET) refers to stm32f1xx_it.o(i.SVC_Handler) for SVC_Handler
    startup_stm32f103xb.o(RESET) refers to stm32f1xx_it.o(i.DebugMon_Handler) for DebugMon_Handler
    startup_stm32f103xb.o(RESET) refers to stm32f1xx_it.o(i.PendSV_Handler) for PendSV_Handler
    startup_stm32f103xb.o(RESET) refers to stm32f1xx_it.o(i.SysTick_Handler) for SysTick_Handler
    startup_stm32f103xb.o(RESET) refers to stm32f1xx_it.o(i.DMA1_Channel1_IRQHandler) for DMA1_Channel1_IRQHandler
    startup_stm32f103xb.o(.text) refers (Special) to heapauxi.o(.text) for __use_two_region_memory
    startup_stm32f103xb.o(.text) refers to system_stm32f1xx.o(i.SystemInit) for SystemInit
    startup_stm32f103xb.o(.text) refers to __main.o(!!!main) for __main
    startup_stm32f103xb.o(.text) refers to startup_stm32f103xb.o(HEAP) for Heap_Mem
    startup_stm32f103xb.o(.text) refers to startup_stm32f103xb.o(STACK) for Stack_Mem
    main.o(i.SystemClock_Config) refers to rt_memclr_w.o(.text) for __aeabi_memclr4
    main.o(i.SystemClock_Config) refers to stm32f1xx_hal_rcc.o(i.HAL_RCC_OscConfig) for HAL_RCC_OscConfig
    main.o(i.SystemClock_Config) refers to stm32f1xx_hal_rcc.o(i.HAL_RCC_ClockConfig) for HAL_RCC_ClockConfig
    main.o(i.SystemClock_Config) refers to stm32f1xx_hal_rcc_ex.o(i.HAL_RCCEx_PeriphCLKConfig) for HAL_RCCEx_PeriphCLKConfig
    main.o(i.main) refers to stm32f1xx_hal.o(i.HAL_Init) for HAL_Init
    main.o(i.main) refers to main.o(i.SystemClock_Config) for SystemClock_Config
    main.o(i.main) refers to gpio.o(i.MX_GPIO_Init) for MX_GPIO_Init
    main.o(i.main) refers to dma.o(i.MX_DMA_Init) for MX_DMA_Init
    main.o(i.main) refers to adc.o(i.MX_ADC1_Init) for MX_ADC1_Init
    main.o(i.main) refers to tim.o(i.MX_TIM1_Init) for MX_TIM1_Init
    main.o(i.main) refers to oled.o(i.OLED_Init) for OLED_Init
    main.o(i.main) refers to mpu6050.o(i.MPU6050_Init) for MPU6050_Init
    main.o(i.main) refers to qmc5883p.o(i.QMC5883P_Init) for QMC5883P_Init
    main.o(i.main) refers to bmp280.o(i.BMP280_Init) for BMP280_Init
    main.o(i.main) refers to power.o(i.Power_Init) for Power_Init
    main.o(i.main) refers to led.o(i.LED_Init) for LED_Init
    main.o(i.main) refers to motor.o(i.Motor_Init) for Motor_Init
    main.o(i.main) refers to mpu6050.o(i.MPU6050_GetID) for MPU6050_GetID
    main.o(i.main) refers to oled.o(i.OLED_Printf) for OLED_Printf
    main.o(i.main) refers to qmc5883p.o(i.QMC5883P_GetID) for QMC5883P_GetID
    main.o(i.main) refers to bmp280.o(i.BMP280_GetID) for BMP280_GetID
    main.o(i.main) refers to oled.o(i.OLED_Update) for OLED_Update
    main.o(i.main) refers to delay.o(i.Delay_ms) for Delay_ms
    main.o(i.main) refers to led.o(i.LED_Blink) for LED_Blink
    main.o(i.main) refers to mpu6050.o(i.MPU6050_GetData) for MPU6050_GetData
    main.o(i.main) refers to qmc5883p.o(i.QMC5883P_GetData) for QMC5883P_GetData
    main.o(i.main) refers to bmp280.o(i.BMP280_Get_Temperature) for BMP280_Get_Temperature
    main.o(i.main) refers to bmp280.o(i.BMP280_Get_Pressure) for BMP280_Get_Pressure
    main.o(i.main) refers to power.o(i.Power_ReadVoltage) for Power_ReadVoltage
    main.o(i.main) refers to f2d.o(x$fpl$f2d) for __aeabi_f2d
    main.o(i.main) refers to motor.o(i.Motor_SetSpeed) for Motor_SetSpeed
    main.o(i.main) refers to mpu6050.o(i.MPU6050_ReturnAY) for MPU6050_ReturnAY
    main.o(i.main) refers to mpu6050.o(i.MPU6050_ReturnAX) for MPU6050_ReturnAX
    main.o(i.main) refers to mpu6050.o(i.MPU6050_ReturnGX) for MPU6050_ReturnGX
    main.o(i.main) refers to mpu6050.o(i.MPU6050_ReturnAZ) for MPU6050_ReturnAZ
    main.o(i.main) refers to mpu6050.o(i.MPU6050_ReturnGZ) for MPU6050_ReturnGZ
    main.o(i.main) refers to mpu6050.o(i.MPU6050_ReturnGY) for MPU6050_ReturnGY
    main.o(i.main) refers to qmc5883p.o(i.QMC5883P_ReturnMY) for QMC5883P_ReturnMY
[...]
    __ARM_exceptions_init                     - Undefined Weak Reference
    __alloca_initialize                       - Undefined Weak Reference
    __arm_preinit_                            - Undefined Weak Reference
    __cpp_initialize__aeabi_                  - Undefined Weak Reference
    __cxa_finalize                            - Undefined Weak Reference
    __sigvec_lookup                           - Undefined Weak Reference
    _atexit_init                              - Undefined Weak Reference
    _call_atexit_fns                          - Undefined Weak Reference
    _clock_init                               - Undefined Weak Reference
    _fp_trap_init                             - Undefined Weak Reference
    _fp_trap_shutdown                         - Undefined Weak Reference
    _get_lc_collate                           - Undefined Weak Reference
    _get_lc_monetary                          - Undefined Weak Reference
    _get_lc_time                              - Undefined Weak Reference
    _getenv_init                              - Undefined Weak Reference
    _handle_redirection                       - Undefined Weak Reference
    _init_alloc                               - Undefined Weak Reference
    _init_user_alloc                          - Undefined Weak Reference
    _initio                                   - Undefined Weak Reference
    _printf_mbtowc                            - Undefined Weak Reference
    _printf_wc                                - Undefined Weak Reference
    _rand_init                                - Undefined Weak Reference
    _signal_finish                            - Undefined Weak Reference
    _signal_init                              - Undefined Weak Reference
    _terminate_alloc                          - Undefined Weak Reference
    _terminate_user_alloc                     - Undefined Weak Reference
    _terminateio                              - Undefined Weak Reference
    __Vectors_Size                           0x000000ec   Number         0  startup_stm32f103xb.o ABSOLUTE
    __Vectors                                0x08000000   Data           4  startup_stm32f103xb.o(RESET)
    __Vectors_End                            0x080000ec   Data           0  startup_stm32f103xb.o(RESET)
    __main                                   0x080000ed   Thumb Code     8  __main.o(!!!main)
    __scatterload                            0x080000f5   Thumb Code     0  __scatter.o(!!!scatter)
    __scatterload_rt2                        0x080000f5   Thumb Code    44  __scatter.o(!!!scatter)
    __scatterload_rt2_thumb_only             0x080000f5   Thumb Code     0  __scatter.o(!!!scatter)
    __scatterload_null                       0x08000103   Thumb Code     0  __scatter.o(!!!scatter)
    __scatterload_copy                       0x08000129   Thumb Code    26  __scatter_copy.o(!!handler_copy)
    __scatterload_zeroinit                   0x08000145   Thumb Code    28  __scatter_zi.o(!!handler_zi)
    _printf_n                                0x08000161   Thumb Code     0  _printf_n.o(.ARM.Collect$$_printf_percent$$00000001)
    _printf_percent                          0x08000161   Thumb Code     0  _printf_percent.o(.ARM.Collect$$_printf_percent$$00000000)
    _printf_p                                0x08000167   Thumb Code     0  _printf_p.o(.ARM.Collect$$_printf_percent$$00000002)
    _printf_f                                0x0800016d   Thumb Code     0  _printf_f.o(.ARM.Collect$$_printf_percent$$00000003)
    _printf_e                                0x08000173   Thumb Code     0  _printf_e.o(.ARM.Collect$$_printf_percent$$00000004)
    _printf_g                                0x08000179   Thumb Code     0  _printf_g.o(.ARM.Collect$$_printf_percent$$00000005)
    _printf_a                                0x0800017f   Thumb Code     0  _printf_a.o(.ARM.Collect$$_printf_percent$$00000006)
    _printf_ll                               0x08000185   Thumb Code     0  _printf_ll.o(.ARM.Collect$$_printf_percent$$00000007)
    _printf_i                                0x0800018f   Thumb Code     0  _printf_i.o(.ARM.Collect$$_printf_percent$$00000008)
    _printf_d                                0x08000195   Thumb Code     0  _printf_d.o(.ARM.Collect$$_printf_percent$$00000009)
    _printf_u                                0x0800019b   Thumb Code     0  _printf_u.o(.ARM.Collect$$_printf_percent$$0000000A)
    _printf_o                                0x080001a1   Thumb Code     0  _printf_o.o(.ARM.Collect$$_printf_percent$$0000000B)
    _printf_x                                0x080001a7   Thumb Code     0  _printf_x.o(.ARM.Collect$$_printf_percent$$0000000C)
    _printf_lli                              0x080001ad   Thumb Code     0  _printf_lli.o(.ARM.Collect$$_printf_percent$$0000000D)
    _printf_lld                              0x080001b3   Thumb Code     0  _printf_lld.o(.ARM.Collect$$_printf_percent$$0000000E)
    _printf_llu                              0x080001b9   Thumb Code     0  _printf_llu.o(.ARM.Collect$$_printf_percent$$0000000F)
    _printf_llo                              0x080001bf   Thumb Code     0  _printf_llo.o(.ARM.Collect$$_printf_percent$$00000010)
    _printf_llx                              0x080001c5   Thumb Code     0  _printf_llx.o(.ARM.Collect$$_printf_percent$$00000011)
    _printf_l                                0x080001cb   Thumb Code     0  _printf_l.o(.ARM.Collect$$_printf_percent$$00000012)
    _printf_c                                0x080001d5   Thumb Code     0  _printf_c.o(.ARM.Collect$$_printf_percent$$00000013)
    _printf_s                                0x080001db   Thumb Code     0  _printf_s.o(.ARM.Collect$$_printf_percent$$00000014)
    _printf_lc                               0x080001e1   Thumb Code     0  _printf_lc.o(.ARM.Collect$$_printf_percent$$00000015)
    _printf_ls                               0x080001e7   Thumb Code     0  _printf_ls.o(.ARM.Collect$$_printf_percent$$00000016)
    _printf_percent_end                      0x080001ed   Thumb Code     0  _printf_percent_end.o(.ARM.Collect$$_printf_percent$$00000017)
    __rt_lib_init                            0x080001f1   Thumb Code     0  libinit.o(.ARM.Collect$$libinit$$00000000)
    __rt_lib_init_fp_1                       0x080001f3   Thumb Code     0  libinit2.o(.ARM.Collect$$libinit$$00000002)
    __rt_lib_init_heap_1                     0x080001f3   Thumb Code     0  libinit2.o(.ARM.Collect$$libinit$$0000000A)
    __rt_lib_init_lc_common                  0x080001f3   Thumb Code     0  libinit2.o(.ARM.Collect$$libinit$$0000000F)
    __rt_lib_init_preinit_1                  0x080001f3   Thumb Code     0  libinit2.o(.ARM.Collect$$libinit$$00000004)
    __rt_lib_init_rand_1                     0x080001f3   Thumb Code     0  libinit2.o(.ARM.Collect$$libinit$$0000000E)
    __rt_lib_init_user_alloc_1               0x080001f3   Thumb Code     0  libinit2.o(.ARM.Collect$$libinit$$0000000C)
    __rt_lib_init_lc_collate_1               0x080001f9   Thumb Code     0  libinit2.o(.ARM.Collect$$libinit$$00000011)
    __rt_lib_init_lc_ctype_2                 0x080001f9   Thumb Code     0  libinit2.o(.ARM.Collect$$libinit$$00000012)
    __rt_lib_init_lc_ctype_1                 0x08000205   Thumb Code     0  libinit2.o(.ARM.Collect$$libinit$$00000013)
    __rt_lib_init_lc_monetary_1              0x08000205   Thumb Code     0  libinit2.o(.ARM.Collect$$libinit$$00000015)
    __rt_lib_init_lc_numeric_2               0x08000205   Thumb Code     0  libinit2.o(.ARM.Collect$$libinit$$00000016)
    __rt_lib_init_alloca_1                   0x0800020f   Thumb Code     0  libinit2.o(.ARM.Collect$$libinit$$0000002E)
    __rt_lib_init_argv_1                     0x0800020f   Thumb Code     0  libinit2.o(.ARM.Collect$$libinit$$0000002C)
    __rt_lib_init_atexit_1                   0x0800020f   Thumb Code     0  libinit2.o(.ARM.Collect$$libinit$$0000001B)
    __rt_lib_init_clock_1                    0x0800020f   Thumb Code     0  libinit2.o(.ARM.Collect$$libinit$$00000021)
    __rt_lib_init_cpp_1                      0x0800020f   Thumb Code     0  libinit2.o(.ARM.Collect$$libinit$$00000032)
    __rt_lib_init_exceptions_1               0x0800020f   Thumb Code     0  libinit2.o(.ARM.Collect$$libinit$$00000030)
    __rt_lib_init_fp_trap_1                  0x0800020f   Thumb Code     0  libinit2.o(.ARM.Collect$$libinit$$0000001F)
    __rt_lib_init_getenv_1                   0x0800020f   Thumb Code     0  libinit2.o(.ARM.Collect$$libinit$$00000023)
    __rt_lib_init_lc_numeric_1               0x0800020f   Thumb Code     0  libinit2.o(.ARM.Collect$$libinit$$00000017)
    __rt_lib_init_lc_time_1                  0x0800020f   Thumb Code     0  libinit2.o(.ARM.Collect$$libinit$$00000019)
    __rt_lib_init_return                     0x0800020f   Thumb Code     0  libinit2.o(.ARM.Collect$$libinit$$00000033)
    __rt_lib_init_signal_1                   0x0800020f   Thumb Code     0  libinit2.o(.ARM.Collect$$libinit$$0000001D)
    __rt_lib_init_stdio_1                    0x0800020f   Thumb Code     0  libinit2.o(.ARM.Collect$$libinit$$00000025)
    __rt_lib_shutdown                        0x08000211   Thumb Code     0  libshutdown.o(.ARM.Collect$$libshutdown$$00000000)
    __rt_lib_shutdown_cpp_1                  0x08000213   Thumb Code     0  libshutdown2.o(.ARM.Collect$$libshutdown$$00000002)
    __rt_lib_shutdown_fp_trap_1              0x08000213   Thumb Code     0  libshutdown2.o(.ARM.Collect$$libshutdown$$00000007)
    __rt_lib_shutdown_heap_1                 0x08000213   Thumb Code     0  libshutdown2.o(.ARM.Collect$$libshutdown$$0000000F)
    __rt_lib_shutdown_return                 0x08000213   Thumb Code     0  libshutdown2.o(.ARM.Collect$$libshutdown$$00000010)
    __rt_lib_shutdown_signal_1               0x08000213   Thumb Code     0  libshutdown2.o(.ARM.Collect$$libshutdown$$0000000A)
    __rt_lib_shutdown_stdio_1                0x08000213   Thumb Code     0  libshutdown2.o(.ARM.Collect$$libshutdown$$00000004)
    __rt_lib_shutdown_user_alloc_1           0x08000213   Thumb Code     0  libshutdown2.o(.ARM.Collect$$libshutdown$$0000000C)
    __rt_entry                               0x08000215   Thumb Code     0  __rtentry.o(.ARM.Collect$$rtentry$$00000000)
    __rt_entry_presh_1                       0x08000215   Thumb Code     0  __rtentry2.o(.ARM.Collect$$rtentry$$00000002)
    __rt_entry_sh                            0x08000215   Thumb Code     0  __rtentry4.o(.ARM.Collect$$rtentry$$00000004)
    __rt_entry_li                            0x0800021b   Thumb Code     0  __rtentry2.o(.ARM.Collect$$rtentry$$0000000A)
    __rt_entry_postsh_1                      0x0800021b   Thumb Code     0  __rtentry2.o(.ARM.Collect$$rtentry$$00000009)
    __rt_entry_main                          0x0800021f   Thumb Code     0  __rtentry2.o(.ARM.Collect$$rtentry$$0000000D)
    __rt_entry_postli_1                      0x0800021f   Thumb Code     0  __rtentry2.o(.ARM.Collect$$rtentry$$0000000C)
    __rt_exit                                0x08000227   Thumb Code     0  rtexit.o(.ARM.Collect$$rtexit$$00000000)
    __rt_exit_ls                             0x08000229   Thumb Code     0  rtexit2.o(.ARM.Collect$$rtexit$$00000003)
    __rt_exit_prels_1                        0x08000229   Thumb Code     0  rtexit2.o(.ARM.Collect$$rtexit$$00000002)
    __rt_exit_exit                           0x0800022d   Thumb Code     0  rtexit2.o(.ARM.Collect$$rtexit$$00000004)
    Reset_Handler                            0x08000235   Thumb Code     8  startup_stm32f103xb.o(.text)
    ADC1_2_IRQHandler                        0x0800024f   Thumb Code     0  startup_stm32f103xb.o(.text)
    CAN1_RX1_IRQHandler                      0x0800024f   Thumb Code     0  startup_stm32f103xb.o(.text)
    CAN1_SCE_IRQHandler                      0x0800024f   Thumb Code     0  startup_stm32f103xb.o(.text)
    DMA1_Channel2_IRQHandler                 0x0800024f   Thumb Code     0  startup_stm32f103xb.o(.text)
    DMA1_Channel3_IRQHandler                 0x0800024f   Thumb Code     0  startup_stm32f103xb.o(.text)
    DMA1_Channel4_IRQHandler                 0x0800024f   Thumb Code     0  startup_stm32f103xb.o(.text)
    DMA1_Channel5_IRQHandler                 0x0800024f   Thumb Code     0  startup_stm32f103xb.o(.text)
    DMA1_Channel6_IRQHandler                 0x0800024f   Thumb Code     0  startup_stm32f103xb.o(.text)
    DMA1_Channel7_IRQHandler                 0x0800024f   Thumb Code     0  startup_stm32f103xb.o(.text)
    EXTI0_IRQHandler                         0x0800024f   Thumb Code     0  startup_stm32f103xb.o(.text)
    EXTI15_10_IRQHandler                     0x0800024f   Thumb Code     0  startup_stm32f103xb.o(.text)
    EXTI1_IRQHandler                         0x0800024f   Thumb Code     0  startup_stm32f103xb.o(.text)
    EXTI2_IRQHandler                         0x0800024f   Thumb Code     0  startup_stm32f103xb.o(.text)
    EXTI3_IRQHandler                         0x0800024f   Thumb Code     0  startup_stm32f103xb.o(.text)
    EXTI4_IRQHandler                         0x0800024f   Thumb Code     0  startup_stm32f103xb.o(.text)
    EXTI9_5_IRQHandler                       0x0800024f   Thumb Code     0  startup_stm32f103xb.o(.text)
    FLASH_IRQHandler                         0x0800024f   Thumb Code     0  startup_stm32f103xb.o(.text)
    I2C1_ER_IRQHandler                       0x0800024f   Thumb Code     0  startup_stm32f103xb.o(.text)
    I2C1_EV_IRQHandler                       0x0800024f   Thumb Code     0  startup_stm32f103xb.o(.text)
    I2C2_ER_IRQHandler                       0x0800024f   Thumb Code     0  startup_stm32f103xb.o(.text)
    I2C2_EV_IRQHandler                       0x0800024f   Thumb Code     0  startup_stm32f103xb.o(.text)
    PVD_IRQHandler                           0x0800024f   Thumb Code     0  startup_stm32f103xb.o(.text)
    RCC_IRQHandler                           0x0800024f   Thumb Code     0  startup_stm32f103xb.o(.text)
    RTC_Alarm_IRQHandler                     0x0800024f   Thumb Code     0  startup_stm32f103xb.o(.text)
    RTC_IRQHandler                           0x0800024f   Thumb Code     0  startup_stm32f103xb.o(.text)
    SPI1_IRQHandler                          0x0800024f   Thumb Code     0  startup_stm32f103xb.o(.text)
    SPI2_IRQHandler                          0x0800024f   Thumb Code     0  startup_stm32f103xb.o(.text)
    TAMPER_IRQHandler                        0x0800024f   Thumb Code     0  startup_stm32f103xb.o(.text)
    TIM1_BRK_IRQHandler                      0x0800024f   Thumb Code     0  startup_stm32f103xb.o(.text)
    TIM1_CC_IRQHandler                       0x0800024f   Thumb Code     0  startup_stm32f103xb.o(.text)
    TIM1_TRG_COM_IRQHandler                  0x0800024f   Thumb Code     0  startup_stm32f103xb.o(.text)
    TIM1_UP_IRQHandler                       0x0800024f   Thumb Code     0  startup_stm32f103xb.o(.text)
    TIM2_IRQHandler                          0x0800024f   Thumb Code     0  startup_stm32f103xb.o(.text)
    TIM3_IRQHandler                          0x0800024f   Thumb Code     0  startup_stm32f103xb.o(.text)
    TIM4_IRQHandler                          0x0800024f   Thumb Code     0  startup_stm32f103xb.o(.text)
    USART1_IRQHandler                        0x0800024f   Thumb Code     0  startup_stm32f103xb.o(.text)
    USART2_IRQHandler                        0x0800024f   Thumb Code     0  startup_stm32f103xb.o(.text)
    USART3_IRQHandler                        0x0800024f   Thumb Code     0  startup_stm32f103xb.o(.text)
    USBWakeUp_IRQHandler                     0x0800024f   Thumb Code     0  startup_stm32f103xb.o(.text)
    USB_HP_CAN1_TX_IRQHandler                0x0800024f   Thumb Code     0  startup_stm32f103xb.o(.text)
    USB_LP_CAN1_RX0_IRQHandler               0x0800024f   Thumb Code     0  startup_stm32f103xb.o(.text)
    WWDG_IRQHandler                          0x0800024f   Thumb Code     0  startup_stm32f103xb.o(.text)
    __user_initial_stackheap                 0x08000251   Thumb Code     0  startup_stm32f103xb.o(.text)
    vsprintf                                 0x08000275   Thumb Code    32  vsprintf.o(.text)
    __aeabi_memclr4                          0x08000299   Thumb Code     0  rt_memclr_w.o(.text)
    __aeabi_memclr8                          0x08000299   Thumb Code     0  rt_memclr_w.o(.text)
    __rt_memclr_w                            0x08000299   Thumb Code    78  rt_memclr_w.o(.text)
    _memset_w                                0x0800029d   Thumb Code     0  rt_memclr_w.o(.text)
    strcmp                                   0x080002e9   Thumb Code   128  strcmpv7m.o(.text)
    __use_two_region_memory                  0x08000369   Thumb Code     2  heapauxi.o(.text)
    __rt_heap_escrow$2region                 0x0800036b   Thumb Code     2  heapauxi.o(.text)
    __rt_heap_expand$2region                 0x0800036d   Thumb Code     2  heapauxi.o(.text)
    _printf_pre_padding                      0x0800036f   Thumb Code    44  _printf_pad.o(.text)
    _printf_post_padding                     0x0800039b   Thumb Code    34  _printf_pad.o(.text)
    _printf_truncate_signed                  0x080003bd   Thumb Code    18  _printf_truncate.o(.text)
    _printf_truncate_unsigned                0x080003cf   Thumb Code    18  _printf_truncate.o(.text)
    _printf_str                              0x080003e1   Thumb Code    82  _printf_str.o(.text)
    _printf_int_dec                          0x08000435   Thumb Code   104  _printf_dec.o(.text)
    _printf_charcount                        0x080004ad   Thumb Code    40  _printf_charcount.o(.text)
    _printf_char_common                      0x080004df   Thumb Code    32  _printf_char_common.o(.text)
    _sputc                                   0x08000505   Thumb Code    10  _sputc.o(.text)
    _printf_wctomb                           0x08000511   Thumb Code   182  _printf_wctomb.o(.text)
    _printf_longlong_dec                     0x080005cd   Thumb Code   108  _printf_longlong_dec.o(.text)
    _printf_longlong_oct                     0x08000649   Thumb Code    66  _printf_oct_int_ll.o(.text)
    _printf_int_oct                          0x0800068b   Thumb Code    24  _printf_oct_int_ll.o(.text)
    _printf_ll_oct                           0x080006a3   Thumb Code    12  _printf_oct_int_ll.o(.text)
    _printf_longlong_hex                     0x080006b9   Thumb Code    86  _printf_hex_int_ll_ptr.o(.text)
    _printf_int_hex                          0x0800070f   Thumb Code    28  _printf_hex_int_ll_ptr.o(.text)
    _printf_ll_hex                           0x0800072b   Thumb Code    12  _printf_hex_int_ll_ptr.o(.text)
    _printf_hex_ptr                          0x08000737   Thumb Code    18  _printf_hex_int_ll_ptr.o(.text)
    __printf                                 0x0800074d   Thumb Code   388  __printf_flags_ss_wp.o(.text)
    _ll_udiv10                               0x080008d5   Thumb Code   138  lludiv10.o(.text)
    _printf_int_common                       0x0800095f   Thumb Code   178  _printf_intcommon.o(.text)
    __lib_sel_fp_printf                      0x08000a11   Thumb Code     2  _printf_fp_dec.o(.text)
    _printf_fp_dec_real                      0x08000bc3   Thumb Code   620  _printf_fp_dec.o(.text)
    _printf_fp_hex_real                      0x08000e31   Thumb Code   756  _printf_fp_hex.o(.text)
    _printf_cs_common                        0x0800112d   Thumb Code    20  _printf_char.o(.text)
    _printf_char                             0x08001141   Thumb Code    16  _printf_char.o(.text)
    _printf_string                           0x08001151   Thumb Code     8  _printf_char.o(.text)
    _printf_lcs_common                       0x08001159   Thumb Code    20  _printf_wchar.o(.text)
    _printf_wchar                            0x0800116d   Thumb Code    16  _printf_wchar.o(.text)
    _printf_wstring                          0x0800117d   Thumb Code     8  _printf_wchar.o(.text)
    _wcrtomb                                 0x08001185   Thumb Code    64  _wcrtomb.o(.text)
    __user_libspace                          0x080011c5   Thumb Code     8  libspace.o(.text)
    __user_perproc_libspace                  0x080011c5   Thumb Code     0  libspace.o(.text)
    __user_perthread_libspace                0x080011c5   Thumb Code     0  libspace.o(.text)
    __user_setup_stackheap                   0x080011cd   Thumb Code    74  sys_stackheap_outer.o(.text)
    __rt_ctype_table                         0x08001219   Thumb Code    16  rt_ctype_table.o(.text)
    __rt_locale                              0x08001229   Thumb Code     8  rt_locale_intlibspace.o(.text)
    _printf_fp_infnan                        0x08001231   Thumb Code   112  _printf_fp_infnan.o(.text)
    _btod_etento                             0x080012b1   Thumb Code   224  bigflt0.o(.text)
    exit                                     0x08001395   Thumb Code    18  exit.o(.text)
    _sys_exit                                0x080013a9   Thumb Code     8  sys_exit.o(.text)
    __I$use$semihosting                      0x080013b5   Thumb Code     0  use_no_semi.o(.text)
    __use_no_semihosting_swi                 0x080013b5   Thumb Code     2  use_no_semi.o(.text)
    __semihosting_library_function           0x080013b7   Thumb Code     0  indicate_semi.o(.text)
    _btod_d2e                                0x080013b7   Thumb Code    62  btod.o(CL$$btod_d2e)
    _d2e_denorm_low                          0x080013f5   Thumb Code    70  btod.o(CL$$btod_d2e_denorm_low)
    _d2e_norm_op1                            0x0800143b   Thumb Code    96  btod.o(CL$$btod_d2e_norm_op1)
    __btod_div_common                        0x0800149b   Thumb Code   696  btod.o(CL$$btod_div_common)
    _e2e                                     0x080017d3   Thumb Code   220  btod.o(CL$$btod_e2e)
    _btod_ediv                               0x080018af   Thumb Code    42  btod.o(CL$$btod_ediv)
    _btod_emul                               0x080018d9   Thumb Code    42  btod.o(CL$$btod_emul)
    __btod_mult_common                       0x08001903   Thumb Code   580  btod.o(CL$$btod_mult_common)
    ADC_ConversionStop_Disable               0x08001b49   Thumb Code    86  stm32f1xx_hal_adc.o(i.ADC_ConversionStop_Disable)
    ADC_DMAConvCplt                          0x08001b9f   Thumb Code    78  stm32f1xx_hal_adc.o(i.ADC_DMAConvCplt)
    ADC_DMAError                             0x08001bed   Thumb Code    26  stm32f1xx_hal_adc.o(i.ADC_DMAError)
    ADC_DMAHalfConvCplt                      0x08001c07   Thumb Code    10  stm32f1xx_hal_adc.o(i.ADC_DMAHalfConvCplt)
    ADC_Enable                               0x08001c11   Thumb Code   114  stm32f1xx_hal_adc.o(i.ADC_Enable)
    BMP280_GetID                             0x08001c8d   Thumb Code     6  bmp280.o(i.BMP280_GetID)
    BMP280_Get_Pressure                      0x08001c93   Thumb Code    42  bmp280.o(i.BMP280_Get_Pressure)
    BMP280_Get_Temperature                   0x08001cbd   Thumb Code    42  bmp280.o(i.BMP280_Get_Temperature)
    BMP280_Init                              0x08001ce9   Thumb Code   326  bmp280.o(i.BMP280_Init)
    BMP280_ReadReg                           0x08001e35   Thumb Code    80  bmp280.o(i.BMP280_ReadReg)
    BMP280_Set_Standby_FILTER                0x08001e85   Thumb Code    22  bmp280.o(i.BMP280_Set_Standby_FILTER)
    BMP280_Set_TemOversamp                   0x08001e9b   Thumb Code    22  bmp280.o(i.BMP280_Set_TemOversamp)
    BMP280_WriteReg                          0x08001eb1   Thumb Code    64  bmp280.o(i.BMP280_WriteReg)
    BusFault_Handler                         0x08001ef1   Thumb Code     2  stm32f1xx_it.o(i.BusFault_Handler)
    DMA1_Channel1_IRQHandler                 0x08001ef5   Thumb Code     6  stm32f1xx_it.o(i.DMA1_Channel1_IRQHandler)
    DebugMon_Handler                         0x08001f2b   Thumb Code     2  stm32f1xx_it.o(i.DebugMon_Handler)
    Delay_ms                                 0x08001f2d   Thumb Code    22  delay.o(i.Delay_ms)
    Delay_us                                 0x08001f43   Thumb Code    32  delay.o(i.Delay_us)
    Error_Handler                            0x08001f63   Thumb Code     4  main.o(i.Error_Handler)
    HAL_ADCEx_Calibration_Start              0x08001f69   Thumb Code   210  stm32f1xx_hal_adc_ex.o(i.HAL_ADCEx_Calibration_Start)
    HAL_ADC_ConfigChannel                    0x08002041   Thumb Code   240  stm32f1xx_hal_adc.o(i.HAL_ADC_ConfigChannel)
    HAL_ADC_ConvCpltCallback                 0x0800213d   Thumb Code     2  stm32f1xx_hal_adc.o(i.HAL_ADC_ConvCpltCallback)
    HAL_ADC_ConvHalfCpltCallback             0x0800213f   Thumb Code     2  stm32f1xx_hal_adc.o(i.HAL_ADC_ConvHalfCpltCallback)
    HAL_ADC_ErrorCallback                    0x08002141   Thumb Code     2  stm32f1xx_hal_adc.o(i.HAL_ADC_ErrorCallback)
    HAL_ADC_Init                             0x08002145   Thumb Code   272  stm32f1xx_hal_adc.o(i.HAL_ADC_Init)
    HAL_ADC_MspInit                          0x08002261   Thumb Code   122  adc.o(i.HAL_ADC_MspInit)
    HAL_ADC_Start_DMA                        0x080022f1   Thumb Code   246  stm32f1xx_hal_adc.o(i.HAL_ADC_Start_DMA)
    HAL_DMA_IRQHandler                       0x080023fd   Thumb Code   316  stm32f1xx_hal_dma.o(i.HAL_DMA_IRQHandler)
    HAL_DMA_Init                             0x08002551   Thumb Code    84  stm32f1xx_hal_dma.o(i.HAL_DMA_Init)
    HAL_DMA_Start_IT                         0x080025ad   Thumb Code   112  stm32f1xx_hal_dma.o(i.HAL_DMA_Start_IT)
    HAL_GPIO_Init                            0x0800261d   Thumb Code   446  stm32f1xx_hal_gpio.o(i.HAL_GPIO_Init)
    HAL_GPIO_ReadPin                         0x080027fd   Thumb Code    10  stm32f1xx_hal_gpio.o(i.HAL_GPIO_ReadPin)
    HAL_GPIO_WritePin                        0x08002807   Thumb Code    10  stm32f1xx_hal_gpio.o(i.HAL_GPIO_WritePin)
    HAL_GetTick                              0x08002811   Thumb Code     6  stm32f1xx_hal.o(i.HAL_GetTick)
    HAL_IncTick                              0x0800281d   Thumb Code    12  stm32f1xx_hal.o(i.HAL_IncTick)
    HAL_Init                                 0x0800282d   Thumb Code    32  stm32f1xx_hal.o(i.HAL_Init)
    HAL_InitTick                             0x08002851   Thumb Code    54  stm32f1xx_hal.o(i.HAL_InitTick)
    HAL_MspInit                              0x08002891   Thumb Code    52  stm32f1xx_hal_msp.o(i.HAL_MspInit)
    HAL_NVIC_EnableIRQ                       0x080028cd   Thumb Code    26  stm32f1xx_hal_cortex.o(i.HAL_NVIC_EnableIRQ)
    HAL_NVIC_SetPriority                     0x080028e9   Thumb Code    60  stm32f1xx_hal_cortex.o(i.HAL_NVIC_SetPriority)
    HAL_NVIC_SetPriorityGrouping             0x08002929   Thumb Code    26  stm32f1xx_hal_cortex.o(i.HAL_NVIC_SetPriorityGrouping)
    HAL_RCCEx_GetPeriphCLKFreq               0x0800294d   Thumb Code   148  stm32f1xx_hal_rcc_ex.o(i.HAL_RCCEx_GetPeriphCLKFreq)
    HAL_RCCEx_PeriphCLKConfig                0x080029f1   Thumb Code   224  stm32f1xx_hal_rcc_ex.o(i.HAL_RCCEx_PeriphCLKConfig)
    HAL_RCC_ClockConfig                      0x08002add   Thumb Code   280  stm32f1xx_hal_rcc.o(i.HAL_RCC_ClockConfig)
    HAL_RCC_GetPCLK2Freq                     0x08002c09   Thumb Code    20  stm32f1xx_hal_rcc.o(i.HAL_RCC_GetPCLK2Freq)
    HAL_RCC_GetSysClockFreq                  0x08002c29   Thumb Code    58  stm32f1xx_hal_rcc.o(i.HAL_RCC_GetSysClockFreq)
    HAL_RCC_OscConfig                        0x08002c75   Thumb Code   778  stm32f1xx_hal_rcc.o(i.HAL_RCC_OscConfig)
    HAL_SYSTICK_Config                       0x08002f95   Thumb Code    40  stm32f1xx_hal_cortex.o(i.HAL_SYSTICK_Config)
    HAL_TIMEx_ConfigBreakDeadTime            0x08002fbd   Thumb Code    84  stm32f1xx_hal_tim_ex.o(i.HAL_TIMEx_ConfigBreakDeadTime)
    HAL_TIMEx_MasterConfigSynchronization    0x08003011   Thumb Code    92  stm32f1xx_hal_tim_ex.o(i.HAL_TIMEx_MasterConfigSynchronization)
    HAL_TIM_Base_Init                        0x08003079   Thumb Code    90  stm32f1xx_hal_tim.o(i.HAL_TIM_Base_Init)
    HAL_TIM_Base_MspInit                     0x080030d5   Thumb Code    30  tim.o(i.HAL_TIM_Base_MspInit)
    HAL_TIM_ConfigClockSource                0x080030fd   Thumb Code   220  stm32f1xx_hal_tim.o(i.HAL_TIM_ConfigClockSource)
    HAL_TIM_MspPostInit                      0x080031d9   Thumb Code    66  tim.o(i.HAL_TIM_MspPostInit)
    HAL_TIM_PWM_ConfigChannel                0x08003229   Thumb Code   204  stm32f1xx_hal_tim.o(i.HAL_TIM_PWM_ConfigChannel)
    HAL_TIM_PWM_Init                         0x080032f5   Thumb Code    90  stm32f1xx_hal_tim.o(i.HAL_TIM_PWM_Init)
    HAL_TIM_PWM_MspInit                      0x0800334f   Thumb Code     2  stm32f1xx_hal_tim.o(i.HAL_TIM_PWM_MspInit)
    HAL_TIM_PWM_Start                        0x08003351   Thumb Code   144  stm32f1xx_hal_tim.o(i.HAL_TIM_PWM_Start)
    HardFault_Handler                        0x080033ed   Thumb Code     2  stm32f1xx_it.o(i.HardFault_Handler)
    LED_Blink                                0x080033ef   Thumb Code    20  led.o(i.LED_Blink)
    LED_Init                                 0x08003403   Thumb Code     4  led.o(i.LED_Init)
    LED_Off                                  0x08003409   Thumb Code    10  led.o(i.LED_Off)
    LED_On                                   0x08003419   Thumb Code    10  led.o(i.LED_On)
    LED_PowerWarningOff                      0x08003429   Thumb Code    10  led.o(i.LED_PowerWarningOff)
    MPU6050_GetData                          0x08003439   Thumb Code   290  mpu6050.o(i.MPU6050_GetData)
    MPU6050_GetID                            0x08003565   Thumb Code     6  mpu6050.o(i.MPU6050_GetID)
    MPU6050_Init                             0x0800356b   Thumb Code    58  mpu6050.o(i.MPU6050_Init)
    MPU6050_ReadReg                          0x080035a5   Thumb Code    62  mpu6050.o(i.MPU6050_ReadReg)
    MPU6050_ReturnAX                         0x080035e5   Thumb Code     6  mpu6050.o(i.MPU6050_ReturnAX)
    MPU6050_ReturnAY                         0x080035f1   Thumb Code     6  mpu6050.o(i.MPU6050_ReturnAY)
    MPU6050_ReturnAZ                         0x080035fd   Thumb Code     6  mpu6050.o(i.MPU6050_ReturnAZ)
    MPU6050_ReturnGX                         0x08003609   Thumb Code     6  mpu6050.o(i.MPU6050_ReturnGX)
    MPU6050_ReturnGY                         0x08003615   Thumb Code     6  mpu6050.o(i.MPU6050_ReturnGY)
    MPU6050_ReturnGZ                         0x08003621   Thumb Code     6  mpu6050.o(i.MPU6050_ReturnGZ)
    MPU6050_WriteReg                         0x0800362d   Thumb Code    48  mpu6050.o(i.MPU6050_WriteReg)
    MX_ADC1_Init                             0x0800365d   Thumb Code    94  adc.o(i.MX_ADC1_Init)
    MX_DMA_Init                              0x080036c5   Thumb Code    40  dma.o(i.MX_DMA_Init)
    MX_GPIO_Init                             0x080036f1   Thumb Code   138  gpio.o(i.MX_GPIO_Init)
    MX_TIM1_Init                             0x08003789   Thumb Code   238  tim.o(i.MX_TIM1_Init)
    MemManage_Handler                        0x08003881   Thumb Code     2  stm32f1xx_it.o(i.MemManage_Handler)
    Motor_Init                               0x08003885   Thumb Code    56  motor.o(i.Motor_Init)
    Motor_SetSpeed                           0x080038c1   Thumb Code    52  motor.o(i.Motor_SetSpeed)
    MyI2C_End                                0x080038f9   Thumb Code    24  myi2c.o(i.MyI2C_End)
    MyI2C_Init                               0x08003911   Thumb Code    18  myi2c.o(i.MyI2C_Init)
    MyI2C_R_SDA                              0x08003925   Thumb Code    22  myi2c.o(i.MyI2C_R_SDA)
    MyI2C_RecieveACK                         0x08003941   Thumb Code    36  myi2c.o(i.MyI2C_RecieveACK)
    MyI2C_RecieveByte                        0x08003965   Thumb Code    52  myi2c.o(i.MyI2C_RecieveByte)
    MyI2C_SendACK                            0x08003999   Thumb Code    22  myi2c.o(i.MyI2C_SendACK)
    MyI2C_SendByte                           0x080039af   Thumb Code    44  myi2c.o(i.MyI2C_SendByte)
    MyI2C_Start                              0x080039db   Thumb Code    30  myi2c.o(i.MyI2C_Start)
    MyI2C_W_SCL                              0x080039f9   Thumb Code    24  myi2c.o(i.MyI2C_W_SCL)
    MyI2C_W_SDA                              0x08003a15   Thumb Code    24  myi2c.o(i.MyI2C_W_SDA)
    NMI_Handler                              0x08003a31   Thumb Code     2  stm32f1xx_it.o(i.NMI_Handler)
    OLED_Clear                               0x08003a35   Thumb Code    34  oled.o(i.OLED_Clear)
    OLED_ClearArea                           0x08003a5d   Thumb Code    86  oled.o(i.OLED_ClearArea)
    OLED_GPIO_Init                           0x08003ab9   Thumb Code    42  oled.o(i.OLED_GPIO_Init)
    OLED_I2C_SendByte                        0x08003ae3   Thumb Code    58  oled.o(i.OLED_I2C_SendByte)
    OLED_I2C_Start                           0x08003b1d   Thumb Code    30  oled.o(i.OLED_I2C_Start)
    OLED_I2C_Stop                            0x08003b3b   Thumb Code    24  oled.o(i.OLED_I2C_Stop)
    OLED_Init                                0x08003b53   Thumb Code   156  oled.o(i.OLED_Init)
    OLED_Printf                              0x08003bef   Thumb Code    42  oled.o(i.OLED_Printf)
    OLED_SetCursor                           0x08003c19   Thumb Code    34  oled.o(i.OLED_SetCursor)
    OLED_ShowChar                            0x08003c3d   Thumb Code    52  oled.o(i.OLED_ShowChar)
    OLED_ShowImage                           0x08003c79   Thumb Code   182  oled.o(i.OLED_ShowImage)
    OLED_ShowString                          0x08003d35   Thumb Code   356  oled.o(i.OLED_ShowString)
    OLED_Update                              0x08003ea1   Thumb Code    34  oled.o(i.OLED_Update)
    OLED_W_SCL                               0x08003ec9   Thumb Code    12  oled.o(i.OLED_W_SCL)
    OLED_W_SDA                               0x08003ed9   Thumb Code    12  oled.o(i.OLED_W_SDA)
    OLED_WriteCommand                        0x08003ee9   Thumb Code    34  oled.o(i.OLED_WriteCommand)
    OLED_WriteData                           0x08003f0b   Thumb Code    48  oled.o(i.OLED_WriteData)
    PendSV_Handler                           0x08003f3b   Thumb Code     2  stm32f1xx_it.o(i.PendSV_Handler)
    Power_Init                               0x08003f3d   Thumb Code    30  power.o(i.Power_Init)
    Power_ReadVoltage                        0x08003f65   Thumb Code    82  power.o(i.Power_ReadVoltage)
    QMC5883P_GetData                         0x08003fc9   Thumb Code    90  qmc5883p.o(i.QMC5883P_GetData)
    QMC5883P_GetID                           0x08004029   Thumb Code     6  qmc5883p.o(i.QMC5883P_GetID)
    QMC5883P_Init                            0x0800402f   Thumb Code    26  qmc5883p.o(i.QMC5883P_Init)
    QMC5883P_ReadReg                         0x08004049   Thumb Code    62  qmc5883p.o(i.QMC5883P_ReadReg)
    QMC5883P_ReturnMX                        0x08004089   Thumb Code    14  qmc5883p.o(i.QMC5883P_ReturnMX)
    QMC5883P_ReturnMY                        0x0800409d   Thumb Code    14  qmc5883p.o(i.QMC5883P_ReturnMY)
    QMC5883P_ReturnMZ                        0x080040b1   Thumb Code    14  qmc5883p.o(i.QMC5883P_ReturnMZ)
    QMC5883P_WriteReg                        0x080040c5   Thumb Code    48  qmc5883p.o(i.QMC5883P_WriteReg)
    SVC_Handler                              0x080040f5   Thumb Code     2  stm32f1xx_it.o(i.SVC_Handler)
    SysTick_Handler                          0x080040f7   Thumb Code     4  stm32f1xx_it.o(i.SysTick_Handler)
    SystemClock_Config                       0x080040fb   Thumb Code   120  main.o(i.SystemClock_Config)
    SystemInit                               0x08004173   Thumb Code     2  system_stm32f1xx.o(i.SystemInit)
    TIM_Base_SetConfig                       0x08004175   Thumb Code   108  stm32f1xx_hal_tim.o(i.TIM_Base_SetConfig)
    TIM_CCxChannelCmd                        0x080041ed   Thumb Code    26  stm32f1xx_hal_tim.o(i.TIM_CCxChannelCmd)
    TIM_ETR_SetConfig                        0x08004207   Thumb Code    20  stm32f1xx_hal_tim.o(i.TIM_ETR_SetConfig)
    TIM_OC2_SetConfig                        0x0800427d   Thumb Code    84  stm32f1xx_hal_tim.o(i.TIM_OC2_SetConfig)
    UsageFault_Handler                       0x080043b7   Thumb Code     2  stm32f1xx_it.o(i.UsageFault_Handler)
    __ARM_fpclassify                         0x080043b9   Thumb Code    40  fpclassify.o(i.__ARM_fpclassify)
    _is_digit                                0x08004401   Thumb Code    14  __printf_wp.o(i._is_digit)
    bmp280_compensate_P_double               0x08004411   Thumb Code   466  bmp280.o(i.bmp280_compensate_P_double)
    bmp280_compensate_T_double               0x080045f9   Thumb Code   196  bmp280.o(i.bmp280_compensate_T_double)
    main                                     0x080046c5   Thumb Code   462  main.o(i.main)
    _get_lc_numeric                          0x08004911   Thumb Code    44  lc_numeric_c.o(locale$$code)
    _get_lc_ctype                            0x0800493d   Thumb Code    44  lc_ctype_c.o(locale$$code)
    __aeabi_d2f                              0x08004969   Thumb Code     0  d2f.o(x$fpl$d2f)
    _d2f                                     0x08004969   Thumb Code    98  d2f.o(x$fpl$d2f)
    __aeabi_dadd                             0x080049cd   Thumb Code     0  daddsub_clz.o(x$fpl$dadd)
    _dadd                                    0x080049cd   Thumb Code   332  daddsub_clz.o(x$fpl$dadd)
    __fpl_dcheck_NaN1                        0x08004b1d   Thumb Code    10  dcheck1.o(x$fpl$dcheck1)
    __fpl_dcmp_Inf                           0x08004b2d   Thumb Code    24  dcmpi.o(x$fpl$dcmpinf)
    __aeabi_ddiv                             0x08004b45   Thumb Code     0  ddiv.o(x$fpl$ddiv)
    _ddiv                                    0x08004b45   Thumb Code   552  ddiv.o(x$fpl$ddiv)
    __aeabi_cdcmpeq                          0x08004df5   Thumb Code     0  deqf.o(x$fpl$deqf)
    _dcmpeq                                  0x08004df5   Thumb Code   120  deqf.o(x$fpl$deqf)
    __aeabi_d2iz                             0x08004e6d   Thumb Code     0  dfix.o(x$fpl$dfix)
    _dfix                                    0x08004e6d   Thumb Code    94  dfix.o(x$fpl$dfix)
    __aeabi_i2d                              0x08004ecb   Thumb Code     0  dflt_clz.o(x$fpl$dflt)
    _dflt                                    0x08004ecb   Thumb Code    46  dflt_clz.o(x$fpl$dflt)
    __aeabi_ui2d                             0x08004ef9   Thumb Code     0  dflt_clz.o(x$fpl$dfltu)
    _dfltu                                   0x08004ef9   Thumb Code    38  dflt_clz.o(x$fpl$dfltu)
    __aeabi_dmul                             0x08004f21   Thumb Code     0  dmul.o(x$fpl$dmul)
    _dmul                                    0x08004f21   Thumb Code   332  dmul.o(x$fpl$dmul)
    __fpl_dnaninf                            0x08005075   Thumb Code   156  dnaninf.o(x$fpl$dnaninf)
    __fpl_dretinf                            0x08005111   Thumb Code    12  dretinf.o(x$fpl$dretinf)
    __aeabi_drsub                            0x0800511d   Thumb Code     0  daddsub_clz.o(x$fpl$drsb)
    _drsb                                    0x0800511d   Thumb Code    22  daddsub_clz.o(x$fpl$drsb)
    __aeabi_dsub                             0x08005135   Thumb Code     0  daddsub_clz.o(x$fpl$dsub)
    _dsub                                    0x08005135   Thumb Code   464  daddsub_clz.o(x$fpl$dsub)
    __aeabi_f2d                              0x08005309   Thumb Code     0  f2d.o(x$fpl$f2d)
    _f2d                                     0x08005309   Thumb Code    86  f2d.o(x$fpl$f2d)
    __fpl_fcheck_NaN1                        0x08005361   Thumb Code     6  fcheck1.o(x$fpl$fcheck1)
    __aeabi_fdiv                             0x0800536d   Thumb Code     0  fdiv.o(x$fpl$fdiv)
    _fdiv                                    0x0800536d   Thumb Code   384  fdiv.o(x$fpl$fdiv)
    __aeabi_f2iz                             0x080054f1   Thumb Code     0  ffix.o(x$fpl$ffix)
    _ffix                                    0x080054f1   Thumb Code    54  ffix.o(x$fpl$ffix)
    __aeabi_i2f                              0x08005529   Thumb Code     0  fflt_clz.o(x$fpl$fflt)
    _fflt                                    0x08005529   Thumb Code    48  fflt_clz.o(x$fpl$fflt)
    __aeabi_ui2f                             0x08005559   Thumb Code     0  fflt_clz.o(x$fpl$ffltu)
    _ffltu                                   0x08005559   Thumb Code    38  fflt_clz.o(x$fpl$ffltu)
    __aeabi_fmul                             0x08005581   Thumb Code     0  fmul.o(x$fpl$fmul)
    _fmul                                    0x08005581   Thumb Code   258  fmul.o(x$fpl$fmul)
    __fpl_fnaninf                            0x08005683   Thumb Code   140  fnaninf.o(x$fpl$fnaninf)
    __fpl_fretinf                            0x0800570f   Thumb Code    10  fretinf.o(x$fpl$fretinf)
    _printf_fp_dec                           0x08005719   Thumb Code     4  printf1.o(x$fpl$printf1)
    _printf_fp_hex                           0x0800571d   Thumb Code     4  printf2.o(x$fpl$printf2)
    __fpl_return_NaN                         0x08005721   Thumb Code   100  retnan.o(x$fpl$retnan)
    __ARM_scalbn                             0x08005785   Thumb Code    92  scalbn.o(x$fpl$scalbn)
    __ARM_scalbnf                            0x080057e1   Thumb Code    76  scalbnf.o(x$fpl$scalbnf)
    __fpl_cmpreturn                          0x0800582d   Thumb Code    48  trapv.o(x$fpl$trapveneer)
    __I$use$fp                               0x0800585c   Number         0  usenofp.o(x$fpl$usenofp)
    AHBPrescTable                            0x08005880   Data          16  system_stm32f1xx.o(.constdata)
    APBPrescTable                            0x08005890   Data           8  system_stm32f1xx.o(.constdata)
    OLED_F8x16                               0x08005898   Data        1520  oled_data.o(.constdata)
    OLED_F6x8                                0x08005e88   Data         570  oled_data.o(.constdata)
    OLED_CF16x16                             0x080060c2   Data         259  oled_data.o(.constdata)
    Region$$Table$$Base                      0x080062c4   Number         0  anon$$obj.o(Region$$Table)
    Region$$Table$$Limit                     0x080062e4   Number         0  anon$$obj.o(Region$$Table)
    __ctype                                  0x0800630d   Data           0  lc_ctype_c.o(locale$$data)
    uwTickFreq                               0x20000000   Data           1  stm32f1xx_hal.o(.data)
    uwTickPrio                               0x20000004   Data           4  stm32f1xx_hal.o(.data)
    uwTick                                   0x20000008   Data           4  stm32f1xx_hal.o(.data)
    SystemCoreClock                          0x2000000c   Data           4  system_stm32f1xx.o(.data)
    AX                                       0x20000010   Data           4  mpu6050.o(.data)
    AY                                       0x20000014   Data           4  mpu6050.o(.data)
    AZ                                       0x20000018   Data           4  mpu6050.o(.data)
    GX                                       0x2000001c   Data           4  mpu6050.o(.data)
    GY                                       0x20000020   Data           4  mpu6050.o(.data)
    GZ                                       0x20000024   Data           4  mpu6050.o(.data)
    Yaw                                      0x20000028   Data           4  mpu6050.o(.data)
    Pitch                                    0x2000002c   Data           4  mpu6050.o(.data)
    Roll                                     0x20000030   Data           4  mpu6050.o(.data)
    bmp280                                   0x20000034   Data           4  bmp280.o(.data)
    t_fine                                   0x20000038   Data           4  bmp280.o(.data)
    MX                                       0x2000003c   Data           4  qmc5883p.o(.data)
    MY                                       0x20000040   Data           4  qmc5883p.o(.data)
    MZ                                       0x20000044   Data           4  qmc5883p.o(.data)
    ADC_Value                                0x2000004a   Data           4  power.o(.data)
    hadc1                                    0x20000050   Data          48  adc.o(.bss)
    hdma_adc1                                0x20000080   Data          68  adc.o(.bss)
    htim1                                    0x200000c4   Data          72  tim.o(.bss)
    OLED_DisplayBuf                          0x2000010c   Data        1024  oled.o(.bss)
    bmp280_inst                              0x2000050c   Data          24  bmp280.o(.bss)
    __libspace_start                         0x2000054c   Data          96  libspace.o(.bss)
    __temporary_stack_top$libspace           0x200005ac   Data           0  libspace.o(.bss)



==============================================================================

Memory Map of the image

  Image Entry point : 0x080000ed

  Load Region LR_IROM1 (Base: 0x08000000, Size: 0x00006460, Max: 0x00010000, ABSOLUTE)

    Execution Region ER_IROM1 (Exec base: 0x08000000, Load base: 0x08000000, Size: 0x00006410, Max: 0x00010000, ABSOLUTE)

    Exec Addr    Load Addr    Size         Type   Attr      Idx    E Section Name        Object

    0x08000000   0x08000000   0x000000ec   Data   RO            3    RESET               startup_stm32f103xb.o
    0x080000ec   0x080000ec   0x00000008   Code   RO         3690  * !!!main             c_w.l(__main.o)
    0x080000f4   0x080000f4   0x00000034   Code   RO         4135    !!!scatter          c_w.l(__scatter.o)
    0x08000128   0x08000128   0x0000001a   Code   RO         4137    !!handler_copy      c_w.l(__scatter_copy.o)
    0x08000142   0x08000142   0x00000002   PAD
    0x08000144   0x08000144   0x0000001c   Code   RO         4139    !!handler_zi        c_w.l(__scatter_zi.o)
    0x08000160   0x08000160   0x00000000   Code   RO         3848    .ARM.Collect$$_printf_percent$$00000000  c_w.l(_printf_percent.o)
    0x08000160   0x08000160   0x00000006   Code   RO         3837    .ARM.Collect$$_printf_percent$$00000001  c_w.l(_printf_n.o)
    0x08000166   0x08000166   0x00000006   Code   RO         3839    .ARM.Collect$$_printf_percent$$00000002  c_w.l(_printf_p.o)
    0x0800016c   0x0800016c   0x00000006   Code   RO         3844    .ARM.Collect$$_printf_percent$$00000003  c_w.l(_printf_f.o)
    0x08000172   0x08000172   0x00000006   Code   RO         3845    .ARM.Collect$$_printf_percent$$00000004  c_w.l(_printf_e.o)
    0x08000178   0x08000178   0x00000006   Code   RO         3846    .ARM.Collect$$_printf_percent$$00000005  c_w.l(_printf_g.o)
    0x0800017e   0x0800017e   0x00000006   Code   RO         3847    .ARM.Collect$$_printf_percent$$00000006  c_w.l(_printf_a.o)
    0x08000184   0x08000184   0x0000000a   Code   RO         3852    .ARM.Collect$$_printf_percent$$00000007  c_w.l(_printf_ll.o)
    0x0800018e   0x0800018e   0x00000006   Code   RO         3841    .ARM.Collect$$_printf_percent$$00000008  c_w.l(_printf_i.o)
    0x08000194   0x08000194   0x00000006   Code   RO         3842    .ARM.Collect$$_printf_percent$$00000009  c_w.l(_printf_d.o)
    0x0800019a   0x0800019a   0x00000006   Code   RO         3843    .ARM.Collect$$_printf_percent$$0000000A  c_w.l(_printf_u.o)
    0x080001a0   0x080001a0   0x00000006   Code   RO         3840    .ARM.Collect$$_printf_percent$$0000000B  c_w.l(_printf_o.o)
    0x080001a6   0x080001a6   0x00000006   Code   RO         3838    .ARM.Collect$$_printf_percent$$0000000C  c_w.l(_printf_x.o)
    0x080001ac   0x080001ac   0x00000006   Code   RO         3849    .ARM.Collect$$_printf_percent$$0000000D  c_w.l(_printf_lli.o)
    0x080001b2   0x080001b2   0x00000006   Code   RO         3850    .ARM.Collect$$_printf_percent$$0000000E  c_w.l(_printf_lld.o)
    0x080001b8   0x080001b8   0x00000006   Code   RO         3851    .ARM.Collect$$_printf_percent$$0000000F  c_w.l(_printf_llu.o)
    0x080001be   0x080001be   0x00000006   Code   RO         3856    .ARM.Collect$$_printf_percent$$00000010  c_w.l(_printf_llo.o)
    0x080001c4   0x080001c4   0x00000006   Code   RO         3857    .ARM.Collect$$_printf_percent$$00000011  c_w.l(_printf_llx.o)
    0x080001ca   0x080001ca   0x0000000a   Code   RO         3853    .ARM.Collect$$_printf_percent$$00000012  c_w.l(_printf_l.o)
    0x080001d4   0x080001d4   0x00000006   Code   RO         3835    .ARM.Collect$$_printf_percent$$00000013  c_w.l(_printf_c.o)
    0x080001da   0x080001da   0x00000006   Code   RO         3836    .ARM.Collect$$_printf_percent$$00000014  c_w.l(_printf_s.o)
    0x080001e0   0x080001e0   0x00000006   Code   RO         3854    .ARM.Collect$$_printf_percent$$00000015  c_w.l(_printf_lc.o)
    0x080001e6   0x080001e6   0x00000006   Code   RO         3855    .ARM.Collect$$_printf_percent$$00000016  c_w.l(_printf_ls.o)
    0x080001ec   0x080001ec   0x00000004   Code   RO         3943    .ARM.Collect$$_printf_percent$$00000017  c_w.l(_printf_percent_end.o)
    0x080001f0   0x080001f0   0x00000002   Code   RO         4001    .ARM.Collect$$libinit$$00000000  c_w.l(libinit.o)
    0x080001f2   0x080001f2   0x00000000   Code   RO         4012    .ARM.Collect$$libinit$$00000002  c_w.l(libinit2.o)
    0x080001f2   0x080001f2   0x00000000   Code   RO         4014    .ARM.Collect$$libinit$$00000004  c_w.l(libinit2.o)
    0x080001f2   0x080001f2   0x00000000   Code   RO         4017    .ARM.Collect$$libinit$$0000000A  c_w.l(libinit2.o)
    0x080001f2   0x080001f2   0x00000000   Code   RO         4019    .ARM.Collect$$libinit$$0000000C  c_w.l(libinit2.o)
    0x080001f2   0x080001f2   0x00000000   Code   RO         4021    .ARM.Collect$$libinit$$0000000E  c_w.l(libinit2.o)
    0x080001f2   0x080001f2   0x00000006   Code   RO         4022    .ARM.Collect$$libinit$$0000000F  c_w.l(libinit2.o)
    0x080001f8   0x080001f8   0x00000000   Code   RO         4024    .ARM.Collect$$libinit$$00000011  c_w.l(libinit2.o)
    0x080001f8   0x080001f8   0x0000000c   Code   RO         4025    .ARM.Collect$$libinit$$00000012  c_w.l(libinit2.o)
    0x08000204   0x08000204   0x00000000   Code   RO         4026    .ARM.Collect$$libinit$$00000013  c_w.l(libinit2.o)
    0x08000204   0x08000204   0x00000000   Code   RO         4028    .ARM.Collect$$libinit$$00000015  c_w.l(libinit2.o)
    0x08000204   0x08000204   0x0000000a   Code   RO         4029    .ARM.Collect$$libinit$$00000016  c_w.l(libinit2.o)
    0x0800020e   0x0800020e   0x00000000   Code   RO         4030    .ARM.Collect$$libinit$$00000017  c_w.l(libinit2.o)
    0x0800020e   0x0800020e   0x00000000   Code   RO         4032    .ARM.Collect$$libinit$$00000019  c_w.l(libinit2.o)
    0x0800020e   0x0800020e   0x00000000   Code   RO         4034    .ARM.Collect$$libinit$$0000001B  c_w.l(libinit2.o)
    0x0800020e   0x0800020e   0x00000000   Code   RO         4036    .ARM.Collect$$libinit$$0000001D  c_w.l(libinit2.o)
    0x0800020e   0x0800020e   0x00000000   Code   RO         4038    .ARM.Collect$$libinit$$0000001F  c_w.l(libinit2.o)
    0x0800020e   0x0800020e   0x00000000   Code   RO         4040    .ARM.Collect$$libinit$$00000021  c_w.l(libinit2.o)
    0x0800020e   0x0800020e   0x00000000   Code   RO         4042    .ARM.Collect$$libinit$$00000023  c_w.l(libinit2.o)
    0x0800020e   0x0800020e   0x00000000   Code   RO         4044    .ARM.Collect$$libinit$$00000025  c_w.l(libinit2.o)
    0x0800020e   0x0800020e   0x00000000   Code   RO         4048    .ARM.Collect$$libinit$$0000002C  c_w.l(libinit2.o)
    0x0800020e   0x0800020e   0x00000000   Code   RO         4050    .ARM.Collect$$libinit$$0000002E  c_w.l(libinit2.o)
    0x0800020e   0x0800020e   0x00000000   Code   RO         4052    .ARM.Collect$$libinit$$00000030  c_w.l(libinit2.o)
    0x0800020e   0x0800020e   0x00000000   Code   RO         4054    .ARM.Collect$$libinit$$00000032  c_w.l(libinit2.o)
    0x0800020e   0x0800020e   0x00000002   Code   RO         4055    .ARM.Collect$$libinit$$00000033  c_w.l(libinit2.o)
    0x08000210   0x08000210   0x00000002   Code   RO         4075    .ARM.Collect$$libshutdown$$00000000  c_w.l(libshutdown.o)
    0x08000212   0x08000212   0x00000000   Code   RO         4088    .ARM.Collect$$libshutdown$$00000002  c_w.l(libshutdown2.o)
    0x08000212   0x08000212   0x00000000   Code   RO         4090    .ARM.Collect$$libshutdown$$00000004  c_w.l(libshutdown2.o)
    0x08000212   0x08000212   0x00000000   Code   RO         4093    .ARM.Collect$$libshutdown$$00000007  c_w.l(libshutdown2.o)
    0x08000212   0x08000212   0x00000000   Code   RO         4096    .ARM.Collect$$libshutdown$$0000000A  c_w.l(libshutdown2.o)
    0x08000212   0x08000212   0x00000000   Code   RO         4098    .ARM.Collect$$libshutdown$$0000000C  c_w.l(libshutdown2.o)
    0x08000212   0x08000212   0x00000000   Code   RO         4101    .ARM.Collect$$libshutdown$$0000000F  c_w.l(libshutdown2.o)
    0x08000212   0x08000212   0x00000002   Code   RO         4102    .ARM.Collect$$libshutdown$$00000010  c_w.l(libshutdown2.o)
    0x08000214   0x08000214   0x00000000   Code   RO         3764    .ARM.Collect$$rtentry$$00000000  c_w.l(__rtentry.o)
    0x08000214   0x08000214   0x00000000   Code   RO         3909    .ARM.Collect$$rtentry$$00000002  c_w.l(__rtentry2.o)
    0x08000214   0x08000214   0x00000006   Code   RO         3921    .ARM.Collect$$rtentry$$00000004  c_w.l(__rtentry4.o)
    0x0800021a   0x0800021a   0x00000000   Code   RO         3911    .ARM.Collect$$rtentry$$00000009  c_w.l(__rtentry2.o)
    0x0800021a   0x0800021a   0x00000004   Code   RO         3912    .ARM.Collect$$rtentry$$0000000A  c_w.l(__rtentry2.o)
    0x0800021e   0x0800021e   0x00000000   Code   RO         3914    .ARM.Collect$$rtentry$$0000000C  c_w.l(__rtentry2.o)
    0x0800021e   0x0800021e   0x00000008   Code   RO         3915    .ARM.Collect$$rtentry$$0000000D  c_w.l(__rtentry2.o)
    0x08000226   0x08000226   0x00000002   Code   RO         4006    .ARM.Collect$$rtexit$$00000000  c_w.l(rtexit.o)
    0x08000228   0x08000228   0x00000000   Code   RO         4057    .ARM.Collect$$rtexit$$00000002  c_w.l(rtexit2.o)
    0x08000228   0x08000228   0x00000004   Code   RO         4058    .ARM.Collect$$rtexit$$00000003  c_w.l(rtexit2.o)
    0x0800022c   0x0800022c   0x00000006   Code   RO         4059    .ARM.Collect$$rtexit$$00000004  c_w.l(rtexit2.o)
    0x08000232   0x08000232   0x00000002   PAD
    0x08000234   0x08000234   0x00000040   Code   RO            4    .text               startup_stm32f103xb.o
    0x08000274   0x08000274   0x00000024   Code   RO         3682    .text               c_w.l(vsprintf.o)
    0x08000298   0x08000298   0x0000004e   Code   RO         3684    .text               c_w.l(rt_memclr_w.o)
    0x080002e6   0x080002e6   0x00000002   PAD
    0x080002e8   0x080002e8   0x00000080   Code   RO         3686    .text               c_w.l(strcmpv7m.o)
    0x08000368   0x08000368   0x00000006   Code   RO         3688    .text               c_w.l(heapauxi.o)
    0x0800036e   0x0800036e   0x0000004e   Code   RO         3769    .text               c_w.l(_printf_pad.o)
    0x080003bc   0x080003bc   0x00000024   Code   RO         3771    .text               c_w.l(_printf_truncate.o)
    0x080003e0   0x080003e0   0x00000052   Code   RO         3773    .text               c_w.l(_printf_str.o)
    0x08000432   0x08000432   0x00000002   PAD
    0x08000434   0x08000434   0x00000078   Code   RO         3775    .text               c_w.l(_printf_dec.o)
    0x080004ac   0x080004ac   0x00000028   Code   RO         3777    .text               c_w.l(_printf_charcount.o)
    0x080004d4   0x080004d4   0x00000030   Code   RO         3779    .text               c_w.l(_printf_char_common.o)
    0x08000504   0x08000504   0x0000000a   Code   RO         3781    .text               c_w.l(_sputc.o)
    0x0800050e   0x0800050e   0x00000002   PAD
    0x08000510   0x08000510   0x000000bc   Code   RO         3783    .text               c_w.l(_printf_wctomb.o)
    0x080005cc   0x080005cc   0x0000007c   Code   RO         3786    .text               c_w.l(_printf_longlong_dec.o)
    0x08000648   0x08000648   0x00000070   Code   RO         3792    .text               c_w.l(_printf_oct_int_ll.o)
    0x080006b8   0x080006b8   0x00000094   Code   RO         3812    .text               c_w.l(_printf_hex_int_ll_ptr.o)
    0x0800074c   0x0800074c   0x00000188   Code   RO         3832    .text               c_w.l(__printf_flags_ss_wp.o)
    0x080008d4   0x080008d4   0x0000008a   Code   RO         3928    .text               c_w.l(lludiv10.o)
    0x0800095e   0x0800095e   0x000000b2   Code   RO         3930    .text               c_w.l(_printf_intcommon.o)
    0x08000a10   0x08000a10   0x0000041e   Code   RO         3932    .text               c_w.l(_printf_fp_dec.o)
    0x08000e2e   0x08000e2e   0x00000002   PAD
    0x08000e30   0x08000e30   0x000002fc   Code   RO         3934    .text               c_w.l(_printf_fp_hex.o)
    0x0800112c   0x0800112c   0x0000002c   Code   RO         3939    .text               c_w.l(_printf_char.o)
    0x08001158   0x08001158   0x0000002c   Code   RO         3941    .text               c_w.l(_printf_wchar.o)
    0x08001184   0x08001184   0x00000040   Code   RO         3944    .text               c_w.l(_wcrtomb.o)
    0x080011c4   0x080011c4   0x00000008   Code   RO         3952    .text               c_w.l(libspace.o)
    0x080011cc   0x080011cc   0x0000004a   Code   RO         3955    .text               c_w.l(sys_stackheap_outer.o)
    0x08001216   0x08001216   0x00000002   PAD
    0x08001218   0x08001218   0x00000010   Code   RO         3957    .text               c_w.l(rt_ctype_table.o)
    0x08001228   0x08001228   0x00000008   Code   RO         3962    .text               c_w.l(rt_locale_intlibspace.o)
    0x08001230   0x08001230   0x00000080   Code   RO         3964    .text               c_w.l(_printf_fp_infnan.o)
    0x080012b0   0x080012b0   0x000000e4   Code   RO         3966    .text               c_w.l(bigflt0.o)
    0x08001394   0x08001394   0x00000012   Code   RO         3994    .text               c_w.l(exit.o)
    0x080013a6   0x080013a6   0x00000002   PAD
    0x080013a8   0x080013a8   0x0000000c   Code   RO         4067    .text               c_w.l(sys_exit.o)
    0x080013b4   0x080013b4   0x00000002   Code   RO         4078    .text               c_w.l(use_no_semi.o)
    0x080013b6   0x080013b6   0x00000000   Code   RO         4080    .text               c_w.l(indicate_semi.o)
    0x080013b6   0x080013b6   0x0000003e   Code   RO         3969    CL$$btod_d2e        c_w.l(btod.o)
    0x080013f4   0x080013f4   0x00000046   Code   RO         3971    CL$$btod_d2e_denorm_low  c_w.l(btod.o)
    0x0800143a   0x0800143a   0x00000060   Code   RO         3970    CL$$btod_d2e_norm_op1  c_w.l(btod.o)
    0x0800149a   0x0800149a   0x00000338   Code   RO         3979    CL$$btod_div_common  c_w.l(btod.o)
    0x080017d2   0x080017d2   0x000000dc   Code   RO         3976    CL$$btod_e2e        c_w.l(btod.o)
    0x080018ae   0x080018ae   0x0000002a   Code   RO         3973    CL$$btod_ediv       c_w.l(btod.o)
    0x080018d8   0x080018d8   0x0000002a   Code   RO         3972    CL$$btod_emul       c_w.l(btod.o)
    0x08001902   0x08001902   0x00000244   Code   RO         3978    CL$$btod_mult_common  c_w.l(btod.o)
    0x08001b46   0x08001b46   0x00000002   PAD
    0x08001b48   0x08001b48   0x00000056   Code   RO          466    i.ADC_ConversionStop_Disable  stm32f1xx_hal_adc.o
    0x08001b9e   0x08001b9e   0x0000004e   Code   RO          467    i.ADC_DMAConvCplt   stm32f1xx_hal_adc.o
    0x08001bec   0x08001bec   0x0000001a   Code   RO          468    i.ADC_DMAError      stm32f1xx_hal_adc.o
    0x08001c06   0x08001c06   0x0000000a   Code   RO          469    i.ADC_DMAHalfConvCplt  stm32f1xx_hal_adc.o
    0x08001c10   0x08001c10   0x0000007c   Code   RO          470    i.ADC_Enable        stm32f1xx_hal_adc.o
    0x08001c8c   0x08001c8c   0x00000006   Code   RO         3382    i.BMP280_GetID      bmp280.o
    0x08001c92   0x08001c92   0x0000002a   Code   RO         3384    i.BMP280_Get_Pressure  bmp280.o
    0x08001cbc   0x08001cbc   0x0000002a   Code   RO         3385    i.BMP280_Get_Temperature  bmp280.o
    0x08001ce6   0x08001ce6   0x00000002   PAD
    0x08001ce8   0x08001ce8   0x0000014c   Code   RO         3386    i.BMP280_Init       bmp280.o
    0x08001e34   0x08001e34   0x00000050   Code   RO         3387    i.BMP280_ReadReg    bmp280.o
    0x08001e84   0x08001e84   0x00000016   Code   RO         3388    i.BMP280_Set_Standby_FILTER  bmp280.o
    0x08001e9a   0x08001e9a   0x00000016   Code   RO         3389    i.BMP280_Set_TemOversamp  bmp280.o
    0x08001eb0   0x08001eb0   0x00000040   Code   RO         3390    i.BMP280_WriteReg   bmp280.o
    0x08001ef0   0x08001ef0   0x00000002   Code   RO          324    i.BusFault_Handler  stm32f1xx_it.o
    0x08001ef2   0x08001ef2   0x00000002   PAD
    0x08001ef4   0x08001ef4   0x0000000c   Code   RO          325    i.DMA1_Channel1_IRQHandler  stm32f1xx_it.o
    0x08001f00   0x08001f00   0x0000002a   Code   RO         1122    i.DMA_SetConfig     stm32f1xx_hal_dma.o
    0x08001f2a   0x08001f2a   0x00000002   Code   RO          326    i.DebugMon_Handler  stm32f1xx_it.o
    0x08001f2c   0x08001f2c   0x00000016   Code   RO         3347    i.Delay_ms          delay.o
    0x08001f42   0x08001f42   0x00000020   Code   RO         3349    i.Delay_us          delay.o
    0x08001f62   0x08001f62   0x00000004   Code   RO           13    i.Error_Handler     main.o
    0x08001f66   0x08001f66   0x00000002   PAD
    0x08001f68   0x08001f68   0x000000d8   Code   RO          646    i.HAL_ADCEx_Calibration_Start  stm32f1xx_hal_adc_ex.o
    0x08002040   0x08002040   0x000000fc   Code   RO          472    i.HAL_ADC_ConfigChannel  stm32f1xx_hal_adc.o
    0x0800213c   0x0800213c   0x00000002   Code   RO          473    i.HAL_ADC_ConvCpltCallback  stm32f1xx_hal_adc.o
    0x0800213e   0x0800213e   0x00000002   Code   RO          474    i.HAL_ADC_ConvHalfCpltCallback  stm32f1xx_hal_adc.o
    0x08002140   0x08002140   0x00000002   Code   RO          476    i.HAL_ADC_ErrorCallback  stm32f1xx_hal_adc.o
    0x08002142   0x08002142   0x00000002   PAD
    0x08002144   0x08002144   0x0000011c   Code   RO          481    i.HAL_ADC_Init      stm32f1xx_hal_adc.o
    0x08002260   0x08002260   0x00000090   Code   RO          211    i.HAL_ADC_MspInit   adc.o
    0x080022f0   0x080022f0   0x0000010c   Code   RO          488    i.HAL_ADC_Start_DMA  stm32f1xx_hal_adc.o
    0x080023fc   0x080023fc   0x00000154   Code   RO         1128    i.HAL_DMA_IRQHandler  stm32f1xx_hal_dma.o
    0x08002550   0x08002550   0x0000005c   Code   RO         1129    i.HAL_DMA_Init      stm32f1xx_hal_dma.o
    0x080025ac   0x080025ac   0x00000070   Code   RO         1133    i.HAL_DMA_Start_IT  stm32f1xx_hal_dma.o
    0x0800261c   0x0800261c   0x000001e0   Code   RO         1059    i.HAL_GPIO_Init     stm32f1xx_hal_gpio.o
    0x080027fc   0x080027fc   0x0000000a   Code   RO         1061    i.HAL_GPIO_ReadPin  stm32f1xx_hal_gpio.o
    0x08002806   0x08002806   0x0000000a   Code   RO         1063    i.HAL_GPIO_WritePin  stm32f1xx_hal_gpio.o
    0x08002810   0x08002810   0x0000000c   Code   RO          753    i.HAL_GetTick       stm32f1xx_hal.o
    0x0800281c   0x0800281c   0x00000010   Code   RO          759    i.HAL_IncTick       stm32f1xx_hal.o
    0x0800282c   0x0800282c   0x00000024   Code   RO          760    i.HAL_Init          stm32f1xx_hal.o
    0x08002850   0x08002850   0x00000040   Code   RO          761    i.HAL_InitTick      stm32f1xx_hal.o
    0x08002890   0x08002890   0x0000003c   Code   RO          406    i.HAL_MspInit       stm32f1xx_hal_msp.o
    0x080028cc   0x080028cc   0x0000001a   Code   RO         1219    i.HAL_NVIC_EnableIRQ  stm32f1xx_hal_cortex.o
    0x080028e6   0x080028e6   0x00000002   PAD
    0x080028e8   0x080028e8   0x00000040   Code   RO         1225    i.HAL_NVIC_SetPriority  stm32f1xx_hal_cortex.o
    0x08002928   0x08002928   0x00000024   Code   RO         1226    i.HAL_NVIC_SetPriorityGrouping  stm32f1xx_hal_cortex.o
    0x0800294c   0x0800294c   0x000000a4   Code   RO         1020    i.HAL_RCCEx_GetPeriphCLKFreq  stm32f1xx_hal_rcc_ex.o
    0x080029f0   0x080029f0   0x000000ec   Code   RO         1021    i.HAL_RCCEx_PeriphCLKConfig  stm32f1xx_hal_rcc_ex.o
    0x08002adc   0x08002adc   0x0000012c   Code   RO          917    i.HAL_RCC_ClockConfig  stm32f1xx_hal_rcc.o
    0x08002c08   0x08002c08   0x00000020   Code   RO          925    i.HAL_RCC_GetPCLK2Freq  stm32f1xx_hal_rcc.o
    0x08002c28   0x08002c28   0x0000004c   Code   RO          926    i.HAL_RCC_GetSysClockFreq  stm32f1xx_hal_rcc.o
    0x08002c74   0x08002c74   0x00000320   Code   RO          929    i.HAL_RCC_OscConfig  stm32f1xx_hal_rcc.o
    0x08002f94   0x08002f94   0x00000028   Code   RO         1230    i.HAL_SYSTICK_Config  stm32f1xx_hal_cortex.o
    0x08002fbc   0x08002fbc   0x00000054   Code   RO         2428    i.HAL_TIMEx_ConfigBreakDeadTime  stm32f1xx_hal_tim_ex.o
    0x08003010   0x08003010   0x00000068   Code   RO         2444    i.HAL_TIMEx_MasterConfigSynchronization  stm32f1xx_hal_tim_ex.o
    0x08003078   0x08003078   0x0000005a   Code   RO         1721    i.HAL_TIM_Base_Init  stm32f1xx_hal_tim.o
    0x080030d2   0x080030d2   0x00000002   PAD
    0x080030d4   0x080030d4   0x00000028   Code   RO          277    i.HAL_TIM_Base_MspInit  tim.o
    0x080030fc   0x080030fc   0x000000dc   Code   RO         1730    i.HAL_TIM_ConfigClockSource  stm32f1xx_hal_tim.o
    0x080031d8   0x080031d8   0x00000050   Code   RO          278    i.HAL_TIM_MspPostInit  tim.o
    0x08003228   0x08003228   0x000000cc   Code   RO         1793    i.HAL_TIM_PWM_ConfigChannel  stm32f1xx_hal_tim.o
    0x080032f4   0x080032f4   0x0000005a   Code   RO         1796    i.HAL_TIM_PWM_Init  stm32f1xx_hal_tim.o
    0x0800334e   0x0800334e   0x00000002   Code   RO         1798    i.HAL_TIM_PWM_MspInit  stm32f1xx_hal_tim.o
    0x08003350   0x08003350   0x0000009c   Code   RO         1801    i.HAL_TIM_PWM_Start  stm32f1xx_hal_tim.o
    0x080033ec   0x080033ec   0x00000002   Code   RO          327    i.HardFault_Handler  stm32f1xx_it.o
    0x080033ee   0x080033ee   0x00000014   Code   RO         3596    i.LED_Blink         led.o
    0x08003402   0x08003402   0x00000004   Code   RO         3597    i.LED_Init          led.o
    0x08003406   0x08003406   0x00000002   PAD
    0x08003408   0x08003408   0x00000010   Code   RO         3598    i.LED_Off           led.o
    0x08003418   0x08003418   0x00000010   Code   RO         3599    i.LED_On            led.o
    0x08003428   0x08003428   0x00000010   Code   RO         3600    i.LED_PowerWarningOff  led.o
    0x08003438   0x08003438   0x0000012c   Code   RO         3152    i.MPU6050_GetData   mpu6050.o
    0x08003564   0x08003564   0x00000006   Code   RO         3153    i.MPU6050_GetID     mpu6050.o
    0x0800356a   0x0800356a   0x0000003a   Code   RO         3154    i.MPU6050_Init      mpu6050.o
    0x080035a4   0x080035a4   0x0000003e   Code   RO         3155    i.MPU6050_ReadReg   mpu6050.o
    0x080035e2   0x080035e2   0x00000002   PAD
    0x080035e4   0x080035e4   0x0000000c   Code   RO         3156    i.MPU6050_ReturnAX  mpu6050.o
    0x080035f0   0x080035f0   0x0000000c   Code   RO         3157    i.MPU6050_ReturnAY  mpu6050.o
    0x080035fc   0x080035fc   0x0000000c   Code   RO         3158    i.MPU6050_ReturnAZ  mpu6050.o
    0x08003608   0x08003608   0x0000000c   Code   RO         3159    i.MPU6050_ReturnGX  mpu6050.o
    0x08003614   0x08003614   0x0000000c   Code   RO         3160    i.MPU6050_ReturnGY  mpu6050.o
    0x08003620   0x08003620   0x0000000c   Code   RO         3161    i.MPU6050_ReturnGZ  mpu6050.o
    0x0800362c   0x0800362c   0x00000030   Code   RO         3165    i.MPU6050_WriteReg  mpu6050.o
    0x0800365c   0x0800365c   0x00000068   Code   RO          212    i.MX_ADC1_Init      adc.o
    0x080036c4   0x080036c4   0x0000002c   Code   RO          252    i.MX_DMA_Init       dma.o
    0x080036f0   0x080036f0   0x00000098   Code   RO          186    i.MX_GPIO_Init      gpio.o
    0x08003788   0x08003788   0x000000f8   Code   RO          279    i.MX_TIM1_Init      tim.o
    0x08003880   0x08003880   0x00000002   Code   RO          328    i.MemManage_Handler  stm32f1xx_it.o
    0x08003882   0x08003882   0x00000002   PAD
    0x08003884   0x08003884   0x0000003c   Code   RO         3648    i.Motor_Init        motor.o
    0x080038c0   0x080038c0   0x00000038   Code   RO         3649    i.Motor_SetSpeed    motor.o
    0x080038f8   0x080038f8   0x00000018   Code   RO         3268    i.MyI2C_End         myi2c.o
    0x08003910   0x08003910   0x00000012   Code   RO         3269    i.MyI2C_Init        myi2c.o
    0x08003922   0x08003922   0x00000002   PAD
    0x08003924   0x08003924   0x0000001c   Code   RO         3270    i.MyI2C_R_SDA       myi2c.o
    0x08003940   0x08003940   0x00000024   Code   RO         3271    i.MyI2C_RecieveACK  myi2c.o
    0x08003964   0x08003964   0x00000034   Code   RO         3272    i.MyI2C_RecieveByte  myi2c.o
    0x08003998   0x08003998   0x00000016   Code   RO         3273    i.MyI2C_SendACK     myi2c.o
    0x080039ae   0x080039ae   0x0000002c   Code   RO         3274    i.MyI2C_SendByte    myi2c.o
    0x080039da   0x080039da   0x0000001e   Code   RO         3275    i.MyI2C_Start       myi2c.o
    0x080039f8   0x080039f8   0x0000001c   Code   RO         3276    i.MyI2C_W_SCL       myi2c.o
    0x08003a14   0x08003a14   0x0000001c   Code   RO         3277    i.MyI2C_W_SDA       myi2c.o
    0x08003a30   0x08003a30   0x00000002   Code   RO          329    i.NMI_Handler       stm32f1xx_it.o
    0x08003a32   0x08003a32   0x00000002   PAD
    0x08003a34   0x08003a34   0x00000028   Code   RO         2887    i.OLED_Clear        oled.o
    0x08003a5c   0x08003a5c   0x0000005c   Code   RO         2888    i.OLED_ClearArea    oled.o
    0x08003ab8   0x08003ab8   0x0000002a   Code   RO         2896    i.OLED_GPIO_Init    oled.o
    0x08003ae2   0x08003ae2   0x0000003a   Code   RO         2898    i.OLED_I2C_SendByte  oled.o
    0x08003b1c   0x08003b1c   0x0000001e   Code   RO         2899    i.OLED_I2C_Start    oled.o
    0x08003b3a   0x08003b3a   0x00000018   Code   RO         2900    i.OLED_I2C_Stop     oled.o
    0x08003b52   0x08003b52   0x0000009c   Code   RO         2901    i.OLED_Init         oled.o
    0x08003bee   0x08003bee   0x0000002a   Code   RO         2904    i.OLED_Printf       oled.o
    0x08003c18   0x08003c18   0x00000022   Code   RO         2907    i.OLED_SetCursor    oled.o
    0x08003c3a   0x08003c3a   0x00000002   PAD
    0x08003c3c   0x08003c3c   0x0000003c   Code   RO         2909    i.OLED_ShowChar     oled.o
    0x08003c78   0x08003c78   0x000000bc   Code   RO         2912    i.OLED_ShowImage    oled.o
    0x08003d34   0x08003d34   0x0000016c   Code   RO         2915    i.OLED_ShowString   oled.o
    0x08003ea0   0x08003ea0   0x00000028   Code   RO         2916    i.OLED_Update       oled.o
    0x08003ec8   0x08003ec8   0x00000010   Code   RO         2918    i.OLED_W_SCL        oled.o
    0x08003ed8   0x08003ed8   0x00000010   Code   RO         2919    i.OLED_W_SDA        oled.o
    0x08003ee8   0x08003ee8   0x00000022   Code   RO         2920    i.OLED_WriteCommand  oled.o
    0x08003f0a   0x08003f0a   0x00000030   Code   RO         2921    i.OLED_WriteData    oled.o
    0x08003f3a   0x08003f3a   0x00000002   Code   RO          330    i.PendSV_Handler    stm32f1xx_it.o
    0x08003f3c   0x08003f3c   0x00000028   Code   RO         3550    i.Power_Init        power.o
    0x08003f64   0x08003f64   0x00000064   Code   RO         3551    i.Power_ReadVoltage  power.o
    0x08003fc8   0x08003fc8   0x00000060   Code   RO         3475    i.QMC5883P_GetData  qmc5883p.o
    0x08004028   0x08004028   0x00000006   Code   RO         3476    i.QMC5883P_GetID    qmc5883p.o
    0x0800402e   0x0800402e   0x0000001a   Code   RO         3477    i.QMC5883P_Init     qmc5883p.o
    0x08004048   0x08004048   0x0000003e   Code   RO         3478    i.QMC5883P_ReadReg  qmc5883p.o
    0x08004086   0x08004086   0x00000002   PAD
    0x08004088   0x08004088   0x00000014   Code   RO         3479    i.QMC5883P_ReturnMX  qmc5883p.o
    0x0800409c   0x0800409c   0x00000014   Code   RO         3480    i.QMC5883P_ReturnMY  qmc5883p.o
    0x080040b0   0x080040b0   0x00000014   Code   RO         3481    i.QMC5883P_ReturnMZ  qmc5883p.o
    0x080040c4   0x080040c4   0x00000030   Code   RO         3482    i.QMC5883P_WriteReg  qmc5883p.o
    0x080040f4   0x080040f4   0x00000002   Code   RO          331    i.SVC_Handler       stm32f1xx_it.o
    0x080040f6   0x080040f6   0x00000004   Code   RO          332    i.SysTick_Handler   stm32f1xx_it.o
    0x080040fa   0x080040fa   0x00000078   Code   RO           14    i.SystemClock_Config  main.o
    0x08004172   0x08004172   0x00000002   Code   RO         2693    i.SystemInit        system_stm32f1xx.o
    0x08004174   0x08004174   0x00000078   Code   RO         1814    i.TIM_Base_SetConfig  stm32f1xx_hal_tim.o
    0x080041ec   0x080041ec   0x0000001a   Code   RO         1815    i.TIM_CCxChannelCmd  stm32f1xx_hal_tim.o
    0x08004206   0x08004206   0x00000014   Code   RO         1825    i.TIM_ETR_SetConfig  stm32f1xx_hal_tim.o
    0x0800421a   0x0800421a   0x00000010   Code   RO         1826    i.TIM_ITRx_SetConfig  stm32f1xx_hal_tim.o
    0x0800422a   0x0800422a   0x00000002   PAD
    0x0800422c   0x0800422c   0x00000050   Code   RO         1827    i.TIM_OC1_SetConfig  stm32f1xx_hal_tim.o
    0x0800427c   0x0800427c   0x00000058   Code   RO         1828    i.TIM_OC2_SetConfig  stm32f1xx_hal_tim.o
    0x080042d4   0x080042d4   0x00000058   Code   RO         1829    i.TIM_OC3_SetConfig  stm32f1xx_hal_tim.o
    0x0800432c   0x0800432c   0x00000044   Code   RO         1830    i.TIM_OC4_SetConfig  stm32f1xx_hal_tim.o
    0x08004370   0x08004370   0x00000022   Code   RO         1832    i.TIM_TI1_ConfigInputStage  stm32f1xx_hal_tim.o
    0x08004392   0x08004392   0x00000024   Code   RO         1834    i.TIM_TI2_ConfigInputStage  stm32f1xx_hal_tim.o
    0x080043b6   0x080043b6   0x00000002   Code   RO          333    i.UsageFault_Handler  stm32f1xx_it.o
    0x080043b8   0x080043b8   0x00000028   Code   RO         3948    i.__ARM_fpclassify  m_ws.l(fpclassify.o)
    0x080043e0   0x080043e0   0x00000020   Code   RO         1232    i.__NVIC_SetPriority  stm32f1xx_hal_cortex.o
    0x08004400   0x08004400   0x0000000e   Code   RO         3825    i._is_digit         c_w.l(__printf_wp.o)
    0x0800440e   0x0800440e   0x00000002   PAD
    0x08004410   0x08004410   0x000001e8   Code   RO         3391    i.bmp280_compensate_P_double  bmp280.o
    0x080045f8   0x080045f8   0x000000cc   Code   RO         3392    i.bmp280_compensate_T_double  bmp280.o
    0x080046c4   0x080046c4   0x0000024c   Code   RO           15    i.main              main.o
    0x08004910   0x08004910   0x0000002c   Code   RO         3992    locale$$code        c_w.l(lc_numeric_c.o)
    0x0800493c   0x0800493c   0x0000002c   Code   RO         4009    locale$$code        c_w.l(lc_ctype_c.o)
    0x08004968   0x08004968   0x00000062   Code   RO         3692    x$fpl$d2f           fz_ws.l(d2f.o)
    0x080049ca   0x080049ca   0x00000002   PAD
    0x080049cc   0x080049cc   0x00000150   Code   RO         3694    x$fpl$dadd          fz_ws.l(daddsub_clz.o)
    0x08004b1c   0x08004b1c   0x00000010   Code   RO         3858    x$fpl$dcheck1       fz_ws.l(dcheck1.o)
    0x08004b2c   0x08004b2c   0x00000018   Code   RO         3860    x$fpl$dcmpinf       fz_ws.l(dcmpi.o)
    0x08004b44   0x08004b44   0x000002b0   Code   RO         3701    x$fpl$ddiv          fz_ws.l(ddiv.o)
    0x08004df4   0x08004df4   0x00000078   Code   RO         3704    x$fpl$deqf          fz_ws.l(deqf.o)
    0x08004e6c   0x08004e6c   0x0000005e   Code   RO         3706    x$fpl$dfix          fz_ws.l(dfix.o)
    0x08004eca   0x08004eca   0x0000002e   Code   RO         3715    x$fpl$dflt          fz_ws.l(dflt_clz.o)
    0x08004ef8   0x08004ef8   0x00000026   Code   RO         3714    x$fpl$dfltu         fz_ws.l(dflt_clz.o)
    0x08004f1e   0x08004f1e   0x00000002   PAD
    0x08004f20   0x08004f20   0x00000154   Code   RO         3722    x$fpl$dmul          fz_ws.l(dmul.o)
    0x08005074   0x08005074   0x0000009c   Code   RO         3862    x$fpl$dnaninf       fz_ws.l(dnaninf.o)
    0x08005110   0x08005110   0x0000000c   Code   RO         3864    x$fpl$dretinf       fz_ws.l(dretinf.o)
    0x0800511c   0x0800511c   0x00000016   Code   RO         3695    x$fpl$drsb          fz_ws.l(daddsub_clz.o)
    0x08005132   0x08005132   0x00000002   PAD
    0x08005134   0x08005134   0x000001d4   Code   RO         3696    x$fpl$dsub          fz_ws.l(daddsub_clz.o)
    0x08005308   0x08005308   0x00000056   Code   RO         3726    x$fpl$f2d           fz_ws.l(f2d.o)
    0x0800535e   0x0800535e   0x00000002   PAD
    0x08005360   0x08005360   0x0000000c   Code   RO         3868    x$fpl$fcheck1       fz_ws.l(fcheck1.o)
    0x0800536c   0x0800536c   0x00000184   Code   RO         3735    x$fpl$fdiv          fz_ws.l(fdiv.o)
    0x080054f0   0x080054f0   0x00000036   Code   RO         3738    x$fpl$ffix          fz_ws.l(ffix.o)
    0x08005526   0x08005526   0x00000002   PAD
    0x08005528   0x08005528   0x00000030   Code   RO         3743    x$fpl$fflt          fz_ws.l(fflt_clz.o)
    0x08005558   0x08005558   0x00000026   Code   RO         3742    x$fpl$ffltu         fz_ws.l(fflt_clz.o)
    0x0800557e   0x0800557e   0x00000002   PAD
    0x08005580   0x08005580   0x00000102   Code   RO         3748    x$fpl$fmul          fz_ws.l(fmul.o)
    0x08005682   0x08005682   0x0000008c   Code   RO         3870    x$fpl$fnaninf       fz_ws.l(fnaninf.o)
    0x0800570e   0x0800570e   0x0000000a   Code   RO         3872    x$fpl$fretinf       fz_ws.l(fretinf.o)
    0x08005718   0x08005718   0x00000004   Code   RO         3874    x$fpl$printf1       fz_ws.l(printf1.o)
    0x0800571c   0x0800571c   0x00000004   Code   RO         3876    x$fpl$printf2       fz_ws.l(printf2.o)
    0x08005720   0x08005720   0x00000064   Code   RO         3946    x$fpl$retnan        fz_ws.l(retnan.o)
    0x08005784   0x08005784   0x0000005c   Code   RO         3750    x$fpl$scalbn        fz_ws.l(scalbn.o)
    0x080057e0   0x080057e0   0x0000004c   Code   RO         3752    x$fpl$scalbnf       fz_ws.l(scalbnf.o)
    0x0800582c   0x0800582c   0x00000030   Code   RO         4004    x$fpl$trapveneer    fz_ws.l(trapv.o)
    0x0800585c   0x0800585c   0x00000000   Code   RO         3882    x$fpl$usenofp       fz_ws.l(usenofp.o)
    0x0800585c   0x0800585c   0x00000012   Data   RO          930    .constdata          stm32f1xx_hal_rcc.o
    0x0800586e   0x0800586e   0x00000012   Data   RO         1022    .constdata          stm32f1xx_hal_rcc_ex.o
    0x08005880   0x08005880   0x00000010   Data   RO         2694    .constdata          system_stm32f1xx.o
    0x08005890   0x08005890   0x00000008   Data   RO         2695    .constdata          system_stm32f1xx.o
    0x08005898   0x08005898   0x000005f0   Data   RO         3133    .constdata          oled_data.o
    0x08005e88   0x08005e88   0x0000023a   Data   RO         3134    .constdata          oled_data.o
    0x080060c2   0x080060c2   0x00000103   Data   RO         3135    .constdata          oled_data.o
    0x080061c5   0x080061c5   0x00000003   PAD
    0x080061c8   0x080061c8   0x00000008   Data   RO         3784    .constdata          c_w.l(_printf_wctomb.o)
    0x080061d0   0x080061d0   0x00000028   Data   RO         3813    .constdata          c_w.l(_printf_hex_int_ll_ptr.o)
    0x080061f8   0x080061f8   0x00000011   Data   RO         3833    .constdata          c_w.l(__printf_flags_ss_wp.o)
    0x08006209   0x08006209   0x00000026   Data   RO         3935    .constdata          c_w.l(_printf_fp_hex.o)
    0x0800622f   0x0800622f   0x00000001   PAD
    0x08006230   0x08006230   0x00000094   Data   RO         3967    .constdata          c_w.l(bigflt0.o)
    0x080062c4   0x080062c4   0x00000020   Data   RO         4133    Region$$Table       anon$$obj.o
    0x080062e4   0x080062e4   0x0000001c   Data   RO         3991    locale$$data        c_w.l(lc_numeric_c.o)
    0x08006300   0x08006300   0x00000110   Data   RO         4008    locale$$data        c_w.l(lc_ctype_c.o)


    Execution Region RW_IRAM1 (Exec base: 0x20000000, Load base: 0x08006410, Size: 0x00000bb0, Max: 0x00005000, ABSOLUTE)

    Exec Addr    Load Addr    Size         Type   Attr      Idx    E Section Name        Object

    0x20000000   0x08006410   0x0000000c   Data   RW          767    .data               stm32f1xx_hal.o
    0x2000000c   0x0800641c   0x00000004   Data   RW         2696    .data               system_stm32f1xx.o
    0x20000010   0x08006420   0x00000024   Data   RW         3166    .data               mpu6050.o
    0x20000034   0x08006444   0x00000008   Data   RW         3394    .data               bmp280.o
    0x2000003c   0x0800644c   0x0000000c   Data   RW         3483    .data               qmc5883p.o
    0x20000048   0x08006458   0x00000006   Data   RW         3554    .data               power.o
    0x2000004e   0x0800645e   0x00000002   PAD
    0x20000050        -       0x00000074   Zero   RW          213    .bss                adc.o
    0x200000c4        -       0x00000048   Zero   RW          280    .bss                tim.o
    0x2000010c        -       0x00000400   Zero   RW         2923    .bss                oled.o
    0x2000050c        -       0x00000018   Zero   RW         3393    .bss                bmp280.o
    0x20000524        -       0x00000028   Zero   RW         3553    .bss                power.o
    0x2000054c        -       0x00000060   Zero   RW         3953    .bss                c_w.l(libspace.o)
    0x200005ac   0x0800645e   0x00000004   PAD
    0x200005b0        -       0x00000200   Zero   RW            2    HEAP                startup_stm32f103xb.o
    0x200007b0        -       0x00000400   Zero   RW            1    STACK               startup_stm32f103xb.o


==============================================================================

Image component sizes


      Code (inc. data)   RO Data    RW Data    ZI Data      Debug   Object Name

       248         32          0          0        116       1779   adc.o
      1302         36          0          8         24       8384   bmp280.o
        54          0          0          0          0       1236   delay.o
        44          4          0          0          0        762   dma.o
       152         14          0          0          0        931   gpio.o
        72         18          0          0          0       2336   led.o
       712        126          0          0          0     440676   main.o
       116          8          0          0          0       1022   motor.o
       546         46          0         36          0       5919   mpu6050.o
       310         14          0          0          0       5321   myi2c.o
      1284         48          0          0       1024      11586   oled.o
         0          0       2349          0          0       1074   oled_data.o
       140         28          0          6         40       1733   power.o
       298         24          0         12          0       4398   qmc5883p.o
        64         26        236          0       1536        812   startup_stm32f103xb.o
       128         24          0         12          0       5313   stm32f1xx_hal.o
      1134         56          0          0          0       8554   stm32f1xx_hal_adc.o
       216          6          0          0          0       1438   stm32f1xx_hal_adc_ex.o
       198         14          0          0          0      28955   stm32f1xx_hal_cortex.o
       586         32          0          0          0       3607   stm32f1xx_hal_dma.o
       500         34          0          0          0       3519   stm32f1xx_hal_gpio.o
        60          8          0          0          0        878   stm32f1xx_hal_msp.o
      1208         72         18          0          0       4561   stm32f1xx_hal_rcc.o
       400         28         18          0          0       2477   stm32f1xx_hal_rcc_ex.o
      1338         44          0          0          0      12380   stm32f1xx_hal_tim.o
       188         12          0          0          0       2148   stm32f1xx_hal_tim_ex.o
        32          6          0          0          0       4341   stm32f1xx_it.o
         2          0         24          4          0       1119   system_stm32f1xx.o
       368         34          0          0         72       2396   tim.o

    ----------------------------------------------------------------------
     11728        794       2680         80       2812     569655   Object Totals
         0          0         32          0          0          0   (incl. Generated)
        28          0          3          2          0          0   (incl. Padding)

    ----------------------------------------------------------------------

      Code (inc. data)   RO Data    RW Data    ZI Data      Debug   Library Member Name

         8          0          0          0          0         68   __main.o
       392          4         17          0          0         92   __printf_flags_ss_wp.o
        14          0          0          0          0         68   __printf_wp.o
         0          0          0          0          0          0   __rtentry.o
        12          0          0          0          0          0   __rtentry2.o
         6          0          0          0          0          0   __rtentry4.o
        52          8          0          0          0          0   __scatter.o
        26          0          0          0          0          0   __scatter_copy.o
        28          0          0          0          0          0   __scatter_zi.o
         6          0          0          0          0          0   _printf_a.o
         6          0          0          0          0          0   _printf_c.o
        44          0          0          0          0        108   _printf_char.o
        48          6          0          0          0         96   _printf_char_common.o
        40          0          0          0          0         68   _printf_charcount.o
         6          0          0          0          0          0   _printf_d.o
       120         16          0          0          0         92   _printf_dec.o
         6          0          0          0          0          0   _printf_e.o
         6          0          0          0          0          0   _printf_f.o
      1054          0          0          0          0        216   _printf_fp_dec.o
       764          8         38          0          0        100   _printf_fp_hex.o
       128         16          0          0          0         84   _printf_fp_infnan.o
         6          0          0          0          0          0   _printf_g.o
       148          4         40          0          0        160   _printf_hex_int_ll_ptr.o
         6          0          0          0          0          0   _printf_i.o
       178          0          0          0          0         88   _printf_intcommon.o
        10          0          0          0          0          0   _printf_l.o
         6          0          0          0          0          0   _printf_lc.o
        10          0          0          0          0          0   _printf_ll.o
         6          0          0          0          0          0   _printf_lld.o
         6          0          0          0          0          0   _printf_lli.o
         6          0          0          0          0          0   _printf_llo.o
         6          0          0          0          0          0   _printf_llu.o
         6          0          0          0          0          0   _printf_llx.o
       124         16          0          0          0         92   _printf_longlong_dec.o
         6          0          0          0          0          0   _printf_ls.o
         6          0          0          0          0          0   _printf_n.o
         6          0          0          0          0          0   _printf_o.o
       112         10          0          0          0        124   _printf_oct_int_ll.o
         6          0          0          0          0          0   _printf_p.o
        78          0          0          0          0        108   _printf_pad.o
         0          0          0          0          0          0   _printf_percent.o
         4          0          0          0          0          0   _printf_percent_end.o
         6          0          0          0          0          0   _printf_s.o
        82          0          0          0          0         80   _printf_str.o
        36          0          0          0          0         84   _printf_truncate.o
         6          0          0          0          0          0   _printf_u.o
        44          0          0          0          0        108   _printf_wchar.o
       188          6          8          0          0         92   _printf_wctomb.o
         6          0          0          0          0          0   _printf_x.o
        10          0          0          0          0         68   _sputc.o
        64          0          0          0          0         92   _wcrtomb.o
       228          4        148          0          0         96   bigflt0.o
      1936        128          0          0          0        672   btod.o
        18          0          0          0          0         80   exit.o
         6          0          0          0          0        152   heapauxi.o
         0          0          0          0          0          0   indicate_semi.o
        44         10        272          0          0         76   lc_ctype_c.o
        44         10         28          0          0         76   lc_numeric_c.o
         2          0          0          0          0          0   libinit.o
        30          0          0          0          0          0   libinit2.o
         2          0          0          0          0          0   libshutdown.o
         2          0          0          0          0          0   libshutdown2.o
         8          4          0          0         96         68   libspace.o
       138          0          0          0          0         80   lludiv10.o
        16          4          0          0          0         76   rt_ctype_table.o
         8          4          0          0          0         68   rt_locale_intlibspace.o
        78          0          0          0          0         80   rt_memclr_w.o
         2          0          0          0          0          0   rtexit.o
        10          0          0          0          0          0   rtexit2.o
       128          0          0          0          0         68   strcmpv7m.o
        12          4          0          0          0         68   sys_exit.o
        74          0          0          0          0         80   sys_stackheap_outer.o
         2          0          0          0          0         68   use_no_semi.o
        36          4          0          0          0         76   vsprintf.o
        98          4          0          0          0         92   d2f.o
       826         16          0          0          0        348   daddsub_clz.o
        16          4          0          0          0         68   dcheck1.o
        24          0          0          0          0         68   dcmpi.o
       688        140          0          0          0        208   ddiv.o
       120          4          0          0          0         92   deqf.o
        94          4          0          0          0         92   dfix.o
        84          0          0          0          0        136   dflt_clz.o
       340         12          0          0          0        104   dmul.o
       156          4          0          0          0         92   dnaninf.o
        12          0          0          0          0         68   dretinf.o
        86          4          0          0          0         84   f2d.o
        12          4          0          0          0         68   fcheck1.o
       388         76          0          0          0         96   fdiv.o
        54          4          0          0          0         84   ffix.o
        86          0          0          0          0        136   fflt_clz.o
       258          4          0          0          0         84   fmul.o
       140          4          0          0          0         84   fnaninf.o
        10          0          0          0          0         68   fretinf.o
         4          0          0          0          0         68   printf1.o
         4          0          0          0          0         68   printf2.o
       100          0          0          0          0         68   retnan.o
        92          0          0          0          0         68   scalbn.o
        76          0          0          0          0         68   scalbnf.o
        48          0          0          0          0         68   trapv.o
         0          0          0          0          0          0   usenofp.o
        40          0          0          0          0         68   fpclassify.o

    ----------------------------------------------------------------------
     10656        550        552          0        100       6520   Library Totals
        32          0          1          0          4          0   (incl. Padding)

    ----------------------------------------------------------------------

      Code (inc. data)   RO Data    RW Data    ZI Data      Debug   Library Name

      6768        266        551          0         96       3972   c_w.l
      3816        284          0          0          0       2480   fz_ws.l
        40          0          0          0          0         68   m_ws.l

    ----------------------------------------------------------------------
     10656        550        552          0        100       6520   Library Totals

    ----------------------------------------------------------------------

==============================================================================


      Code (inc. data)   RO Data    RW Data    ZI Data      Debug   

     22384       1344       3232         80       2912     565459   Grand Totals
     22384       1344       3232         80       2912     565459   ELF Image Totals
     22384       1344       3232         80          0          0   ROM Totals

==============================================================================

    Total RO  Size (Code + RO Data)                25616 (  25.02kB)
    Total RW  Size (RW Data + ZI Data)              2992 (   2.92kB)
    Total ROM Size (Code + RO Data + RW Data)      25696 (  25.09kB)

==============================================================================

